Test Case '-[converterTests.PipelineIntegrationTests testFullAudioPreparationPreservesMP3SourceLoudnessEvenIfMasteringConfigIsEnabled]' started.
Test Case '-[converterTests.PipelineIntegrationTests testFullAudioPreparationPreservesMP3SourceLoudnessEvenIfMasteringConfigIsEnabled]' passed (6.131 seconds).
Test Case '-[converterTests.PipelineIntegrationTests testFullAudioPreparationPreservesOriginalWAVForExternalFLACVariants]' started.
Test Case '-[converterTests.PipelineIntegrationTests testFullAudioPreparationPreservesOriginalWAVForExternalFLACVariants]' passed (6.178 seconds).
Test Case '-[converterTests.PipelineIntegrationTests testFullPipelineProducesExpectedOutputsAndLeavesNoScopedTemps]' started.
Test Case '-[converterTests.PipelineIntegrationTests testFullPipelineProducesExpectedOutputsAndLeavesNoScopedTemps]' passed (23.066 seconds).
Test Case '-[converterTests.PipelineIntegrationTests testFullPipelineProducesFullSongShortForLongSourceAudio]' started.
Test Case '-[converterTests.PipelineIntegrationTests testFullPipelineProducesFullSongShortForLongSourceAudio]' passed (117.948 seconds).
Test Case '-[converterTests.PipelineIntegrationTests testFullPipelineUsesNamedHorizontalAndVertical8KPNGs]' started.
Test Case '-[converterTests.PipelineIntegrationTests testFullPipelineUsesNamedHorizontalAndVertical8KPNGs]' passed (19.030 seconds).
Test Case '-[converterTests.PipelineIntegrationTests testFullRunNeverOverwritesItsMP3Source]' started.
Test Case '-[converterTests.PipelineIntegrationTests testFullRunNeverOverwritesItsMP3Source]' passed (20.364 seconds).
Test Case '-[converterTests.PipelineIntegrationTests testFullRunNeverOverwritesItsWAVSource]' started.
Test Case '-[converterTests.PipelineIntegrationTests testFullRunNeverOverwritesItsWAVSource]' passed (18.982 seconds).
	 Executed 7 tests, with 0 failures (0 unexpected) in 211.699 (211.702) seconds
Test Case '-[converterTests.converterTests testArchivalSuffixOnlySkipsAudioThatSitsBesideItsSource]' started.
Test Case '-[converterTests.converterTests testArchivalSuffixOnlySkipsAudioThatSitsBesideItsSource]' passed (0.004 seconds).
Test Case '-[converterTests.converterTests testAudioConversionRefusesToWriteOverItsSource]' started.
Test Case '-[converterTests.converterTests testAudioConversionRefusesToWriteOverItsSource]' passed (0.007 seconds).
Test Case '-[converterTests.converterTests testFullRunRenamesItsSourceAudioToOneSource]' started.
Test Case '-[converterTests.converterTests testFullRunRenamesItsSourceAudioToOneSource]' passed (0.006 seconds).
Test Case '-[converterTests.converterTests testMissingSourceAudioErrorNamesWhatWasSkipped]' started.
Test Case '-[converterTests.converterTests testMissingSourceAudioErrorNamesWhatWasSkipped]' passed (0.002 seconds).
Test Case '-[converterTests.converterTests testResolveFullAudioPrefersHighestQualitySameStemSource]' started.
Test Case '-[converterTests.converterTests testResolveFullAudioPrefersHighestQualitySameStemSource]' passed (0.004 seconds).
	 Executed 5 tests, with 0 failures (0 unexpected) in 0.023 (0.024) seconds
	 Executed 12 tests, with 0 failures (0 unexpected) in 211.722 (211.726) seconds
	 Executed 12 tests, with 0 failures (0 unexpected) in 211.722 (211.739) seconds
