Building for debugging...
[0/5] Write sources
[1/5] Write swift-version--58304C5D6DBC2206.txt
[3/6] Emitting module converterTests
[4/6] Compiling converterTests PipelineIntegrationTests.swift
/Users/andreborchert/Library/CloudStorage/Dropbox/Coding/Converter/Sources/Tests/converterTests/PipelineIntegrationTests.swift:34:55: warning: use of protocol 'Error' as a type must be written 'any Error'; this will be an error in a future Swift language mode [#ExistentialAny]
  32 |         let runner = workspace.runner()
  33 |         let semaphore = DispatchSemaphore(value: 0)
  34 |         let outcome = ResultBox<Result<ProcessResult, Error>>()
     |                                                       `- warning: use of protocol 'Error' as a type must be written 'any Error'; this will be an error in a future Swift language mode [#ExistentialAny]
  35 | 
  36 |         DispatchQueue.global(qos: .userInitiated).async {

/Users/andreborchert/Library/CloudStorage/Dropbox/Coding/Converter/Sources/Tests/converterTests/PipelineIntegrationTests.swift:1957:13: warning: initialization of immutable value 'wav' was never used; consider replacing with assignment to '_' or removing it [#no-usage]
1955 |                 "\nMASTERING_TARGET_LUFS=-40\n"
1956 |         )
1957 |         let wav = try workspace.createAudio(name: "needs_master", ext: "wav", duration: 4.5)
     |             `- warning: initialization of immutable value 'wav' was never used; consider replacing with assignment to '_' or removing it [#no-usage]
1958 |         let tool = try workspace.makeTool(arguments: ["-master"])
1959 | 

[#ExistentialAny]: <https://docs.swift.org/compiler/documentation/diagnostics/existential-any>
[5/6] Compiling converterTests converterTests.swift
[5/7] Write Objects.LinkFileList
[6/7] Linking converterPackageTests
Build complete! (4.45s)
Test Suite 'Selected tests' started at 2026-09-13 13:23:14.491.
Test Suite 'converterPackageTests.xctest' started at 2026-09-13 13:23:14.509.
Test Suite 'converterTests' started at 2026-09-13 13:23:14.509.
Test Case '-[converterTests.converterTests testAudioConversionRefusesToWriteOverItsSource]' started.
/Users/andreborchert/Library/CloudStorage/Dropbox/Coding/Converter/Sources/Tests/converterTests/converterTests.swift:1564: error: -[converterTests.converterTests testAudioConversionRefusesToWriteOverItsSource] : XCTAssertTrue failed - Command failed: /opt/homebrew/bin/ffprobe -v error -show_entries format=format_name -of default=nw=1:nk=1 /var/folders/gd/71hcflq91rj3skfxfh5ldccc0000gn/T/0ECCB711-8991-42CD-AB83-8B3F3FF15AB8/1.mp3 | /var/folders/gd/71hcflq91rj3skfxfh5ldccc0000gn/T/0ECCB711-8991-42CD-AB83-8B3F3FF15AB8/1.mp3: Invalid data found when processing input
Test Case '-[converterTests.converterTests testAudioConversionRefusesToWriteOverItsSource]' failed (0.329 seconds).
Test Suite 'converterTests' failed at 2026-09-13 13:23:14.839.
	 Executed 1 test, with 1 failure (0 unexpected) in 0.329 (0.329) seconds
Test Suite 'converterPackageTests.xctest' failed at 2026-09-13 13:23:14.839.
	 Executed 1 test, with 1 failure (0 unexpected) in 0.329 (0.329) seconds
Test Suite 'Selected tests' failed at 2026-09-13 13:23:14.839.
	 Executed 1 test, with 1 failure (0 unexpected) in 0.329 (0.348) seconds
􀟈  Test run started.
􀄵  Testing Library Version: 1902
􀄵  Target Platform: arm64e-apple-macos14.0
􁁛  Test run with 0 tests in 0 suites passed after 0.001 seconds.
Building for debugging...
[0/4] Write swift-version--58304C5D6DBC2206.txt
Build complete! (0.25s)
Test Suite 'Selected tests' started at 2026-09-13 13:23:27.933.
Test Suite 'converterPackageTests.xctest' started at 2026-09-13 13:23:27.985.
Test Suite 'PipelineIntegrationTests' started at 2026-09-13 13:23:27.985.
Test Case '-[converterTests.PipelineIntegrationTests testFullRunNeverOverwritesItsMP3Source]' started.
[2026-09-13 13:23:28] [converterTests] [INFO] Profile: youtube_master
[2026-09-13 13:23:28] [converterTests] [INFO] Scheduler profile: total=3 image=2 audio=2 video=1
[2026-09-13 13:23:28] [converterTests] [INFO] Full pipeline start
[2026-09-13 13:23:28] [converterTests] [INFO] Source audio renamed: track.mp3 -> 1.mp3
[2026-09-13 13:23:28] [converterTests] [INFO] Source audio: 1.mp3
[2026-09-13 13:23:28] [converterTests] [INFO] Full step: PNG variants
[2026-09-13 13:23:28] [converterTests] [INFO] Created 8K PNG: 1_8K.png
[2026-09-13 13:23:28] [converterTests] [INFO] Created 4K PNG: 1_4K.png
[2026-09-13 13:23:28] [converterTests] [INFO] Full step: NFT assets
[2026-09-13 13:23:28] [converterTests] [INFO] Full step: 2K PNG
[2026-09-13 13:23:28] [converterTests] [INFO] Created 2K PNG: 1_2K.png
[2026-09-13 13:23:28] [converterTests] [INFO] Full step: 3K PNG
[2026-09-13 13:23:28] [converterTests] [INFO] Created 3K PNG: 1_3K.png
[2026-09-13 13:23:28] [converterTests] [INFO] Full step: 3K JPG deliverables
[2026-09-13 13:23:28] [converterTests] [INFO] Created NFT set: 1
[2026-09-13 13:23:28] [converterTests] [INFO] Full step: 8K JPG deliverables
[2026-09-13 13:23:28] [converterTests] [INFO] Created 1MB JPG: 1_3K_1MB.jpg
[2026-09-13 13:23:29] [converterTests] [INFO] Created 1MB JPG: 1_8K_1MB.jpg
[2026-09-13 13:23:29] [converterTests] [INFO] Created 5MB JPG: 1_3K_5MB.jpg
[2026-09-13 13:23:29] [converterTests] [INFO] Created 2MB JPG: 1_8K_2MB.jpg
[2026-09-13 13:23:29] [converterTests] [INFO] Created 20MB JPG: 1_8K_20MB.jpg
[2026-09-13 13:23:29] [converterTests] [INFO] Created WAV: 1.wav
[2026-09-13 13:23:29] [converterTests] [INFO] Full step: external RF64/BW64 audio deliverables
[2026-09-13 13:23:31] [converterTests] [INFO] Created external FLAC: 1_RF64.flac
[2026-09-13 13:23:32] [converterTests] [INFO] Created external WAV: 1_RF64.wav
[2026-09-13 13:23:33] [converterTests] [INFO] Created external BW64 WAV: 1_BW64.wav
[2026-09-13 13:23:33] [converterTests] [INFO] Full step: rebuild MP3 to configured standard
[2026-09-13 13:23:35] [converterTests] [INFO] Created M4A: 1.m4a
[2026-09-13 13:23:35] [converterTests] [INFO] Created MP3: 1.mp3
[2026-09-13 13:23:35] [converterTests] [INFO] Full step: M4A -> MP4
[2026-09-13 13:23:35] [converterTests] [INFO] Main video encoders: hevc_videotoolbox, libx264
[2026-09-13 13:23:38] [converterTests] [INFO] Created MP4: 1_8K.mp4 [encoder=hevc_videotoolbox]
[2026-09-13 13:23:38] [converterTests] [INFO] Full step: portrait short stills
[2026-09-13 13:23:38] [converterTests] [INFO] Created portrait still: 1_Short_8K.png
[2026-09-13 13:23:38] [converterTests] [INFO] Created 1MB JPG: 1_Short_8K_1MB.jpg
[2026-09-13 13:23:38] [converterTests] [INFO] Created 2MB JPG: 1_Short_8K_2MB.jpg
[2026-09-13 13:23:38] [converterTests] [INFO] Created portrait still: 1_Short_CenterCut_8K.png
[2026-09-13 13:23:38] [converterTests] [INFO] Created 1MB JPG: 1_Short_CenterCut_8K_1MB.jpg
[2026-09-13 13:23:39] [converterTests] [INFO] Created 2MB JPG: 1_Short_CenterCut_8K_2MB.jpg
[2026-09-13 13:23:39] [converterTests] [INFO] Full step: PNG -> Short: 1_Short_8K.png
[2026-09-13 13:23:39] [converterTests] [INFO] Short video encoders: libx264, h264_videotoolbox
[2026-09-13 13:23:41] [converterTests] [INFO] Created portrait short MP4: 1_8K_Short.mp4 [encoder=libx264]
[2026-09-13 13:23:41] [converterTests] [INFO] Short video encoders: libx264, h264_videotoolbox
[2026-09-13 13:23:43] [converterTests] [INFO] Created portrait short MP4: 1_8K_Short_FullSong.mp4 [encoder=libx264]
[2026-09-13 13:23:43] [converterTests] [INFO] Short video encoders: libx264, h264_videotoolbox
[2026-09-13 13:23:45] [converterTests] [INFO] Created portrait short MP4 (centre cut): 1_8K_Short_CenterCut.mp4 [encoder=libx264]
[2026-09-13 13:23:45] [converterTests] [INFO] Short video encoders: libx264, h264_videotoolbox
[2026-09-13 13:23:47] [converterTests] [INFO] Created portrait short MP4 (centre cut): 1_8K_Short_FullSong_CenterCut.mp4 [encoder=libx264]
[2026-09-13 13:23:47] [converterTests] [INFO] Full pipeline complete
/Users/andreborchert/Library/CloudStorage/Dropbox/Coding/Converter/Sources/Tests/converterTests/PipelineIntegrationTests.swift:2137: error: -[converterTests.PipelineIntegrationTests testFullRunNeverOverwritesItsMP3Source] : XCTAssertTrue failed - source must survive as 1_source.mp3
/Users/andreborchert/Library/CloudStorage/Dropbox/Coding/Converter/Sources/Tests/converterTests/PipelineIntegrationTests.swift:2138: error: -[converterTests.PipelineIntegrationTests testFullRunNeverOverwritesItsMP3Source] : XCTAssertEqual failed: threw error "Error Domain=NSCocoaErrorDomain Code=4 "The file “1_source.mp3” doesn’t exist." UserInfo={NSFilePath=/var/folders/gd/71hcflq91rj3skfxfh5ldccc0000gn/T/converter-tests.ACFE6C5E-4AC3-4CAC-8BCE-AA1BB6AE3363/Output/1_source.mp3, NSUnderlyingError=0x7a9435290 {Error Domain=NSPOSIXErrorDomain Code=2 "No such file or directory"}}" - source bytes must be untouched
Test Case '-[converterTests.PipelineIntegrationTests testFullRunNeverOverwritesItsMP3Source]' failed (20.988 seconds).
Test Case '-[converterTests.PipelineIntegrationTests testFullRunNeverOverwritesItsWAVSource]' started.
[2026-09-13 13:23:49] [converterTests] [INFO] Profile: youtube_master
[2026-09-13 13:23:49] [converterTests] [INFO] Scheduler profile: total=3 image=2 audio=2 video=1
[2026-09-13 13:23:49] [converterTests] [INFO] Full pipeline start
[2026-09-13 13:23:49] [converterTests] [INFO] Source audio renamed: track.wav -> 1.wav
[2026-09-13 13:23:49] [converterTests] [INFO] Source audio: 1.wav
[2026-09-13 13:23:49] [converterTests] [INFO] Full step: PNG variants
[2026-09-13 13:23:49] [converterTests] [INFO] Created 8K PNG: 1_8K.png
[2026-09-13 13:23:49] [converterTests] [INFO] Created 4K PNG: 1_4K.png
[2026-09-13 13:23:49] [converterTests] [INFO] Full step: NFT assets
[2026-09-13 13:23:49] [converterTests] [INFO] Full step: 2K PNG
[2026-09-13 13:23:49] [converterTests] [INFO] Full step: external RF64/BW64 audio deliverables
[2026-09-13 13:23:49] [converterTests] [INFO] Normalize WAV: 1.wav
[2026-09-13 13:23:49] [converterTests] [INFO] Created 2K PNG: 1_2K.png
[2026-09-13 13:23:49] [converterTests] [INFO] Full step: 3K PNG
[2026-09-13 13:23:49] [converterTests] [INFO] Created 3K PNG: 1_3K.png
[2026-09-13 13:23:49] [converterTests] [INFO] Full step: 3K JPG deliverables
[2026-09-13 13:23:49] [converterTests] [INFO] Created NFT set: 1
[2026-09-13 13:23:49] [converterTests] [INFO] Full step: 8K JPG deliverables
[2026-09-13 13:23:49] [converterTests] [INFO] Created 1MB JPG: 1_3K_1MB.jpg
[2026-09-13 13:23:50] [converterTests] [INFO] Created 1MB JPG: 1_8K_1MB.jpg
[2026-09-13 13:23:50] [converterTests] [INFO] Created 5MB JPG: 1_3K_5MB.jpg
[2026-09-13 13:23:50] [converterTests] [INFO] Created 2MB JPG: 1_8K_2MB.jpg
[2026-09-13 13:23:50] [converterTests] [INFO] Created 20MB JPG: 1_8K_20MB.jpg
[2026-09-13 13:23:51] [converterTests] [INFO] Created external FLAC: 1_RF64.flac
[2026-09-13 13:23:51] [converterTests] [INFO] Created external WAV: 1_RF64.wav
[2026-09-13 13:23:52] [converterTests] [INFO] Created external BW64 WAV: 1_BW64.wav
[2026-09-13 13:23:55] [converterTests] [INFO] Created MP3: 1.mp3
[2026-09-13 13:23:55] [converterTests] [INFO] Created M4A: 1.m4a
[2026-09-13 13:23:55] [converterTests] [INFO] Full step: M4A -> MP4
[2026-09-13 13:23:55] [converterTests] [INFO] Main video encoders: hevc_videotoolbox, libx264
[2026-09-13 13:23:58] [converterTests] [INFO] Created MP4: 1_8K.mp4 [encoder=hevc_videotoolbox]
[2026-09-13 13:23:58] [converterTests] [INFO] Full step: portrait short stills
[2026-09-13 13:23:58] [converterTests] [INFO] Created portrait still: 1_Short_8K.png
[2026-09-13 13:23:59] [converterTests] [INFO] Created 1MB JPG: 1_Short_8K_1MB.jpg
[2026-09-13 13:23:59] [converterTests] [INFO] Created 2MB JPG: 1_Short_8K_2MB.jpg
[2026-09-13 13:23:59] [converterTests] [INFO] Created portrait still: 1_Short_CenterCut_8K.png
[2026-09-13 13:23:59] [converterTests] [INFO] Created 1MB JPG: 1_Short_CenterCut_8K_1MB.jpg
[2026-09-13 13:23:59] [converterTests] [INFO] Created 2MB JPG: 1_Short_CenterCut_8K_2MB.jpg
[2026-09-13 13:23:59] [converterTests] [INFO] Full step: PNG -> Short: 1_Short_8K.png
[2026-09-13 13:23:59] [converterTests] [INFO] Short video encoders: libx264, h264_videotoolbox
[2026-09-13 13:24:02] [converterTests] [INFO] Created portrait short MP4: 1_8K_Short.mp4 [encoder=libx264]
[2026-09-13 13:24:02] [converterTests] [INFO] Short video encoders: libx264, h264_videotoolbox
[2026-09-13 13:24:04] [converterTests] [INFO] Created portrait short MP4: 1_8K_Short_FullSong.mp4 [encoder=libx264]
[2026-09-13 13:24:04] [converterTests] [INFO] Short video encoders: libx264, h264_videotoolbox
[2026-09-13 13:24:06] [converterTests] [INFO] Created portrait short MP4 (centre cut): 1_8K_Short_CenterCut.mp4 [encoder=libx264]
[2026-09-13 13:24:07] [converterTests] [INFO] Short video encoders: libx264, h264_videotoolbox
[2026-09-13 13:24:08] [converterTests] [INFO] Created portrait short MP4 (centre cut): 1_8K_Short_FullSong_CenterCut.mp4 [encoder=libx264]
[2026-09-13 13:24:08] [converterTests] [INFO] Full pipeline complete
/Users/andreborchert/Library/CloudStorage/Dropbox/Coding/Converter/Sources/Tests/converterTests/PipelineIntegrationTests.swift:2162: error: -[converterTests.PipelineIntegrationTests testFullRunNeverOverwritesItsWAVSource] : XCTAssertTrue failed - source must survive as 1_source.wav
/Users/andreborchert/Library/CloudStorage/Dropbox/Coding/Converter/Sources/Tests/converterTests/PipelineIntegrationTests.swift:2163: error: -[converterTests.PipelineIntegrationTests testFullRunNeverOverwritesItsWAVSource] : XCTAssertEqual failed: threw error "Error Domain=NSCocoaErrorDomain Code=4 "The file “1_source.wav” doesn’t exist." UserInfo={NSFilePath=/var/folders/gd/71hcflq91rj3skfxfh5ldccc0000gn/T/converter-tests.3B9BF0C9-D39C-4AF7-88C6-7AE7FE76C176/Output/1_source.wav, NSUnderlyingError=0x7a9434ff0 {Error Domain=NSPOSIXErrorDomain Code=2 "No such file or directory"}}" - source bytes must be untouched
/Users/andreborchert/Library/CloudStorage/Dropbox/Coding/Converter/Sources/converter/PipelineCore.swift:423: error: -[converterTests.PipelineIntegrationTests testFullRunNeverOverwritesItsWAVSource] : failed: caught error: "Error Domain=NSCocoaErrorDomain Code=260 "The file “1_source.wav” couldn’t be opened because there is no such file." UserInfo={NSURL=file:///var/folders/gd/71hcflq91rj3skfxfh5ldccc0000gn/T/converter-tests.3B9BF0C9-D39C-4AF7-88C6-7AE7FE76C176/Output/1_source.wav, NSFilePath=/var/folders/gd/71hcflq91rj3skfxfh5ldccc0000gn/T/converter-tests.3B9BF0C9-D39C-4AF7-88C6-7AE7FE76C176/Output/1_source.wav, NSUnderlyingError=0x7a8776820 {Error Domain=NSPOSIXErrorDomain Code=2 "No such file or directory"}}"
Test Case '-[converterTests.PipelineIntegrationTests testFullRunNeverOverwritesItsWAVSource]' failed (19.311 seconds).
Test Suite 'PipelineIntegrationTests' failed at 2026-09-13 13:24:08.284.
	 Executed 2 tests, with 5 failures (3 unexpected) in 40.298 (40.300) seconds
Test Suite 'converterPackageTests.xctest' failed at 2026-09-13 13:24:08.284.
	 Executed 2 tests, with 5 failures (3 unexpected) in 40.298 (40.300) seconds
Test Suite 'Selected tests' failed at 2026-09-13 13:24:08.284.
	 Executed 2 tests, with 5 failures (3 unexpected) in 40.298 (40.351) seconds
􀟈  Test run started.
􀄵  Testing Library Version: 1902
􀄵  Target Platform: arm64e-apple-macos14.0
􁁛  Test run with 0 tests in 0 suites passed after 0.001 seconds.
