Test Case '-[converterTests.PipelineIntegrationTests testAlbumBuildAcceptsNonStandardRIFFWavInputs]' started.
Test Case '-[converterTests.PipelineIntegrationTests testAlbumBuildAcceptsNonStandardRIFFWavInputs]' passed (2.134 seconds).
Test Case '-[converterTests.PipelineIntegrationTests testAlbumBuildFromAlbumFileCreatesVerifiedRF64Wave]' started.
Test Case '-[converterTests.PipelineIntegrationTests testAlbumBuildFromAlbumFileCreatesVerifiedRF64Wave]' passed (2.087 seconds).
Test Case '-[converterTests.PipelineIntegrationTests testAlbumFileSkipsMissingTracksAndKeepsListedOrder]' started.
Test Case '-[converterTests.PipelineIntegrationTests testAlbumFileSkipsMissingTracksAndKeepsListedOrder]' passed (2.063 seconds).
Test Case '-[converterTests.PipelineIntegrationTests testAlbumPipelineSortsMixedAudioNormalizesAndContinuesFullRun]' started.
Test Case '-[converterTests.PipelineIntegrationTests testAlbumPipelineSortsMixedAudioNormalizesAndContinuesFullRun]' passed (25.143 seconds).
Test Case '-[converterTests.PipelineIntegrationTests testAlbumRunKeepsOutputFileForTheAlbumWAVOnly]' started.
Test Case '-[converterTests.PipelineIntegrationTests testAlbumRunKeepsOutputFileForTheAlbumWAVOnly]' passed (17.876 seconds).
Test Case '-[converterTests.PipelineIntegrationTests testVisualSubsCreatesVerifiedPNGViaPublishedOutput]' started.
Test Case '-[converterTests.PipelineIntegrationTests testVisualSubsCreatesVerifiedPNGViaPublishedOutput]' passed (0.376 seconds).
Test Case '-[converterTests.PipelineIntegrationTests testVisualSubsReservesCenterMarkerAgainstRandomDots]' started.
Test Case '-[converterTests.PipelineIntegrationTests testVisualSubsReservesCenterMarkerAgainstRandomDots]' passed (0.301 seconds).
	 Executed 7 tests, with 0 failures (0 unexpected) in 49.980 (49.982) seconds
Test Case '-[converterTests.converterTests testAlbumActionParsesAndSortsNaturallyIgnoringExtension]' started.
Test Case '-[converterTests.converterTests testAlbumActionParsesAndSortsNaturallyIgnoringExtension]' passed (0.004 seconds).
Test Case '-[converterTests.converterTests testAlbumFileFlagRejectionNamesAlbumTxtAndDirectoryCommands]' started.
Test Case '-[converterTests.converterTests testAlbumFileFlagRejectionNamesAlbumTxtAndDirectoryCommands]' passed (0.001 seconds).
Test Case '-[converterTests.converterTests testHelpTextDistinguishesAlbumTxtAndDirectoryAlbumBuilds]' started.
Test Case '-[converterTests.converterTests testHelpTextDistinguishesAlbumTxtAndDirectoryAlbumBuilds]' passed (0.001 seconds).
Test Case '-[converterTests.converterTests testOutputFileIsOnlyAcceptedBySingleOutputActions]' started.
Test Case '-[converterTests.converterTests testOutputFileIsOnlyAcceptedBySingleOutputActions]' passed (0.000 seconds).
	 Executed 4 tests, with 0 failures (0 unexpected) in 0.006 (0.006) seconds
	 Executed 11 tests, with 0 failures (0 unexpected) in 49.986 (49.988) seconds
	 Executed 11 tests, with 0 failures (0 unexpected) in 49.986 (49.999) seconds
