[0/1] Planning build
Building for debugging...
[0/5] Write sources
[1/5] Write swift-version--58304C5D6DBC2206.txt
[3/6] Compiling converterTests converterTests.swift
[4/6] Emitting module converterTests
[5/6] Compiling converterTests PipelineIntegrationTests.swift
/Users/andreborchert/Library/CloudStorage/Dropbox/Coding/Converter/Sources/Tests/converterTests/PipelineIntegrationTests.swift:34:55: warning: use of protocol 'Error' as a type must be written 'any Error'; this will be an error in a future Swift language mode [#ExistentialAny]
  32 |         let runner = workspace.runner()
  33 |         let semaphore = DispatchSemaphore(value: 0)
  34 |         let outcome = ResultBox<Result<ProcessResult, Error>>()
     |                                                       `- warning: use of protocol 'Error' as a type must be written 'any Error'; this will be an error in a future Swift language mode [#ExistentialAny]
  35 | 
  36 |         DispatchQueue.global(qos: .userInitiated).async {

/Users/andreborchert/Library/CloudStorage/Dropbox/Coding/Converter/Sources/Tests/converterTests/PipelineIntegrationTests.swift:1963:13: warning: initialization of immutable value 'wav' was never used; consider replacing with assignment to '_' or removing it [#no-usage]
1961 |                 "\nMASTERING_TARGET_LUFS=-40\n"
1962 |         )
1963 |         let wav = try workspace.createAudio(name: "needs_master", ext: "wav", duration: 4.5)
     |             `- warning: initialization of immutable value 'wav' was never used; consider replacing with assignment to '_' or removing it [#no-usage]
1964 |         let tool = try workspace.makeTool(arguments: ["-master"])
1965 | 

[#ExistentialAny]: <https://docs.swift.org/compiler/documentation/diagnostics/existential-any>
[5/7] Write Objects.LinkFileList
[6/7] Linking converterPackageTests
Build complete! (2.97s)
Test Suite 'Selected tests' started at 2026-09-13 13:46:06.618.
Test Suite 'converterPackageTests.xctest' started at 2026-09-13 13:46:06.627.
Test Suite 'PipelineIntegrationTests' started at 2026-09-13 13:46:06.627.
Test Case '-[converterTests.PipelineIntegrationTests testAlbumRunKeepsOutputFileForTheAlbumWAVOnly]' started.
[2026-09-13 13:46:06] [converterTests] [INFO] Profile: youtube_master
[2026-09-13 13:46:06] [converterTests] [INFO] Scheduler profile: total=3 image=2 audio=2 video=1
[2026-09-13 13:46:06] [converterTests] [INFO] Album pipeline start
[2026-09-13 13:46:06] [converterTests] [INFO] Album track order: 01.wav, 02.wav
[2026-09-13 13:46:06] [converterTests] [INFO] Album loudness normalize 1/2: 01.wav
[2026-09-13 13:46:07] [converterTests] [INFO] Album track ready: 01.wav [integrated=-12.05 LUFS]
[2026-09-13 13:46:08] [converterTests] [INFO] Album loudness normalize 2/2: 02.wav
[2026-09-13 13:46:08] [converterTests] [INFO] Album track ready: 02.wav [integrated=-11.95 LUFS]
[2026-09-13 13:46:09] [converterTests] [INFO] Created album WAV: /var/folders/gd/71hcflq91rj3skfxfh5ldccc0000gn/T/converter-tests.CB22FD58-97DD-494E-96D7-A92CFE0F14D9/Output/MyAlbum.wav
[2026-09-13 13:46:09] [converterTests] [INFO] Album source audio: MyAlbum.wav
[2026-09-13 13:46:09] [converterTests] [INFO] Full step: PNG variants
[2026-09-13 13:46:09] [converterTests] [INFO] Created 8K PNG: MyAlbum_8K.png
[2026-09-13 13:46:09] [converterTests] [INFO] Created 4K PNG: MyAlbum_4K.png
[2026-09-13 13:46:09] [converterTests] [INFO] Full step: NFT assets
[2026-09-13 13:46:09] [converterTests] [INFO] Full step: 2K PNG
[2026-09-13 13:46:09] [converterTests] [INFO] Full step: external RF64/BW64 audio deliverables
[2026-09-13 13:46:09] [converterTests] [INFO] Created 2K PNG: MyAlbum_2K.png
[2026-09-13 13:46:09] [converterTests] [INFO] Full step: 3K PNG
[2026-09-13 13:46:09] [converterTests] [INFO] Created 3K PNG: MyAlbum_3K.png
[2026-09-13 13:46:09] [converterTests] [INFO] Full step: 3K JPG deliverables
[2026-09-13 13:46:09] [converterTests] [INFO] Created NFT set: MyAlbum
[2026-09-13 13:46:09] [converterTests] [INFO] Full step: 8K JPG deliverables
[2026-09-13 13:46:09] [converterTests] [INFO] Created 1MB JPG: MyAlbum_3K_1MB.jpg
[2026-09-13 13:46:09] [converterTests] [INFO] Created 1MB JPG: MyAlbum_8K_1MB.jpg
[2026-09-13 13:46:09] [converterTests] [INFO] Created 5MB JPG: MyAlbum_3K_5MB.jpg
[2026-09-13 13:46:09] [converterTests] [INFO] Created 2MB JPG: MyAlbum_8K_2MB.jpg
[2026-09-13 13:46:09] [converterTests] [INFO] Created 20MB JPG: MyAlbum_8K_20MB.jpg
[2026-09-13 13:46:09] [converterTests] [INFO] Created external FLAC: MyAlbum_RF64.flac
[2026-09-13 13:46:10] [converterTests] [INFO] Created external WAV: MyAlbum_RF64.wav
[2026-09-13 13:46:10] [converterTests] [INFO] Created external BW64 WAV: MyAlbum_BW64.wav
[2026-09-13 13:46:11] [converterTests] [INFO] Created MP3: MyAlbum.mp3
[2026-09-13 13:46:11] [converterTests] [INFO] Created M4A: MyAlbum.m4a
[2026-09-13 13:46:11] [converterTests] [INFO] Full step: M4A -> MP4
[2026-09-13 13:46:11] [converterTests] [INFO] Main video encoders: hevc_videotoolbox, libx264
[2026-09-13 13:46:13] [converterTests] [INFO] Created MP4: MyAlbum.wav [encoder=hevc_videotoolbox]
[2026-09-13 13:46:13] [converterTests] [INFO] Full step: portrait short stills
[2026-09-13 13:46:13] [converterTests] [INFO] Created portrait still: MyAlbum_Short_8K.png
[2026-09-13 13:46:13] [converterTests] [INFO] Created 1MB JPG: MyAlbum_Short_8K_1MB.jpg
[2026-09-13 13:46:13] [converterTests] [INFO] Created 2MB JPG: MyAlbum_Short_8K_2MB.jpg
[2026-09-13 13:46:13] [converterTests] [INFO] Created portrait still: MyAlbum_Short_CenterCut_8K.png
[2026-09-13 13:46:13] [converterTests] [INFO] Created 1MB JPG: MyAlbum_Short_CenterCut_8K_1MB.jpg
[2026-09-13 13:46:13] [converterTests] [INFO] Created 2MB JPG: MyAlbum_Short_CenterCut_8K_2MB.jpg
[2026-09-13 13:46:13] [converterTests] [INFO] Full step: PNG -> Short: MyAlbum_Short_8K.png
[2026-09-13 13:46:13] [converterTests] [INFO] Short video encoders: libx264, h264_videotoolbox
[2026-09-13 13:46:14] [converterTests] [INFO] Created portrait short MP4: MyAlbum_8K_Short.mp4 [encoder=libx264]
[2026-09-13 13:46:15] [converterTests] [INFO] Short video encoders: libx264, h264_videotoolbox
[2026-09-13 13:46:16] [converterTests] [INFO] Created portrait short MP4: MyAlbum_8K_Short_FullSong.mp4 [encoder=libx264]
[2026-09-13 13:46:16] [converterTests] [INFO] Short video encoders: libx264, h264_videotoolbox
[2026-09-13 13:46:18] [converterTests] [INFO] Created portrait short MP4 (centre cut): MyAlbum_8K_Short_CenterCut.mp4 [encoder=libx264]
[2026-09-13 13:46:18] [converterTests] [INFO] Short video encoders: libx264, h264_videotoolbox
[2026-09-13 13:46:20] [converterTests] [INFO] Created portrait short MP4 (centre cut): MyAlbum_8K_Short_FullSong_CenterCut.mp4 [encoder=libx264]
[2026-09-13 13:46:20] [converterTests] [INFO] Album pipeline complete
/Users/andreborchert/Library/CloudStorage/Dropbox/Coding/Converter/Sources/converter/ValidationPipeline.swift:668: error: -[converterTests.PipelineIntegrationTests testAlbumRunKeepsOutputFileForTheAlbumWAVOnly] : failed: caught error: "WAV format mismatch for /var/folders/gd/71hcflq91rj3skfxfh5ldccc0000gn/T/converter-tests.CB22FD58-97DD-494E-96D7-A92CFE0F14D9/Output/MyAlbum.wav (got='isom' expected='WAVE')"
Test Case '-[converterTests.PipelineIntegrationTests testAlbumRunKeepsOutputFileForTheAlbumWAVOnly]' failed (13.777 seconds).
Test Suite 'PipelineIntegrationTests' failed at 2026-09-13 13:46:20.405.
	 Executed 1 test, with 1 failure (1 unexpected) in 13.777 (13.778) seconds
Test Suite 'converterTests' started at 2026-09-13 13:46:20.405.
Test Case '-[converterTests.converterTests testOutputFileIsOnlyAcceptedBySingleOutputActions]' started.
/Users/andreborchert/Library/CloudStorage/Dropbox/Coding/Converter/Sources/Tests/converterTests/converterTests.swift:1590: error: -[converterTests.converterTests testOutputFileIsOnlyAcceptedBySingleOutputActions] : XCTAssertThrowsError failed: did not throw an error - -full --output-file x.mp4
/Users/andreborchert/Library/CloudStorage/Dropbox/Coding/Converter/Sources/Tests/converterTests/converterTests.swift:1590: error: -[converterTests.converterTests testOutputFileIsOnlyAcceptedBySingleOutputActions] : XCTAssertThrowsError failed: did not throw an error - -run --output-file x.mp4
/Users/andreborchert/Library/CloudStorage/Dropbox/Coding/Converter/Sources/Tests/converterTests/converterTests.swift:1590: error: -[converterTests.converterTests testOutputFileIsOnlyAcceptedBySingleOutputActions] : XCTAssertThrowsError failed: did not throw an error - -short --output-file x.mp4
/Users/andreborchert/Library/CloudStorage/Dropbox/Coding/Converter/Sources/Tests/converterTests/converterTests.swift:1590: error: -[converterTests.converterTests testOutputFileIsOnlyAcceptedBySingleOutputActions] : XCTAssertThrowsError failed: did not throw an error - -flactomp3 --output-file x.mp3
Test Case '-[converterTests.converterTests testOutputFileIsOnlyAcceptedBySingleOutputActions]' failed (0.001 seconds).
Test Suite 'converterTests' failed at 2026-09-13 13:46:20.406.
	 Executed 1 test, with 4 failures (0 unexpected) in 0.001 (0.002) seconds
Test Suite 'converterPackageTests.xctest' failed at 2026-09-13 13:46:20.406.
	 Executed 2 tests, with 5 failures (1 unexpected) in 13.779 (13.779) seconds
Test Suite 'Selected tests' failed at 2026-09-13 13:46:20.406.
	 Executed 2 tests, with 5 failures (1 unexpected) in 13.779 (13.789) seconds
􀟈  Test run started.
􀄵  Testing Library Version: 1902
􀄵  Target Platform: arm64e-apple-macos14.0
􁁛  Test run with 0 tests in 0 suites passed after 0.001 seconds.
