Building for debugging...
[0/5] Write sources
[1/5] Write swift-version--58304C5D6DBC2206.txt
[3/7] Emitting module converterTests
[4/7] Compiling converterTests converterTests.swift
[5/7] Compiling converterTests IntegrationTestSupport.swift
[6/7] Compiling converterTests PipelineIntegrationTests.swift
[7/9] Emitting module converterPackageTests
[7/9] Write Objects.LinkFileList
[8/9] Linking converterPackageTests
Build complete! (2.10s)
error: Process '/Applications/Xcode.app/Contents/Developer/usr/bin/xctest -XCTest converterTests.converterTests/testTimecodeRejectsAbsurdDurationsAndFFmpegNumberNeverTraps /Users/andreborchert/Library/CloudStorage/Dropbox/Coding/Converter/Sources/.build/arm64-apple-macosx/debug/converterPackageTests.xctest' exited with unexpected signal code 5
Test Suite 'Selected tests' started at 2026-09-13 18:05:36.874.
Test Suite 'converterPackageTests.xctest' started at 2026-09-13 18:05:36.881.
Test Suite 'converterTests' started at 2026-09-13 18:05:36.881.
Test Case '-[converterTests.converterTests testTimecodeRejectsAbsurdDurationsAndFFmpegNumberNeverTraps]' started.
/Users/andreborchert/Library/CloudStorage/Dropbox/Coding/Converter/Sources/Tests/converterTests/converterTests.swift:1584: error: -[converterTests.converterTests testTimecodeRejectsAbsurdDurationsAndFFmpegNumberNeverTraps] : XCTAssertThrowsError failed: did not throw an error
/Users/andreborchert/Library/CloudStorage/Dropbox/Coding/Converter/Sources/Tests/converterTests/converterTests.swift:1585: error: -[converterTests.converterTests testTimecodeRejectsAbsurdDurationsAndFFmpegNumberNeverTraps] : XCTAssertThrowsError failed: did not throw an error
Swift/arm64e-apple-macos.swiftinterface:39435: Fatal error: Double value cannot be converted to Int because the result would be greater than Int.max
􀟈  Test run started.
􀄵  Testing Library Version: 1902
􀄵  Target Platform: arm64e-apple-macos14.0
􁁛  Test run with 0 tests in 0 suites passed after 0.001 seconds.
