Building for debugging...
[0/6] Write sources
[2/6] Write swift-version--58304C5D6DBC2206.txt
[4/9] Emitting module converter
[5/9] Compiling converter ValidationPipeline.swift
[6/9] Compiling converter VideoPipeline.swift
[7/15] Compiling converter LosslessAudioPipeline.swift
[8/15] Compiling converter PipelineCore.swift
[9/15] Compiling converter ImagePipeline.swift
[10/15] Compiling converter Actions.swift
[11/15] Compiling converter Diagnostics.swift
[12/15] Compiling converter AudioPipeline.swift
[12/17] Write Objects.LinkFileList
[13/17] Linking converter
[14/17] Applying converter
[16/20] Emitting module converterTests
[17/20] Compiling converterTests converterTests.swift
[18/20] Compiling converterTests PipelineIntegrationTests.swift
[18/20] Write Objects.LinkFileList
[19/20] Linking converterPackageTests
Build complete! (3.77s)
Test Suite 'Selected tests' started at 2026-09-13 20:07:25.577.
Test Suite 'converterPackageTests.xctest' started at 2026-09-13 20:07:25.578.
Test Suite 'PipelineIntegrationTests' started at 2026-09-13 20:07:25.578.
Test Case '-[converterTests.PipelineIntegrationTests testClippedSampleCeilingIsRebasedInTheRenderDomain]' started.
[2026-09-13 20:07:27] [converterTests] [INFO] Source already exceeds delivery QC on: true peak 0.02 dBTP (limit 0.00); clipped samples 25280 (limit 0); integrated loudness 0.65 LUFS (target -12.00 +/- 12.00). Verifying the render does not worsen these, rather than altering the audio.
Test Case '-[converterTests.PipelineIntegrationTests testClippedSampleCeilingIsRebasedInTheRenderDomain]' passed (2.052 seconds).
Test Case '-[converterTests.PipelineIntegrationTests testShortFromHotMP3IsNotRejectedForClippedSamplesItInherits]' started.
[2026-09-13 20:07:27] [converterTests] [INFO] Short source audio: hot_master.mp3
[2026-09-13 20:07:27] [converterTests] [INFO] Short source image: poster.png
[2026-09-13 20:07:29] [converterTests] [INFO] Source already exceeds delivery QC on: clipped samples 18239 (limit 0). Verifying the render does not worsen these, rather than altering the audio.
[2026-09-13 20:07:29] [converterTests] [INFO] Short video encoders: libx264, h264_videotoolbox
[2026-09-13 20:07:32] [converterTests] [INFO] Created portrait short MP4: hot_master_8K_Short.mp4 [encoder=libx264]
[2026-09-13 20:07:33] [converterTests] [INFO] Source already exceeds delivery QC on: clipped samples 18239 (limit 0). Verifying the render does not worsen these, rather than altering the audio.
[2026-09-13 20:07:33] [converterTests] [INFO] Short video encoders: libx264, h264_videotoolbox
[2026-09-13 20:07:35] [converterTests] [INFO] Created portrait short MP4 (centre cut): hot_master_8K_Short_CenterCut.mp4 [encoder=libx264]
Test Case '-[converterTests.PipelineIntegrationTests testShortFromHotMP3IsNotRejectedForClippedSamplesItInherits]' passed (8.696 seconds).
Test Suite 'PipelineIntegrationTests' passed at 2026-09-13 20:07:36.326.
	 Executed 2 tests, with 0 failures (0 unexpected) in 10.748 (10.749) seconds
Test Suite 'converterPackageTests.xctest' passed at 2026-09-13 20:07:36.326.
	 Executed 2 tests, with 0 failures (0 unexpected) in 10.748 (10.749) seconds
Test Suite 'Selected tests' passed at 2026-09-13 20:07:36.326.
	 Executed 2 tests, with 0 failures (0 unexpected) in 10.748 (10.749) seconds
◇ Test run started.
↳ Testing Library Version: 1902
↳ Target Platform: arm64e-apple-macos14.0
✔ Test run with 0 tests in 0 suites passed after 0.001 seconds.
[0/1] Planning build
Building for debugging...
[0/7] Write sources
[1/7] Write swift-version--58304C5D6DBC2206.txt
[3/22] Compiling converter Support.swift
[4/22] Compiling converter ValidationPipeline.swift
[5/22] Compiling converter CLI.swift
[6/22] Compiling converter Config.swift
[7/22] Compiling converter ProcessRunner.swift
[8/22] Compiling converter QualityReporting.swift
[9/22] Compiling converter Main.swift
[10/22] Compiling converter PipelineCore.swift
[11/22] Compiling converter ImagePipeline.swift
[12/22] Compiling converter LosslessAudioPipeline.swift
[13/23] Compiling converter VideoPipeline.swift
[14/23] Compiling converter DependencyBootstrap.swift
[15/23] Compiling converter Diagnostics.swift
[16/23] Emitting module converter
[17/23] Compiling converter Actions.swift
[18/23] Compiling converter AudioPipeline.swift
[18/23] Write Objects.LinkFileList
[19/23] Linking converter
[20/23] Applying converter
[22/27] Compiling converterTests converterTests.swift
[23/27] Emitting module converterTests
[24/27] Compiling converterTests IntegrationTestSupport.swift
[25/27] Compiling converterTests PipelineIntegrationTests.swift
[26/29] Emitting module converterPackageTests
[27/29] Compiling converterPackageTests runner.swift
[27/29] Write Objects.LinkFileList
[28/29] Linking converterPackageTests
Build complete! (3.64s)
Test Suite 'Selected tests' started at 2026-09-13 20:09:17.343.
Test Suite 'converterPackageTests.xctest' started at 2026-09-13 20:09:17.344.
Test Suite 'PipelineIntegrationTests' started at 2026-09-13 20:09:17.344.
Test Case '-[converterTests.PipelineIntegrationTests testBassBoostProcessesAudioAndMP4Inputs]' started.
[2026-09-13 20:09:17] [converterTests] [INFO] Bass boost bass_flac.flac: frequency=80Hz gain=5dB
[2026-09-13 20:09:20] [converterTests] [INFO] Created bass-adjusted media: bass_flac_bass.flac
[2026-09-13 20:09:20] [converterTests] [INFO] Bass boost bass_m4a.m4a: frequency=80Hz gain=5dB
[2026-09-13 20:09:23] [converterTests] [INFO] Created bass-adjusted media: bass_m4a_bass.m4a
[2026-09-13 20:09:23] [converterTests] [INFO] Bass boost bass_mp3.mp3: frequency=80Hz gain=5dB
[2026-09-13 20:09:26] [converterTests] [INFO] Created bass-adjusted media: bass_mp3_bass.mp3
[2026-09-13 20:09:26] [converterTests] [INFO] Bass boost bass_video.mp4: frequency=80Hz gain=5dB
[2026-09-13 20:09:29] [converterTests] [INFO] Created bass-adjusted media: bass_video_bass.mp4
[2026-09-13 20:09:29] [converterTests] [INFO] Bass boost bass_wav.wav: frequency=80Hz gain=5dB
[2026-09-13 20:09:32] [converterTests] [INFO] Created bass-adjusted media: bass_wav_bass.wav
Test Case '-[converterTests.PipelineIntegrationTests testBassBoostProcessesAudioAndMP4Inputs]' passed (19.088 seconds).
Test Case '-[converterTests.PipelineIntegrationTests testClippedSampleCeilingIsRebasedInTheRenderDomain]' started.
[2026-09-13 20:09:38] [converterTests] [INFO] Source already exceeds delivery QC on: true peak 0.02 dBTP (limit 0.00); clipped samples 25280 (limit 0); integrated loudness 0.65 LUFS (target -12.00 +/- 12.00). Verifying the render does not worsen these, rather than altering the audio.
Test Case '-[converterTests.PipelineIntegrationTests testClippedSampleCeilingIsRebasedInTheRenderDomain]' passed (2.047 seconds).
Test Case '-[converterTests.PipelineIntegrationTests testFadeCutProcessesMP3WAVAndFLACWithShortenedDuration]' started.
[2026-09-13 20:09:38] [converterTests] [INFO] Fadecut cut_flac.flac: cut=0.500 fade=0.750
[2026-09-13 20:09:41] [converterTests] [INFO] Created fadecut audio: cut_flac_fadecut_0.5s_0.75s.flac
[2026-09-13 20:09:41] [converterTests] [INFO] Fadecut cut_mp3.mp3: cut=0.500 fade=0.750
[2026-09-13 20:09:43] [converterTests] [INFO] Created fadecut audio: cut_mp3_fadecut_0.5s_0.75s.mp3
[2026-09-13 20:09:43] [converterTests] [INFO] Fadecut cut_wav.wav: cut=0.500 fade=0.750
[2026-09-13 20:09:45] [converterTests] [INFO] Created fadecut audio: cut_wav_fadecut_0.5s_0.75s.wav
Test Case '-[converterTests.PipelineIntegrationTests testFadeCutProcessesMP3WAVAndFLACWithShortenedDuration]' passed (9.117 seconds).
Test Case '-[converterTests.PipelineIntegrationTests testFullPipelineProducesFullSongShortForLongSourceAudio]' started.
[2026-09-13 20:09:48] [converterTests] [INFO] Profile: youtube_master
[2026-09-13 20:09:48] [converterTests] [INFO] Scheduler profile: total=3 image=2 audio=2 video=1
[2026-09-13 20:09:48] [converterTests] [INFO] Full pipeline start
[2026-09-13 20:09:48] [converterTests] [INFO] Source audio renamed: track.mp3 -> 1_source.mp3
[2026-09-13 20:09:48] [converterTests] [INFO] Source audio: 1_source.mp3
[2026-09-13 20:09:48] [converterTests] [INFO] Full step: PNG variants
[2026-09-13 20:09:48] [converterTests] [INFO] Created 8K PNG: 1_8K.png
[2026-09-13 20:09:48] [converterTests] [INFO] Created 4K PNG: 1_4K.png
[2026-09-13 20:09:48] [converterTests] [INFO] Full step: NFT assets
[2026-09-13 20:09:48] [converterTests] [INFO] Full step: 2K PNG
[2026-09-13 20:09:48] [converterTests] [INFO] Created 2K PNG: 1_2K.png
[2026-09-13 20:09:48] [converterTests] [INFO] Full step: 3K PNG
[2026-09-13 20:09:48] [converterTests] [INFO] Created 3K PNG: 1_3K.png
[2026-09-13 20:09:48] [converterTests] [INFO] Full step: 3K JPG deliverables
[2026-09-13 20:09:48] [converterTests] [INFO] Created NFT set: 1
[2026-09-13 20:09:48] [converterTests] [INFO] Full step: 8K JPG deliverables
[2026-09-13 20:09:48] [converterTests] [INFO] Created 1MB JPG: 1_3K_1MB.jpg
[2026-09-13 20:09:48] [converterTests] [INFO] Created 1MB JPG: 1_8K_1MB.jpg
[2026-09-13 20:09:48] [converterTests] [INFO] Created 5MB JPG: 1_3K_5MB.jpg
[2026-09-13 20:09:48] [converterTests] [INFO] Created 2MB JPG: 1_8K_2MB.jpg
[2026-09-13 20:09:48] [converterTests] [INFO] Created 20MB JPG: 1_8K_20MB.jpg
[2026-09-13 20:09:49] [converterTests] [INFO] Created WAV: 1.wav
[2026-09-13 20:09:49] [converterTests] [INFO] Full step: external RF64/BW64 audio deliverables
[2026-09-13 20:09:50] [converterTests] [INFO] Created external FLAC: 1_RF64.flac
[2026-09-13 20:09:50] [converterTests] [INFO] Created external WAV: 1_RF64.wav
[2026-09-13 20:09:52] [converterTests] [INFO] Created external BW64 WAV: 1_BW64.wav
[2026-09-13 20:09:52] [converterTests] [INFO] Full step: MP3 source is not the delivery standard (MP3 bitrate below minimum (got=192000 min=300000): /private/var/folders/k5/fzyk9mb96rqbc6_vnxv5mh3h0000gn/T/converter-tests.BE9696B6-82F6-4F83-B63A-0A06730C1F9D/Output/1_source.mp3); encoding 1.mp3
[2026-09-13 20:09:59] [converterTests] [INFO] Created M4A: 1.m4a
[2026-09-13 20:09:59] [converterTests] [INFO] Created MP3: 1.mp3
[2026-09-13 20:09:59] [converterTests] [INFO] Full step: M4A -> MP4
[2026-09-13 20:10:00] [converterTests] [INFO] Main video encoders: hevc_videotoolbox, libx264
[2026-09-13 20:10:07] [converterTests] [INFO] Created MP4: 1_8K.mp4 [encoder=hevc_videotoolbox]
[2026-09-13 20:10:07] [converterTests] [INFO] Full step: portrait short stills
[2026-09-13 20:10:07] [converterTests] [INFO] Created portrait still: 1_Short_8K.png
[2026-09-13 20:10:07] [converterTests] [INFO] Created 1MB JPG: 1_Short_8K_1MB.jpg
[2026-09-13 20:10:07] [converterTests] [INFO] Created 2MB JPG: 1_Short_8K_2MB.jpg
[2026-09-13 20:10:07] [converterTests] [INFO] Created portrait still: 1_Short_CenterCut_8K.png
[2026-09-13 20:10:07] [converterTests] [INFO] Created 1MB JPG: 1_Short_CenterCut_8K_1MB.jpg
[2026-09-13 20:10:07] [converterTests] [INFO] Created 2MB JPG: 1_Short_CenterCut_8K_2MB.jpg
[2026-09-13 20:10:07] [converterTests] [INFO] Full step: PNG -> Short: 1_Short_8K.png
[2026-09-13 20:10:09] [converterTests] [INFO] Short video encoders: libx264, h264_videotoolbox
[2026-09-13 20:10:16] [converterTests] [INFO] Created portrait short MP4: 1_8K_Short.mp4 [encoder=libx264]
[2026-09-13 20:10:19] [converterTests] [INFO] Short video encoders: libx264, h264_videotoolbox
[2026-09-13 20:10:26] [converterTests] [INFO] Created portrait short MP4: 1_8K_Short_FullSong.mp4 [encoder=libx264]
[2026-09-13 20:10:28] [converterTests] [INFO] Short video encoders: libx264, h264_videotoolbox
[2026-09-13 20:10:35] [converterTests] [INFO] Created portrait short MP4 (centre cut): 1_8K_Short_CenterCut.mp4 [encoder=libx264]
[2026-09-13 20:10:38] [converterTests] [INFO] Short video encoders: libx264, h264_videotoolbox
[2026-09-13 20:10:45] [converterTests] [INFO] Created portrait short MP4 (centre cut): 1_8K_Short_FullSong_CenterCut.mp4 [encoder=libx264]
[2026-09-13 20:10:45] [converterTests] [INFO] Full pipeline complete
Test Case '-[converterTests.PipelineIntegrationTests testFullPipelineProducesFullSongShortForLongSourceAudio]' passed (67.494 seconds).
Test Case '-[converterTests.PipelineIntegrationTests testImageBatchActionsSkipPortraitShortStills]' started.
[2026-09-13 20:10:55] [converterTests] [INFO] PNG variants: art_Short_8K_reference.png
[2026-09-13 20:10:55] [converterTests] [INFO] Created 8K PNG: art_Short_8K_reference_8K.png
[2026-09-13 20:10:55] [converterTests] [INFO] Created 4K PNG: art_Short_8K_reference_4K.png
[2026-09-13 20:10:55] [converterTests] [INFO] Run_pix image: art_Short_8K_reference_4K.png
[2026-09-13 20:10:55] [converterTests] [INFO] Full step: PNG variants
[2026-09-13 20:10:55] [converterTests] [INFO] Skip existing 8K PNG: art_Short_8K_reference_8K.png
[2026-09-13 20:10:55] [converterTests] [INFO] Skip existing 4K PNG: art_Short_8K_reference_4K.png
[2026-09-13 20:10:55] [converterTests] [INFO] Full step: NFT assets
[2026-09-13 20:10:55] [converterTests] [INFO] Full step: 2K PNG
[2026-09-13 20:10:55] [converterTests] [INFO] Created 2K PNG: art_Short_8K_reference_2K.png
[2026-09-13 20:10:55] [converterTests] [INFO] Full step: 3K PNG
[2026-09-13 20:10:55] [converterTests] [INFO] Created 3K PNG: art_Short_8K_reference_3K.png
[2026-09-13 20:10:55] [converterTests] [INFO] Full step: 3K JPG deliverables
[2026-09-13 20:10:55] [converterTests] [INFO] Created NFT set: art_Short_8K_reference
[2026-09-13 20:10:55] [converterTests] [INFO] Full step: 8K JPG deliverables
[2026-09-13 20:10:55] [converterTests] [INFO] Created 1MB JPG: art_Short_8K_reference_3K_1MB.jpg
[2026-09-13 20:10:55] [converterTests] [INFO] Created 1MB JPG: art_Short_8K_reference_8K_1MB.jpg
[2026-09-13 20:10:55] [converterTests] [INFO] Created 5MB JPG: art_Short_8K_reference_3K_5MB.jpg
[2026-09-13 20:10:55] [converterTests] [INFO] Created 2MB JPG: art_Short_8K_reference_8K_2MB.jpg
[2026-09-13 20:10:55] [converterTests] [INFO] Created 20MB JPG: art_Short_8K_reference_8K_20MB.jpg
[2026-09-13 20:10:55] [converterTests] [INFO] Run_pix image: art_Short_8K_reference_8K.png
[2026-09-13 20:10:55] [converterTests] [INFO] Full step: PNG variants
[2026-09-13 20:10:55] [converterTests] [INFO] Skip existing 8K PNG: art_Short_8K_reference_8K.png
[2026-09-13 20:10:55] [converterTests] [INFO] Skip existing 4K PNG: art_Short_8K_reference_4K.png
[2026-09-13 20:10:55] [converterTests] [INFO] Full step: NFT assets
[2026-09-13 20:10:55] [converterTests] [INFO] Full step: 2K PNG
[2026-09-13 20:10:55] [converterTests] [INFO] Skip existing 2K PNG: art_Short_8K_reference_2K.png
[2026-09-13 20:10:55] [converterTests] [INFO] Full step: 3K PNG
[2026-09-13 20:10:55] [converterTests] [INFO] Skip existing 3K PNG: art_Short_8K_reference_3K.png
[2026-09-13 20:10:55] [converterTests] [INFO] Full step: 3K JPG deliverables
[2026-09-13 20:10:55] [converterTests] [INFO] Skip existing NFT set: art_Short_8K_reference
[2026-09-13 20:10:55] [converterTests] [INFO] Full step: 8K JPG deliverables
[2026-09-13 20:10:55] [converterTests] [INFO] Skip existing 1MB JPG: art_Short_8K_reference_3K_1MB.jpg
[2026-09-13 20:10:55] [converterTests] [INFO] Skip existing 1MB JPG: art_Short_8K_reference_8K_1MB.jpg
[2026-09-13 20:10:55] [converterTests] [INFO] Skip existing 5MB JPG: art_Short_8K_reference_3K_5MB.jpg
[2026-09-13 20:10:55] [converterTests] [INFO] Skip existing 2MB JPG: art_Short_8K_reference_8K_2MB.jpg
[2026-09-13 20:10:55] [converterTests] [INFO] Skip existing 20MB JPG: art_Short_8K_reference_8K_20MB.jpg
[2026-09-13 20:10:55] [converterTests] [INFO] Run_pix image: art_Short_8K_reference.png
[2026-09-13 20:10:55] [converterTests] [INFO] Full step: PNG variants
[2026-09-13 20:10:55] [converterTests] [INFO] Skip existing 8K PNG: art_Short_8K_reference_8K.png
[2026-09-13 20:10:55] [converterTests] [INFO] Skip existing 4K PNG: art_Short_8K_reference_4K.png
[2026-09-13 20:10:55] [converterTests] [INFO] Full step: NFT assets
[2026-09-13 20:10:55] [converterTests] [INFO] Full step: 2K PNG
[2026-09-13 20:10:55] [converterTests] [INFO] Skip existing 2K PNG: art_Short_8K_reference_2K.png
[2026-09-13 20:10:55] [converterTests] [INFO] Full step: 3K PNG
[2026-09-13 20:10:55] [converterTests] [INFO] Skip existing NFT set: art_Short_8K_reference
[2026-09-13 20:10:55] [converterTests] [INFO] Full step: 8K JPG deliverables
[2026-09-13 20:10:55] [converterTests] [INFO] Skip existing 3K PNG: art_Short_8K_reference_3K.png
[2026-09-13 20:10:55] [converterTests] [INFO] Full step: 3K JPG deliverables
[2026-09-13 20:10:55] [converterTests] [INFO] Skip existing 1MB JPG: art_Short_8K_reference_3K_1MB.jpg
[2026-09-13 20:10:55] [converterTests] [INFO] Skip existing 1MB JPG: art_Short_8K_reference_8K_1MB.jpg
[2026-09-13 20:10:55] [converterTests] [INFO] Skip existing 5MB JPG: art_Short_8K_reference_3K_5MB.jpg
[2026-09-13 20:10:55] [converterTests] [INFO] Skip existing 2MB JPG: art_Short_8K_reference_8K_2MB.jpg
[2026-09-13 20:10:55] [converterTests] [INFO] Skip existing 20MB JPG: art_Short_8K_reference_8K_20MB.jpg
[2026-09-13 20:10:55] [converterTests] [INFO] PNG -> JPG: art_Short_8K_reference_2K.png
[2026-09-13 20:10:55] [converterTests] [INFO] Created JPG image: art_Short_8K_reference_2K.jpg
[2026-09-13 20:10:55] [converterTests] [INFO] PNG -> JPG: art_Short_8K_reference_3K.png
[2026-09-13 20:10:55] [converterTests] [INFO] Created JPG image: art_Short_8K_reference_3K.jpg
[2026-09-13 20:10:55] [converterTests] [INFO] PNG -> JPG: art_Short_8K_reference_4K.png
[2026-09-13 20:10:55] [converterTests] [INFO] Created JPG image: art_Short_8K_reference_4K.jpg
[2026-09-13 20:10:55] [converterTests] [INFO] PNG -> JPG: art_Short_8K_reference_8K.png
[2026-09-13 20:10:55] [converterTests] [INFO] Created JPG image: art_Short_8K_reference_8K.jpg
[2026-09-13 20:10:55] [converterTests] [INFO] PNG -> JPG: art_Short_8K_reference_NFT2K.png
[2026-09-13 20:10:55] [converterTests] [INFO] Created JPG image: art_Short_8K_reference_NFT2K.jpg
[2026-09-13 20:10:55] [converterTests] [INFO] PNG -> JPG: art_Short_8K_reference_NFT3K.png
[2026-09-13 20:10:56] [converterTests] [INFO] Created JPG image: art_Short_8K_reference_NFT3K.jpg
[2026-09-13 20:10:56] [converterTests] [INFO] PNG -> JPG: art_Short_8K_reference_NFT8K.png
[2026-09-13 20:10:56] [converterTests] [INFO] Created JPG image: art_Short_8K_reference_NFT8K.jpg
[2026-09-13 20:10:56] [converterTests] [INFO] PNG -> JPG: art_Short_8K_reference.png
[2026-09-13 20:10:56] [converterTests] [INFO] Created JPG image: art_Short_8K_reference.jpg
Test Case '-[converterTests.PipelineIntegrationTests testImageBatchActionsSkipPortraitShortStills]' passed (1.040 seconds).
Test Case '-[converterTests.PipelineIntegrationTests testLoudnessNormalizeKeepsPeakConstrainedMP4Transparent]' started.
[2026-09-13 20:11:00] [converterTests] [WARN] Created peak-constrained loudness media without compression: peak_limited_loudness_m12LUFS.mp4 [integrated=-14.85 LUFS target=-12.00 gain=1.56 dB requested=4.35 dB peak=-2.56 dBFS]
Test Case '-[converterTests.PipelineIntegrationTests testLoudnessNormalizeKeepsPeakConstrainedMP4Transparent]' passed (5.333 seconds).
Test Case '-[converterTests.PipelineIntegrationTests testLoudnessNormalizeProcessesAudioAndMP4Inputs]' started.
[2026-09-13 20:11:01] [converterTests] [INFO] Loudness normalize level_flac.flac: integrated target=-12 LUFS
[2026-09-13 20:11:04] [converterTests] [INFO] Created loudness-normalized media: level_flac_loudness_m12LUFS.flac [integrated=-12.05 LUFS gain=9.75 dB]
[2026-09-13 20:11:04] [converterTests] [INFO] Loudness normalize level_m4a.m4a: integrated target=-12 LUFS
[2026-09-13 20:11:07] [converterTests] [INFO] Created loudness-normalized media: level_m4a_loudness_m12LUFS.m4a [integrated=-12.00 LUFS gain=6.79 dB]
[2026-09-13 20:11:07] [converterTests] [INFO] Loudness normalize level_mp3.mp3: integrated target=-12 LUFS
[2026-09-13 20:11:10] [converterTests] [INFO] Created loudness-normalized media: level_mp3_loudness_m12LUFS.mp3 [integrated=-12.05 LUFS gain=4.05 dB]
[2026-09-13 20:11:10] [converterTests] [INFO] Loudness normalize level_video.mp4: integrated target=-12 LUFS
[2026-09-13 20:11:13] [converterTests] [INFO] Created loudness-normalized media: level_video_loudness_m12LUFS.mp4 [integrated=-12.05 LUFS gain=9.75 dB]
[2026-09-13 20:11:13] [converterTests] [INFO] Loudness normalize level_wav.wav: integrated target=-12 LUFS
[2026-09-13 20:11:15] [converterTests] [INFO] Created loudness-normalized media: level_wav_loudness_m12LUFS.wav [integrated=-12.05 LUFS gain=15.75 dB]
[2026-09-13 20:11:15] [converterTests] [INFO] Loudness normalize complete: processed=5 failed=0
Test Case '-[converterTests.PipelineIntegrationTests testLoudnessNormalizeProcessesAudioAndMP4Inputs]' passed (18.936 seconds).
Test Case '-[converterTests.PipelineIntegrationTests testNFTToShortAcceptsPortrait8KPNGWithoutLandscapeMainRender]' started.
[2026-09-13 20:11:20] [converterTests] [INFO] NFT -> Short source audio: song.flac
[2026-09-13 20:11:20] [converterTests] [INFO] NFT -> Short source image: Vertical_8K.png
[2026-09-13 20:11:22] [converterTests] [INFO] Short video encoders: libx264, h264_videotoolbox
[2026-09-13 20:11:24] [converterTests] [INFO] Created portrait short MP4: song_8K_Short.mp4 [encoder=libx264]
[2026-09-13 20:11:25] [converterTests] [INFO] Short video encoders: libx264, h264_videotoolbox
[2026-09-13 20:11:27] [converterTests] [INFO] Created portrait short MP4: song_8K_Short_FullSong.mp4 [encoder=libx264]
[2026-09-13 20:11:28] [converterTests] [INFO] Short video encoders: libx264, h264_videotoolbox
[2026-09-13 20:11:30] [converterTests] [INFO] Created portrait short MP4 (centre cut): song_8K_Short_CenterCut.mp4 [encoder=libx264]
[2026-09-13 20:11:31] [converterTests] [INFO] Short video encoders: libx264, h264_videotoolbox
[2026-09-13 20:11:34] [converterTests] [INFO] Created portrait short MP4 (centre cut): song_8K_Short_FullSong_CenterCut.mp4 [encoder=libx264]
Test Case '-[converterTests.PipelineIntegrationTests testNFTToShortAcceptsPortrait8KPNGWithoutLandscapeMainRender]' passed (15.083 seconds).
Test Case '-[converterTests.PipelineIntegrationTests testNFTToShortBuildsShortFromGenericAudioAndNFTImage]' started.
[2026-09-13 20:11:35] [converterTests] [INFO] Short step: create NFT8K image
[2026-09-13 20:11:36] [converterTests] [INFO] Created 8K PNG: poster_8K.png
[2026-09-13 20:11:36] [converterTests] [INFO] Created 4K PNG: poster_4K.png
[2026-09-13 20:11:36] [converterTests] [INFO] Created NFT set: poster
[2026-09-13 20:11:37] [converterTests] [INFO] NFT -> Short source audio: song.aac
[2026-09-13 20:11:37] [converterTests] [INFO] NFT -> Short source image: poster_NFT8K.png
[2026-09-13 20:11:38] [converterTests] [INFO] Short video encoders: libx264, h264_videotoolbox
[2026-09-13 20:11:40] [converterTests] [INFO] Created portrait short MP4: song_8K_Short.mp4 [encoder=libx264]
[2026-09-13 20:11:41] [converterTests] [INFO] Short video encoders: libx264, h264_videotoolbox
[2026-09-13 20:11:44] [converterTests] [INFO] Created portrait short MP4: song_8K_Short_FullSong.mp4 [encoder=libx264]
[2026-09-13 20:11:45] [converterTests] [INFO] Short video encoders: libx264, h264_videotoolbox
[2026-09-13 20:11:47] [converterTests] [INFO] Created portrait short MP4 (centre cut): song_8K_Short_CenterCut.mp4 [encoder=libx264]
[2026-09-13 20:11:48] [converterTests] [INFO] Short video encoders: libx264, h264_videotoolbox
[2026-09-13 20:11:50] [converterTests] [INFO] Created portrait short MP4 (centre cut): song_8K_Short_FullSong_CenterCut.mp4 [encoder=libx264]
Test Case '-[converterTests.PipelineIntegrationTests testNFTToShortBuildsShortFromGenericAudioAndNFTImage]' passed (16.678 seconds).
Test Case '-[converterTests.PipelineIntegrationTests testNFTToShortComparesAgainstTrimmedSourceSegmentLoudness]' started.
[2026-09-13 20:11:52] [converterTests] [INFO] Short step: create NFT8K image
[2026-09-13 20:11:52] [converterTests] [INFO] Created 8K PNG: poster_8K.png
[2026-09-13 20:11:52] [converterTests] [INFO] Created 4K PNG: poster_4K.png
[2026-09-13 20:11:53] [converterTests] [INFO] Created NFT set: poster
[2026-09-13 20:11:53] [converterTests] [INFO] NFT -> Short source audio: dynamic_loudness.mp3
[2026-09-13 20:11:53] [converterTests] [INFO] NFT -> Short source image: poster_NFT8K.png
[2026-09-13 20:11:55] [converterTests] [INFO] Short video encoders: libx264, h264_videotoolbox
[2026-09-13 20:11:57] [converterTests] [INFO] Created portrait short MP4: dynamic_loudness_8K_Short.mp4 [encoder=libx264]
[2026-09-13 20:11:58] [converterTests] [INFO] Short video encoders: libx264, h264_videotoolbox
[2026-09-13 20:12:00] [converterTests] [INFO] Created portrait short MP4: dynamic_loudness_8K_Short_FullSong.mp4 [encoder=libx264]
[2026-09-13 20:12:01] [converterTests] [INFO] Short video encoders: libx264, h264_videotoolbox
[2026-09-13 20:12:03] [converterTests] [INFO] Created portrait short MP4 (centre cut): dynamic_loudness_8K_Short_CenterCut.mp4 [encoder=libx264]
[2026-09-13 20:12:04] [converterTests] [INFO] Short video encoders: libx264, h264_videotoolbox
[2026-09-13 20:12:07] [converterTests] [INFO] Created portrait short MP4 (centre cut): dynamic_loudness_8K_Short_FullSong_CenterCut.mp4 [encoder=libx264]
Test Case '-[converterTests.PipelineIntegrationTests testNFTToShortComparesAgainstTrimmedSourceSegmentLoudness]' passed (15.272 seconds).
Test Case '-[converterTests.PipelineIntegrationTests testNFTToShortPreservesSourceLoudnessOnLandscapePath]' started.
[2026-09-13 20:12:07] [converterTests] [INFO] Short step: create NFT8K image
[2026-09-13 20:12:07] [converterTests] [INFO] Created 8K PNG: poster_8K.png
[2026-09-13 20:12:08] [converterTests] [INFO] Created 4K PNG: poster_4K.png
[2026-09-13 20:12:08] [converterTests] [INFO] Created NFT set: poster
[2026-09-13 20:12:08] [converterTests] [INFO] NFT -> Short source audio: loud_song.flac
[2026-09-13 20:12:08] [converterTests] [INFO] NFT -> Short source image: poster_NFT8K.png
[2026-09-13 20:12:10] [converterTests] [INFO] Short video encoders: libx264, h264_videotoolbox
[2026-09-13 20:12:12] [converterTests] [INFO] Created portrait short MP4: loud_song_8K_Short.mp4 [encoder=libx264]
[2026-09-13 20:12:14] [converterTests] [INFO] Short video encoders: libx264, h264_videotoolbox
[2026-09-13 20:12:16] [converterTests] [INFO] Created portrait short MP4: loud_song_8K_Short_FullSong.mp4 [encoder=libx264]
[2026-09-13 20:12:17] [converterTests] [INFO] Short video encoders: libx264, h264_videotoolbox
[2026-09-13 20:12:20] [converterTests] [INFO] Created portrait short MP4 (centre cut): loud_song_8K_Short_CenterCut.mp4 [encoder=libx264]
[2026-09-13 20:12:21] [converterTests] [INFO] Short video encoders: libx264, h264_videotoolbox
[2026-09-13 20:12:24] [converterTests] [INFO] Created portrait short MP4 (centre cut): loud_song_8K_Short_FullSong_CenterCut.mp4 [encoder=libx264]
Test Case '-[converterTests.PipelineIntegrationTests testNFTToShortPreservesSourceLoudnessOnLandscapePath]' passed (17.313 seconds).
Test Case '-[converterTests.PipelineIntegrationTests testNFTToShortPreservesSourceLoudnessOnPortraitPath]' started.
[2026-09-13 20:12:25] [converterTests] [INFO] NFT -> Short source audio: hot_song.mp3
[2026-09-13 20:12:25] [converterTests] [INFO] NFT -> Short source image: Vertical_8K.png
[2026-09-13 20:12:26] [converterTests] [INFO] Short video encoders: libx264, h264_videotoolbox
[2026-09-13 20:12:28] [converterTests] [INFO] Created portrait short MP4: hot_song_8K_Short.mp4 [encoder=libx264]
[2026-09-13 20:12:30] [converterTests] [INFO] Short video encoders: libx264, h264_videotoolbox
[2026-09-13 20:12:32] [converterTests] [INFO] Created portrait short MP4: hot_song_8K_Short_FullSong.mp4 [encoder=libx264]
[2026-09-13 20:12:34] [converterTests] [INFO] Short video encoders: libx264, h264_videotoolbox
[2026-09-13 20:12:36] [converterTests] [INFO] Created portrait short MP4 (centre cut): hot_song_8K_Short_CenterCut.mp4 [encoder=libx264]
[2026-09-13 20:12:37] [converterTests] [INFO] Short video encoders: libx264, h264_videotoolbox
[2026-09-13 20:12:40] [converterTests] [INFO] Created portrait short MP4 (centre cut): hot_song_8K_Short_FullSong_CenterCut.mp4 [encoder=libx264]
Test Case '-[converterTests.PipelineIntegrationTests testNFTToShortPreservesSourceLoudnessOnPortraitPath]' passed (16.804 seconds).
Test Case '-[converterTests.PipelineIntegrationTests testPaddedMP4EncoderLadderReportsEveryFailedRung]' started.
[2026-09-13 20:12:43] [converterTests] [INFO] Silence MP4 video encoders: libx264, libx265
[2026-09-13 20:12:43] [converterTests] [WARN] silence MP4 video encoder failed (libx264): Command failed: /opt/homebrew/bin/ffmpeg -hide_banner -nostdin -v error -y -i /var/folders/k5/fzyk9mb96rqbc6_vnxv5mh3h0000gn/T/converter-tests.EDFBAD65-B8F0-4FF0-8F96-717682F16FE1/Output/clip.mp4 -i /var/folders/k5/fzyk9mb96rqbc6_vnxv5mh3h0000gn/T/converter-tests.EDFBAD65-B8F0-4FF0-8F96-717682F16FE1/Output/.converter-tmp.29037.63d7d9c2-5afd-421f-8ebe-ddb7eb5d150d.clip_silence_padded.46B02BDB-FE13-4227-87F0-32A40356F8B7.wav -map 0:v:0 -map 1:a:0 -vf tpad=start_duration=1.000000:stop_duration=1.000000:start_mode=clone:stop_mode=clone,format=yuv420p,setparams=color_primaries=bt709:color_trc=bt709:colorspace=bt709:range=limited -c:v libx264 -preset no_such_preset -crf 22 -pix_fmt yuv420p -color_primaries bt709 -color_trc bt709 -colorspace bt709 -color_range tv -tag:v avc1 -c:a alac -sample_fmt s32p -bits_per_raw_sample 24 -ar 48000 -ac 2 -t 3.500000 -map_metadata 0 -map_chapters 0 -movflags +faststart /var/folders/k5/fzyk9mb96rqbc6_vnxv5mh3h0000gn/T/converter-tests.EDFBAD65-B8F0-4FF0-8F96-717682F16FE1/Output/.converter-tmp.29037.63d7d9c2-5afd-421f-8ebe-ddb7eb5d150d.clip_silence_1s.4F719DF0-E67C-4EC1-8E8C-90D6311ECDCE.mp4 | [out#0/mp4 @ 0xc2ac4c180] Nothing was written into output file, because at least one of its streams received no packets.
[2026-09-13 20:12:43] [converterTests] [WARN] silence MP4 video encoder failed (libx265): Command failed: /opt/homebrew/bin/ffmpeg -hide_banner -nostdin -v error -y -i /var/folders/k5/fzyk9mb96rqbc6_vnxv5mh3h0000gn/T/converter-tests.EDFBAD65-B8F0-4FF0-8F96-717682F16FE1/Output/clip.mp4 -i /var/folders/k5/fzyk9mb96rqbc6_vnxv5mh3h0000gn/T/converter-tests.EDFBAD65-B8F0-4FF0-8F96-717682F16FE1/Output/.converter-tmp.29037.63d7d9c2-5afd-421f-8ebe-ddb7eb5d150d.clip_silence_padded.46B02BDB-FE13-4227-87F0-32A40356F8B7.wav -map 0:v:0 -map 1:a:0 -vf tpad=start_duration=1.000000:stop_duration=1.000000:start_mode=clone:stop_mode=clone,format=yuv420p,setparams=color_primaries=bt709:color_trc=bt709:colorspace=bt709:range=limited -c:v libx265 -preset no_such_preset -crf 22 -pix_fmt yuv420p -color_primaries bt709 -color_trc bt709 -colorspace bt709 -color_range tv -tag:v hvc1 -c:a alac -sample_fmt s32p -bits_per_raw_sample 24 -ar 48000 -ac 2 -t 3.500000 -map_metadata 0 -map_chapters 0 -movflags +faststart /var/folders/k5/fzyk9mb96rqbc6_vnxv5mh3h0000gn/T/converter-tests.EDFBAD65-B8F0-4FF0-8F96-717682F16FE1/Output/.converter-tmp.29037.63d7d9c2-5afd-421f-8ebe-ddb7eb5d150d.clip_silence_1s.4F719DF0-E67C-4EC1-8E8C-90D6311ECDCE.mp4 | [out#0/mp4 @ 0xc68c08780] Nothing was written into output file, because at least one of its streams received no packets.
Test Case '-[converterTests.PipelineIntegrationTests testPaddedMP4EncoderLadderReportsEveryFailedRung]' passed (2.146 seconds).
Test Case '-[converterTests.PipelineIntegrationTests testPortraitShortStillsMatchTheirRenderFraming]' started.
[2026-09-13 20:12:43] [converterTests] [INFO] Profile: youtube_master
[2026-09-13 20:12:43] [converterTests] [INFO] Scheduler profile: total=3 image=2 audio=2 video=1
[2026-09-13 20:12:44] [converterTests] [INFO] Created portrait still: art_Short_8K.png
[2026-09-13 20:12:44] [converterTests] [INFO] Created 1MB JPG: art_Short_8K_1MB.jpg
[2026-09-13 20:12:44] [converterTests] [INFO] Created 2MB JPG: art_Short_8K_2MB.jpg
[2026-09-13 20:12:45] [converterTests] [INFO] Created portrait still: art_Short_CenterCut_8K.png
[2026-09-13 20:12:45] [converterTests] [INFO] Created 1MB JPG: art_Short_CenterCut_8K_1MB.jpg
[2026-09-13 20:12:45] [converterTests] [INFO] Created 2MB JPG: art_Short_CenterCut_8K_2MB.jpg
Test Case '-[converterTests.PipelineIntegrationTests testPortraitShortStillsMatchTheirRenderFraming]' passed (2.458 seconds).
Test Case '-[converterTests.PipelineIntegrationTests testRejectsMP4ExtensionWithImagePayload]' started.
Test Case '-[converterTests.PipelineIntegrationTests testRejectsMP4ExtensionWithImagePayload]' passed (0.141 seconds).
Test Case '-[converterTests.PipelineIntegrationTests testShortAcceptsGenericAudioOnlyInputFormat]' started.
[2026-09-13 20:12:46] [converterTests] [INFO] Short source audio: song.aac
[2026-09-13 20:12:46] [converterTests] [INFO] Short source image: poster.png
[2026-09-13 20:12:47] [converterTests] [INFO] Short video encoders: libx264, h264_videotoolbox
[2026-09-13 20:12:50] [converterTests] [INFO] Created portrait short MP4: song_8K_Short.mp4 [encoder=libx264]
[2026-09-13 20:12:51] [converterTests] [INFO] Short video encoders: libx264, h264_videotoolbox
[2026-09-13 20:12:53] [converterTests] [INFO] Created portrait short MP4: song_8K_Short_FullSong.mp4 [encoder=libx264]
[2026-09-13 20:12:54] [converterTests] [INFO] Short video encoders: libx264, h264_videotoolbox
[2026-09-13 20:12:56] [converterTests] [INFO] Created portrait short MP4 (centre cut): song_8K_Short_CenterCut.mp4 [encoder=libx264]
[2026-09-13 20:12:57] [converterTests] [INFO] Short video encoders: libx264, h264_videotoolbox
[2026-09-13 20:13:00] [converterTests] [INFO] Created portrait short MP4 (centre cut): song_8K_Short_FullSong_CenterCut.mp4 [encoder=libx264]
Test Case '-[converterTests.PipelineIntegrationTests testShortAcceptsGenericAudioOnlyInputFormat]' passed (15.204 seconds).
Test Case '-[converterTests.PipelineIntegrationTests testShortBuildsLongSongFullSongVariant]' started.
[2026-09-13 20:13:02] [converterTests] [INFO] Short source audio: song.mp3
[2026-09-13 20:13:02] [converterTests] [INFO] Short source image: poster.png
[2026-09-13 20:13:05] [converterTests] [INFO] Short video encoders: libx264, h264_videotoolbox
[2026-09-13 20:13:13] [converterTests] [INFO] Created portrait short MP4: song_8K_Short.mp4 [encoder=libx264]
[2026-09-13 20:13:17] [converterTests] [INFO] Short video encoders: libx264, h264_videotoolbox
[2026-09-13 20:13:28] [converterTests] [INFO] Created portrait short MP4: song_8K_Short_FullSong.mp4 [encoder=libx264]
[2026-09-13 20:13:31] [converterTests] [INFO] Short video encoders: libx264, h264_videotoolbox
[2026-09-13 20:13:39] [converterTests] [INFO] Created portrait short MP4 (centre cut): song_8K_Short_CenterCut.mp4 [encoder=libx264]
[2026-09-13 20:13:43] [converterTests] [INFO] Short video encoders: libx264, h264_videotoolbox
[2026-09-13 20:13:51] [converterTests] [INFO] Created portrait short MP4 (centre cut): song_8K_Short_FullSong_CenterCut.mp4 [encoder=libx264]
Test Case '-[converterTests.PipelineIntegrationTests testShortBuildsLongSongFullSongVariant]' passed (59.050 seconds).
Test Case '-[converterTests.PipelineIntegrationTests testShortBuildsOnlyPortraitMP4FromDirectImageAndAudio]' started.
[2026-09-13 20:14:00] [converterTests] [INFO] Short source audio: song.flac
[2026-09-13 20:14:00] [converterTests] [INFO] Short source image: poster.png
[2026-09-13 20:14:02] [converterTests] [INFO] Short video encoders: libx264, h264_videotoolbox
[2026-09-13 20:14:04] [converterTests] [INFO] Created portrait short MP4: song_8K_Short.mp4 [encoder=libx264]
[2026-09-13 20:14:05] [converterTests] [INFO] Short video encoders: libx264, h264_videotoolbox
[2026-09-13 20:14:07] [converterTests] [INFO] Created portrait short MP4: song_8K_Short_FullSong.mp4 [encoder=libx264]
[2026-09-13 20:14:08] [converterTests] [INFO] Short video encoders: libx264, h264_videotoolbox
[2026-09-13 20:14:11] [converterTests] [INFO] Created portrait short MP4 (centre cut): song_8K_Short_CenterCut.mp4 [encoder=libx264]
[2026-09-13 20:14:12] [converterTests] [INFO] Short video encoders: libx264, h264_videotoolbox
[2026-09-13 20:14:14] [converterTests] [INFO] Created portrait short MP4 (centre cut): song_8K_Short_FullSong_CenterCut.mp4 [encoder=libx264]
Test Case '-[converterTests.PipelineIntegrationTests testShortBuildsOnlyPortraitMP4FromDirectImageAndAudio]' passed (15.401 seconds).
Test Case '-[converterTests.PipelineIntegrationTests testShortFromHotMP3IsNotRejectedForClippedSamplesItInherits]' started.
[2026-09-13 20:14:16] [converterTests] [INFO] Short source audio: hot_master.mp3
[2026-09-13 20:14:16] [converterTests] [INFO] Short source image: poster.png
[2026-09-13 20:14:17] [converterTests] [INFO] Source already exceeds delivery QC on: clipped samples 18239 (limit 0). Verifying the render does not worsen these, rather than altering the audio.
[2026-09-13 20:14:17] [converterTests] [INFO] Short video encoders: libx264, h264_videotoolbox
[2026-09-13 20:14:20] [converterTests] [INFO] Created portrait short MP4: hot_master_8K_Short.mp4 [encoder=libx264]
[2026-09-13 20:14:21] [converterTests] [INFO] Source already exceeds delivery QC on: clipped samples 18239 (limit 0). Verifying the render does not worsen these, rather than altering the audio.
[2026-09-13 20:14:21] [converterTests] [INFO] Short video encoders: libx264, h264_videotoolbox
[2026-09-13 20:14:24] [converterTests] [INFO] Created portrait short MP4 (centre cut): hot_master_8K_Short_CenterCut.mp4 [encoder=libx264]
Test Case '-[converterTests.PipelineIntegrationTests testShortFromHotMP3IsNotRejectedForClippedSamplesItInherits]' passed (8.664 seconds).
Test Case '-[converterTests.PipelineIntegrationTests testShortMP4OutputStemsDoNotRepeatShortSuffixes]' started.
Test Case '-[converterTests.PipelineIntegrationTests testShortMP4OutputStemsDoNotRepeatShortSuffixes]' passed (0.002 seconds).
Test Case '-[converterTests.PipelineIntegrationTests testShortRendersNarrowPortraitMP4Inputs]' started.
[2026-09-13 20:14:25] [converterTests] [INFO] Short video encoders: libx264, h264_videotoolbox
[2026-09-13 20:14:27] [converterTests] [INFO] Created short MP4: tall_source_Short.mp4 [encoder=libx264]
Test Case '-[converterTests.PipelineIntegrationTests testShortRendersNarrowPortraitMP4Inputs]' passed (3.708 seconds).
Test Case '-[converterTests.PipelineIntegrationTests testShortVideoHardCapsAt58SecondsEvenIfConfigRequestsMore]' started.
[2026-09-13 20:14:30] [converterTests] [INFO] Short video encoders: libx264, h264_videotoolbox
[2026-09-13 20:14:37] [converterTests] [INFO] Created short MP4: long_source_Short.mp4 [encoder=libx264]
Test Case '-[converterTests.PipelineIntegrationTests testShortVideoHardCapsAt58SecondsEvenIfConfigRequestsMore]' passed (9.437 seconds).
Test Case '-[converterTests.PipelineIntegrationTests testShortVideoRenderFallsBackToSoftwareEncoder]' started.
[2026-09-13 20:14:38] [converterTests] [INFO] Main video encoders: hevc_videotoolbox, libx264
[2026-09-13 20:14:40] [converterTests] [INFO] Created MP4: track_8K.mp4 [encoder=hevc_videotoolbox]
[2026-09-13 20:14:41] [converterTests] [INFO] Short video encoders: libx264
[2026-09-13 20:14:43] [converterTests] [INFO] Created short MP4: track_8K_Short.mp4 [encoder=libx264]
Test Case '-[converterTests.PipelineIntegrationTests testShortVideoRenderFallsBackToSoftwareEncoder]' passed (6.467 seconds).
Test Case '-[converterTests.PipelineIntegrationTests testSilenceAddsLeadingAndTrailingPaddingToWAVFLACAndMP4]' started.
[2026-09-13 20:14:44] [converterTests] [INFO] Add silence pad_flac.flac: before=0.500 after=0.500
[2026-09-13 20:14:47] [converterTests] [INFO] Created silence-padded media: pad_flac_silence_0_5s.flac
[2026-09-13 20:14:47] [converterTests] [INFO] Add silence pad_video.mp4: before=0.500 after=0.500
[2026-09-13 20:14:49] [converterTests] [INFO] Silence MP4 video encoders: hevc_videotoolbox, libx264
[2026-09-13 20:14:50] [converterTests] [INFO] Created silence-padded media: pad_video_silence_0_5s.mp4
[2026-09-13 20:14:50] [converterTests] [INFO] Add silence pad_wav.wav: before=0.500 after=0.500
[2026-09-13 20:14:53] [converterTests] [INFO] Created silence-padded media: pad_wav_silence_0_5s.wav
Test Case '-[converterTests.PipelineIntegrationTests testSilenceAddsLeadingAndTrailingPaddingToWAVFLACAndMP4]' passed (12.045 seconds).
Test Case '-[converterTests.PipelineIntegrationTests testSilenceMP4UsesH264SafeTagForSoftwareEncoder]' started.
[2026-09-13 20:14:56] [converterTests] [INFO] Add silence software_pad_video.mp4: before=0.500 after=0.500
[2026-09-13 20:14:58] [converterTests] [INFO] Silence MP4 video encoders: libx264
[2026-09-13 20:14:59] [converterTests] [INFO] Created silence-padded media: software_pad_video_silence_0_5s.mp4
Test Case '-[converterTests.PipelineIntegrationTests testSilenceMP4UsesH264SafeTagForSoftwareEncoder]' passed (4.788 seconds).
Test Case '-[converterTests.PipelineIntegrationTests testUnifiedHashRenamesWAVFLACMP3AndMP4Together]' started.
[2026-09-13 20:15:01] [converterTests] [INFO] Hash WAV, FLAC, MP3, and MP4 filenames
[2026-09-13 20:15:01] [converterTests] [INFO] Renamed wav: mix_wave.wav -> A6552CB3.wav
[2026-09-13 20:15:02] [converterTests] [INFO] Renamed flac: mix_flac.flac -> 5CDF3EE5.flac
[2026-09-13 20:15:02] [converterTests] [INFO] Renamed mp3: mix_mp3.mp3 -> 1199DB3B.mp3
[2026-09-13 20:15:02] [converterTests] [INFO] Renamed mp4: mix_video.mp4 -> 2B06BCBF.mp4
[2026-09-13 20:15:02] [converterTests] [INFO] Hash rename complete: renamed=4/4 failed=0
Test Case '-[converterTests.PipelineIntegrationTests testUnifiedHashRenamesWAVFLACMP3AndMP4Together]' passed (2.416 seconds).
Test Suite 'PipelineIntegrationTests' passed at 2026-09-13 20:15:03.479.
	 Executed 26 tests, with 0 failures (0 unexpected) in 346.132 (346.135) seconds
Test Suite 'converterTests' started at 2026-09-13 20:15:03.479.
Test Case '-[converterTests.converterTests testNFTToShortFlagParsesAndOldMP3ToShortFlagIsRejected]' started.
Test Case '-[converterTests.converterTests testNFTToShortFlagParsesAndOldMP3ToShortFlagIsRejected]' passed (0.000 seconds).
Test Case '-[converterTests.converterTests testShortDurationHelpersClampToInputDurationConfigAndHardLimit]' started.
Test Case '-[converterTests.converterTests testShortDurationHelpersClampToInputDurationConfigAndHardLimit]' passed (0.001 seconds).
Test Case '-[converterTests.converterTests testShortFillModesUseDistinctTempStemsAndSuffixes]' started.
Test Case '-[converterTests.converterTests testShortFillModesUseDistinctTempStemsAndSuffixes]' passed (0.000 seconds).
Test Case '-[converterTests.converterTests testShortMP4StemsCoverLetterboxedAndCenterCutVariants]' started.
Test Case '-[converterTests.converterTests testShortMP4StemsCoverLetterboxedAndCenterCutVariants]' passed (0.000 seconds).
Test Case '-[converterTests.converterTests testYouTubeShortProfileKeepsProjectMinus12LUFSTarget]' started.
Test Case '-[converterTests.converterTests testYouTubeShortProfileKeepsProjectMinus12LUFSTarget]' passed (0.000 seconds).
Test Suite 'converterTests' passed at 2026-09-13 20:15:03.481.
	 Executed 5 tests, with 0 failures (0 unexpected) in 0.002 (0.002) seconds
Test Suite 'converterPackageTests.xctest' passed at 2026-09-13 20:15:03.481.
	 Executed 31 tests, with 0 failures (0 unexpected) in 346.134 (346.137) seconds
Test Suite 'Selected tests' passed at 2026-09-13 20:15:03.481.
	 Executed 31 tests, with 0 failures (0 unexpected) in 346.134 (346.138) seconds
◇ Test run started.
↳ Testing Library Version: 1902
↳ Target Platform: arm64e-apple-macos14.0
✔ Test run with 0 tests in 0 suites passed after 0.001 seconds.
