Building for debugging...
[0/6] Write sources
[2/6] Write swift-version--58304C5D6DBC2206.txt
[4/9] Emitting module converter
[5/9] Compiling converter ValidationPipeline.swift
[6/9] Compiling converter VideoPipeline.swift
[7/15] Compiling converter ImagePipeline.swift
[8/15] Compiling converter PipelineCore.swift
[9/15] Compiling converter Diagnostics.swift
[10/15] Compiling converter LosslessAudioPipeline.swift
[11/15] Compiling converter Actions.swift
[12/15] Compiling converter AudioPipeline.swift
[12/17] Write Objects.LinkFileList
[13/17] Linking converter
[14/17] Applying converter
[16/20] Emitting module converterTests
[17/20] Compiling converterTests converterTests.swift
[18/20] Compiling converterTests PipelineIntegrationTests.swift
[18/20] Write Objects.LinkFileList
[19/20] Linking converterPackageTests
Build complete! (3.82s)
Test Suite 'Selected tests' started at 2026-09-13 20:07:16.428.
Test Suite 'converterPackageTests.xctest' started at 2026-09-13 20:07:16.428.
Test Suite 'PipelineIntegrationTests' started at 2026-09-13 20:07:16.428.
Test Case '-[converterTests.PipelineIntegrationTests testClippedSampleCeilingIsRebasedInTheRenderDomain]' started.
[2026-09-13 20:07:17] [converterTests] [INFO] Source already exceeds delivery QC on: true peak 0.02 dBTP (limit 0.00); clipped samples 94880 (limit 0); integrated loudness 0.65 LUFS (target -12.00 +/- 12.00). Verifying the render does not worsen these, rather than altering the audio.
/Users/node4/Downloads/Converter/Sources/Tests/converterTests/PipelineIntegrationTests.swift:1282: error: -[converterTests.PipelineIntegrationTests testClippedSampleCeilingIsRebasedInTheRenderDomain] : XCTAssertEqual failed: ("94880") is not equal to ("25280")
Test Case '-[converterTests.PipelineIntegrationTests testClippedSampleCeilingIsRebasedInTheRenderDomain]' failed (1.502 seconds).
Test Case '-[converterTests.PipelineIntegrationTests testShortFromHotMP3IsNotRejectedForClippedSamplesItInherits]' started.
[2026-09-13 20:07:18] [converterTests] [INFO] Short source audio: hot_master.mp3
[2026-09-13 20:07:18] [converterTests] [INFO] Short source image: poster.png
[2026-09-13 20:07:19] [converterTests] [INFO] Source already exceeds delivery QC on: true peak 0.16 dBTP (limit 0.00); clipped samples 20 (limit 0). Verifying the render does not worsen these, rather than altering the audio.
[2026-09-13 20:07:19] [converterTests] [INFO] Short video encoders: libx264, h264_videotoolbox
[2026-09-13 20:07:21] [converterTests] [WARN] portrait short MP4 encoder failed (libx264): Audio QC failed for /var/folders/k5/fzyk9mb96rqbc6_vnxv5mh3h0000gn/T/converter-tests.28651F91-4EF9-480A-BABD-8CCFBA3FFAB0/Output/.converter-tmp.28261.05e2b4ab-b518-4017-9156-60b6d647e480.portraitshort_libx264.189C5ED4-B7E3-4B83-BBFA-353E445810D2.mp4: clipped samples 18239 exceed max 20
[2026-09-13 20:07:21] [converterTests] [WARN] portrait short MP4: skipping remaining encoders — this failure is not encoder-related.
/Users/node4/Downloads/Converter/Sources/converter/VideoPipeline.swift:120: error: -[converterTests.PipelineIntegrationTests testShortFromHotMP3IsNotRejectedForClippedSamplesItInherits] : failed: caught error: "All portrait short MP4 encoders failed. libx264: Audio QC failed for /var/folders/k5/fzyk9mb96rqbc6_vnxv5mh3h0000gn/T/converter-tests.28651F91-4EF9-480A-BABD-8CCFBA3FFAB0/Output/.converter-tmp.28261.05e2b4ab-b518-4017-9156-60b6d647e480.portraitshort_libx264.189C5ED4-B7E3-4B83-BBFA-353E445810D2.mp4: clipped samples 18239 exceed max 20"
Test Case '-[converterTests.PipelineIntegrationTests testShortFromHotMP3IsNotRejectedForClippedSamplesItInherits]' failed (3.271 seconds).
Test Suite 'PipelineIntegrationTests' failed at 2026-09-13 20:07:21.201.
	 Executed 2 tests, with 2 failures (1 unexpected) in 4.773 (4.773) seconds
Test Suite 'converterPackageTests.xctest' failed at 2026-09-13 20:07:21.201.
	 Executed 2 tests, with 2 failures (1 unexpected) in 4.773 (4.773) seconds
Test Suite 'Selected tests' failed at 2026-09-13 20:07:21.201.
	 Executed 2 tests, with 2 failures (1 unexpected) in 4.773 (4.774) seconds
◇ Test run started.
↳ Testing Library Version: 1902
↳ Target Platform: arm64e-apple-macos14.0
✔ Test run with 0 tests in 0 suites passed after 0.001 seconds.
