Building for debugging...
[0/5] Write sources
[1/5] Write swift-version--58304C5D6DBC2206.txt
[3/5] Compiling converterTests PipelineIntegrationTests.swift
[4/5] Emitting module converterTests
[4/6] Write Objects.LinkFileList
[5/6] Linking converterPackageTests
Build complete! (2.65s)
Test Suite 'Selected tests' started at 2026-09-13 19:27:29.327.
Test Suite 'converterPackageTests.xctest' started at 2026-09-13 19:27:29.337.
Test Suite 'PipelineIntegrationTests' started at 2026-09-13 19:27:29.337.
Test Case '-[converterTests.PipelineIntegrationTests testPaddedMP4EncoderLadderReportsEveryFailedRung]' started.
[2026-09-13 19:27:31] [converterTests] [INFO] Silence MP4 video encoders: libx264, libx265
[2026-09-13 19:27:31] [converterTests] [WARN] Silence MP4 video encoder failed (libx264): Command failed: /opt/homebrew/bin/ffmpeg -hide_banner -nostdin -v error -y -i /var/folders/gd/71hcflq91rj3skfxfh5ldccc0000gn/T/converter-tests.2238567E-BFB0-4593-8114-BB7E1FA61ADF/Output/clip.mp4 -i /var/folders/gd/71hcflq91rj3skfxfh5ldccc0000gn/T/converter-tests.2238567E-BFB0-4593-8114-BB7E1FA61ADF/Output/.converter-tmp.27956.41019640-351c-4463-b41e-f5da93ac9db0.clip_silence_padded.917863CF-63B6-44E3-947C-A64B74D4CF87.wav -map 0:v:0 -map 1:a:0 -vf tpad=start_duration=1.000000:stop_duration=1.000000:start_mode=clone:stop_mode=clone,format=yuv420p,setparams=color_primaries=bt709:color_trc=bt709:colorspace=bt709:range=limited -c:v libx264 -preset no_such_preset -crf 22 -pix_fmt yuv420p -color_primaries bt709 -color_trc bt709 -colorspace bt709 -color_range tv -tag:v avc1 -c:a alac -sample_fmt s32p -bits_per_raw_sample 24 -ar 48000 -ac 2 -t 3.500000 -map_metadata 0 -map_chapters 0 -movflags +faststart /var/folders/gd/71hcflq91rj3skfxfh5ldccc0000gn/T/converter-tests.2238567E-BFB0-4593-8114-BB7E1FA61ADF/Output/.converter-tmp.27956.41019640-351c-4463-b41e-f5da93ac9db0.clip_silence_1s.4DA2A7BD-F0D3-4755-9BE7-E1E9E7A655F8.mp4 | [out#0/mp4 @ 0xc2ac046c0] Nothing was written into output file, because at least one of its streams received no packets.
[2026-09-13 19:27:31] [converterTests] [WARN] Silence MP4 video encoder failed (libx265): Command failed: /opt/homebrew/bin/ffmpeg -hide_banner -nostdin -v error -y -i /var/folders/gd/71hcflq91rj3skfxfh5ldccc0000gn/T/converter-tests.2238567E-BFB0-4593-8114-BB7E1FA61ADF/Output/clip.mp4 -i /var/folders/gd/71hcflq91rj3skfxfh5ldccc0000gn/T/converter-tests.2238567E-BFB0-4593-8114-BB7E1FA61ADF/Output/.converter-tmp.27956.41019640-351c-4463-b41e-f5da93ac9db0.clip_silence_padded.917863CF-63B6-44E3-947C-A64B74D4CF87.wav -map 0:v:0 -map 1:a:0 -vf tpad=start_duration=1.000000:stop_duration=1.000000:start_mode=clone:stop_mode=clone,format=yuv420p,setparams=color_primaries=bt709:color_trc=bt709:colorspace=bt709:range=limited -c:v libx265 -preset no_such_preset -crf 22 -pix_fmt yuv420p -color_primaries bt709 -color_trc bt709 -colorspace bt709 -color_range tv -tag:v hvc1 -c:a alac -sample_fmt s32p -bits_per_raw_sample 24 -ar 48000 -ac 2 -t 3.500000 -map_metadata 0 -map_chapters 0 -movflags +faststart /var/folders/gd/71hcflq91rj3skfxfh5ldccc0000gn/T/converter-tests.2238567E-BFB0-4593-8114-BB7E1FA61ADF/Output/.converter-tmp.27956.41019640-351c-4463-b41e-f5da93ac9db0.clip_silence_1s.4DA2A7BD-F0D3-4755-9BE7-E1E9E7A655F8.mp4 | [out#0/mp4 @ 0xc7f050180] Nothing was written into output file, because at least one of its streams received no packets.
/Users/andreborchert/Library/CloudStorage/Dropbox/Coding/Converter/Sources/Tests/converterTests/PipelineIntegrationTests.swift:560: error: -[converterTests.PipelineIntegrationTests testPaddedMP4EncoderLadderReportsEveryFailedRung] : XCTAssertTrue failed - All silence MP4 video encoders failed for .converter-tmp.27956.41019640-351c-4463-b41e-f5da93ac9db0.clip_silence_1s.4DA2A7BD-F0D3-4755-9BE7-E1E9E7A655F8.mp4: Command failed: /opt/homebrew/bin/ffmpeg -hide_banner -nostdin -v error -y -i /var/folders/gd/71hcflq91rj3skfxfh5ldccc0000gn/T/converter-tests.2238567E-BFB0-4593-8114-BB7E1FA61ADF/Output/clip.mp4 -i /var/folders/gd/71hcflq91rj3skfxfh5ldccc0000gn/T/converter-tests.2238567E-BFB0-4593-8114-BB7E1FA61ADF/Output/.converter-tmp.27956.41019640-351c-4463-b41e-f5da93ac9db0.clip_silence_padded.917863CF-63B6-44E3-947C-A64B74D4CF87.wav -map 0:v:0 -map 1:a:0 -vf tpad=start_duration=1.000000:stop_duration=1.000000:start_mode=clone:stop_mode=clone,format=yuv420p,setparams=color_primaries=bt709:color_trc=bt709:colorspace=bt709:range=limited -c:v libx265 -preset no_such_preset -crf 22 -pix_fmt yuv420p -color_primaries bt709 -color_trc bt709 -colorspace bt709 -color_range tv -tag:v hvc1 -c:a alac -sample_fmt s32p -bits_per_raw_sample 24 -ar 48000 -ac 2 -t 3.500000 -map_metadata 0 -map_chapters 0 -movflags +faststart /var/folders/gd/71hcflq91rj3skfxfh5ldccc0000gn/T/converter-tests.2238567E-BFB0-4593-8114-BB7E1FA61ADF/Output/.converter-tmp.27956.41019640-351c-4463-b41e-f5da93ac9db0.clip_silence_1s.4DA2A7BD-F0D3-4755-9BE7-E1E9E7A655F8.mp4 | [out#0/mp4 @ 0xc7f050180] Nothing was written into output file, because at least one of its streams received no packets.
/Users/andreborchert/Library/CloudStorage/Dropbox/Coding/Converter/Sources/Tests/converterTests/PipelineIntegrationTests.swift:561: error: -[converterTests.PipelineIntegrationTests testPaddedMP4EncoderLadderReportsEveryFailedRung] : XCTAssertTrue failed - All silence MP4 video encoders failed for .converter-tmp.27956.41019640-351c-4463-b41e-f5da93ac9db0.clip_silence_1s.4DA2A7BD-F0D3-4755-9BE7-E1E9E7A655F8.mp4: Command failed: /opt/homebrew/bin/ffmpeg -hide_banner -nostdin -v error -y -i /var/folders/gd/71hcflq91rj3skfxfh5ldccc0000gn/T/converter-tests.2238567E-BFB0-4593-8114-BB7E1FA61ADF/Output/clip.mp4 -i /var/folders/gd/71hcflq91rj3skfxfh5ldccc0000gn/T/converter-tests.2238567E-BFB0-4593-8114-BB7E1FA61ADF/Output/.converter-tmp.27956.41019640-351c-4463-b41e-f5da93ac9db0.clip_silence_padded.917863CF-63B6-44E3-947C-A64B74D4CF87.wav -map 0:v:0 -map 1:a:0 -vf tpad=start_duration=1.000000:stop_duration=1.000000:start_mode=clone:stop_mode=clone,format=yuv420p,setparams=color_primaries=bt709:color_trc=bt709:colorspace=bt709:range=limited -c:v libx265 -preset no_such_preset -crf 22 -pix_fmt yuv420p -color_primaries bt709 -color_trc bt709 -colorspace bt709 -color_range tv -tag:v hvc1 -c:a alac -sample_fmt s32p -bits_per_raw_sample 24 -ar 48000 -ac 2 -t 3.500000 -map_metadata 0 -map_chapters 0 -movflags +faststart /var/folders/gd/71hcflq91rj3skfxfh5ldccc0000gn/T/converter-tests.2238567E-BFB0-4593-8114-BB7E1FA61ADF/Output/.converter-tmp.27956.41019640-351c-4463-b41e-f5da93ac9db0.clip_silence_1s.4DA2A7BD-F0D3-4755-9BE7-E1E9E7A655F8.mp4 | [out#0/mp4 @ 0xc7f050180] Nothing was written into output file, because at least one of its streams received no packets.
Test Case '-[converterTests.PipelineIntegrationTests testPaddedMP4EncoderLadderReportsEveryFailedRung]' failed (2.854 seconds).
Test Suite 'PipelineIntegrationTests' failed at 2026-09-13 19:27:32.191.
	 Executed 1 test, with 2 failures (0 unexpected) in 2.854 (2.855) seconds
Test Suite 'converterPackageTests.xctest' failed at 2026-09-13 19:27:32.192.
	 Executed 1 test, with 2 failures (0 unexpected) in 2.854 (2.855) seconds
Test Suite 'Selected tests' failed at 2026-09-13 19:27:32.192.
	 Executed 1 test, with 2 failures (0 unexpected) in 2.854 (2.864) seconds
􀟈  Test run started.
􀄵  Testing Library Version: 1902
􀄵  Target Platform: arm64e-apple-macos14.0
􁁛  Test run with 0 tests in 0 suites passed after 0.001 seconds.
