[0/1] Planning build
Building for debugging...
[0/7] Write sources
[1/7] Write swift-version--58304C5D6DBC2206.txt
[3/22] Emitting module converter
[4/23] Compiling converter VideoPipeline.swift
[5/23] Compiling converter CLI.swift
[6/23] Compiling converter Config.swift
[7/23] Compiling converter DependencyBootstrap.swift
[8/23] Compiling converter Diagnostics.swift
[9/23] Compiling converter ImagePipeline.swift
[10/23] Compiling converter LosslessAudioPipeline.swift
[11/23] Compiling converter Main.swift
[12/23] Compiling converter PipelineCore.swift
[13/23] Compiling converter Support.swift
[14/23] Compiling converter ValidationPipeline.swift
[15/23] Compiling converter ProcessRunner.swift
[16/23] Compiling converter QualityReporting.swift
[17/23] Compiling converter Actions.swift
[18/23] Compiling converter AudioPipeline.swift
[18/22] Linking converter
[19/22] Applying converter
[21/26] Compiling converterTests converterTests.swift
[22/26] Compiling converterTests IntegrationTestSupport.swift
[23/26] Compiling converterTests PipelineIntegrationTests.swift
[24/26] Emitting module converterTests
[25/28] Compiling converterPackageTests runner.swift
[26/28] Emitting module converterPackageTests
[26/28] Write Objects.LinkFileList
[27/28] Linking converterPackageTests
Build complete! (3.41s)
Test Suite 'Selected tests' started at 2026-09-13 19:08:37.661.
Test Suite 'converterPackageTests.xctest' started at 2026-09-13 19:08:37.668.
Test Suite 'converterTests' started at 2026-09-13 19:08:37.668.
Test Case '-[converterTests.converterTests testFullRunRenamesTheWholeSourceFamilyAndKeepsRerunsStable]' started.
[2026-09-13 19:08:37] [converterTests] [WARN] Full pipeline found multiple same-stem audio files; auto-selecting song.flac and ignoring derived companions.
[2026-09-13 19:08:37] [converterTests] [INFO] Source audio renamed: song.flac -> 1_source.flac
/Users/andreborchert/Library/CloudStorage/Dropbox/Coding/Converter/Sources/Tests/converterTests/converterTests.swift:1596: error: -[converterTests.converterTests testFullRunRenamesTheWholeSourceFamilyAndKeepsRerunsStable] : XCTAssertTrue failed - same-stem sibling must move with the source
/Users/andreborchert/Library/CloudStorage/Dropbox/Coding/Converter/Sources/Tests/converterTests/converterTests.swift:1597: error: -[converterTests.converterTests testFullRunRenamesTheWholeSourceFamilyAndKeepsRerunsStable] : XCTAssertTrue failed - companions must move with the source
/Users/andreborchert/Library/CloudStorage/Dropbox/Coding/Converter/Sources/Tests/converterTests/converterTests.swift:1598: error: -[converterTests.converterTests testFullRunRenamesTheWholeSourceFamilyAndKeepsRerunsStable] : XCTAssertFalse failed
/Users/andreborchert/Library/CloudStorage/Dropbox/Coding/Converter/Sources/Tests/converterTests/converterTests.swift:1600: error: -[converterTests.converterTests testFullRunRenamesTheWholeSourceFamilyAndKeepsRerunsStable] : XCTAssertEqual failed: threw error "Full pipeline expects one source audio file in '/var/folders/gd/71hcflq91rj3skfxfh5ldccc0000gn/T/1F8FAF6F-2FBF-45C0-A732-7AC74F685408' but found 2: 1_source.flac, song.wav."
Test Case '-[converterTests.converterTests testFullRunRenamesTheWholeSourceFamilyAndKeepsRerunsStable]' failed (0.056 seconds).
Test Suite 'converterTests' failed at 2026-09-13 19:08:37.725.
	 Executed 1 test, with 4 failures (1 unexpected) in 0.056 (0.056) seconds
Test Suite 'converterPackageTests.xctest' failed at 2026-09-13 19:08:37.725.
	 Executed 1 test, with 4 failures (1 unexpected) in 0.056 (0.056) seconds
Test Suite 'Selected tests' failed at 2026-09-13 19:08:37.725.
	 Executed 1 test, with 4 failures (1 unexpected) in 0.056 (0.063) seconds
􀟈  Test run started.
􀄵  Testing Library Version: 1902
􀄵  Target Platform: arm64e-apple-macos14.0
􁁛  Test run with 0 tests in 0 suites passed after 0.001 seconds.
