warning: 'sources': found 1 file(s) which are unhandled; explicitly declare them as resources or exclude from the target
    /Users/andreborchert/Library/CloudStorage/Dropbox/Coding/Converter/Sources/Tests/converterTests/converterTests.swift.full
[0/1] Planning build
Building for debugging...
[0/5] Write sources
[1/5] Write swift-version--58304C5D6DBC2206.txt
[3/5] Compiling converterTests converterTests.swift
[4/5] Emitting module converterTests
[5/7] Emitting module converterPackageTests
[5/7] Write Objects.LinkFileList
[6/7] Linking converterPackageTests
Build complete! (2.14s)
Test Suite 'Selected tests' started at 2026-09-13 18:21:49.829.
Test Suite 'converterPackageTests.xctest' started at 2026-09-13 18:21:49.835.
Test Suite 'converterTests' started at 2026-09-13 18:21:49.835.
Test Case '-[converterTests.converterTests testUnknownOptionsAndStrayPositionalsAreRejected]' started.
/Users/andreborchert/Library/CloudStorage/Dropbox/Coding/Converter/Sources/Tests/converterTests/converterTests.swift:1588: error: -[converterTests.converterTests testUnknownOptionsAndStrayPositionalsAreRejected] : XCTAssertThrowsError failed: did not throw an error - -full --overwite
/Users/andreborchert/Library/CloudStorage/Dropbox/Coding/Converter/Sources/Tests/converterTests/converterTests.swift:1588: error: -[converterTests.converterTests testUnknownOptionsAndStrayPositionalsAreRejected] : XCTAssertThrowsError failed: did not throw an error - -full --continue-on-eror
/Users/andreborchert/Library/CloudStorage/Dropbox/Coding/Converter/Sources/Tests/converterTests/converterTests.swift:1588: error: -[converterTests.converterTests testUnknownOptionsAndStrayPositionalsAreRejected] : XCTAssertThrowsError failed: did not throw an error - -loudness --sharpnes 2
/Users/andreborchert/Library/CloudStorage/Dropbox/Coding/Converter/Sources/Tests/converterTests/converterTests.swift:1588: error: -[converterTests.converterTests testUnknownOptionsAndStrayPositionalsAreRejected] : XCTAssertThrowsError failed: did not throw an error - -short -verbose
/Users/andreborchert/Library/CloudStorage/Dropbox/Coding/Converter/Sources/Tests/converterTests/converterTests.swift:1593: error: -[converterTests.converterTests testUnknownOptionsAndStrayPositionalsAreRejected] : XCTAssertThrowsError failed: did not throw an error - -full 45
/Users/andreborchert/Library/CloudStorage/Dropbox/Coding/Converter/Sources/Tests/converterTests/converterTests.swift:1593: error: -[converterTests.converterTests testUnknownOptionsAndStrayPositionalsAreRejected] : XCTAssertThrowsError failed: did not throw an error - -full extra
/Users/andreborchert/Library/CloudStorage/Dropbox/Coding/Converter/Sources/Tests/converterTests/converterTests.swift:1593: error: -[converterTests.converterTests testUnknownOptionsAndStrayPositionalsAreRejected] : XCTAssertThrowsError failed: did not throw an error - -doctor x
/Users/andreborchert/Library/CloudStorage/Dropbox/Coding/Converter/Sources/Tests/converterTests/converterTests.swift:1593: error: -[converterTests.converterTests testUnknownOptionsAndStrayPositionalsAreRejected] : XCTAssertThrowsError failed: did not throw an error - -flactomp3 song.flac
Test Case '-[converterTests.converterTests testUnknownOptionsAndStrayPositionalsAreRejected]' failed (0.060 seconds).
Test Suite 'converterTests' failed at 2026-09-13 18:21:49.896.
	 Executed 1 test, with 8 failures (0 unexpected) in 0.060 (0.060) seconds
Test Suite 'converterPackageTests.xctest' failed at 2026-09-13 18:21:49.896.
	 Executed 1 test, with 8 failures (0 unexpected) in 0.060 (0.061) seconds
Test Suite 'Selected tests' failed at 2026-09-13 18:21:49.896.
	 Executed 1 test, with 8 failures (0 unexpected) in 0.060 (0.067) seconds
􀟈  Test run started.
􀄵  Testing Library Version: 1902
􀄵  Target Platform: arm64e-apple-macos14.0
􁁛  Test run with 0 tests in 0 suites passed after 0.001 seconds.
