Building for debugging...
[0/5] Write swift-version--58304C5D6DBC2206.txt
[1/5] Compiling BW64Bridge bw64_bridge.cpp
[2/7] Write Objects.LinkFileList
[3/7] Linking converter
[4/7] Applying converter
[5/7] Write Objects.LinkFileList
[6/7] Linking converterPackageTests
Build complete! (1.55s)
Test Suite 'Selected tests' started at 2026-09-13 19:51:03.511.
Test Suite 'converterPackageTests.xctest' started at 2026-09-13 19:51:03.512.
Test Suite 'PipelineIntegrationTests' started at 2026-09-13 19:51:03.512.
Test Case '-[converterTests.PipelineIntegrationTests testBW64WriterReportsATruncatedOutput]' started.
Test Case '-[converterTests.PipelineIntegrationTests testBW64WriterReportsATruncatedOutput]' passed (0.777 seconds).
Test Suite 'PipelineIntegrationTests' passed at 2026-09-13 19:51:04.289.
	 Executed 1 test, with 0 failures (0 unexpected) in 0.777 (0.777) seconds
Test Suite 'converterPackageTests.xctest' passed at 2026-09-13 19:51:04.289.
	 Executed 1 test, with 0 failures (0 unexpected) in 0.777 (0.777) seconds
Test Suite 'Selected tests' passed at 2026-09-13 19:51:04.289.
	 Executed 1 test, with 0 failures (0 unexpected) in 0.777 (0.778) seconds
◇ Test run started.
↳ Testing Library Version: 1902
↳ Target Platform: arm64e-apple-macos14.0
✔ Test run with 0 tests in 0 suites passed after 0.001 seconds.
Building for debugging...
[0/4] Write swift-version--58304C5D6DBC2206.txt
Build complete! (0.10s)
Test Suite 'Selected tests' started at 2026-09-13 19:51:04.896.
Test Suite 'converterPackageTests.xctest' started at 2026-09-13 19:51:04.897.
Test Suite 'PipelineIntegrationTests' started at 2026-09-13 19:51:04.897.
Test Case '-[converterTests.PipelineIntegrationTests testBW64WriterReportsATruncatedOutput]' started.
Test Case '-[converterTests.PipelineIntegrationTests testBW64WriterReportsATruncatedOutput]' passed (0.842 seconds).
Test Suite 'PipelineIntegrationTests' passed at 2026-09-13 19:51:05.740.
	 Executed 1 test, with 0 failures (0 unexpected) in 0.842 (0.843) seconds
Test Suite 'converterPackageTests.xctest' passed at 2026-09-13 19:51:05.740.
	 Executed 1 test, with 0 failures (0 unexpected) in 0.842 (0.843) seconds
Test Suite 'Selected tests' passed at 2026-09-13 19:51:05.740.
	 Executed 1 test, with 0 failures (0 unexpected) in 0.842 (0.843) seconds
◇ Test run started.
↳ Testing Library Version: 1902
↳ Target Platform: arm64e-apple-macos14.0
✔ Test run with 0 tests in 0 suites passed after 0.001 seconds.
