Building for debugging...
[0/5] Write sources
[1/5] Write swift-version--58304C5D6DBC2206.txt
[3/6] Compiling converterTests IntegrationTestSupport.swift
[4/6] Emitting module converterTests
[5/6] Compiling converterTests converterTests.swift
[6/7] Compiling converterTests PipelineIntegrationTests.swift
[6/8] Write Objects.LinkFileList
[7/8] Linking converterPackageTests
Build complete! (4.78s)
Test Suite 'Selected tests' started at 2026-09-13 20:19:18.781.
Test Suite 'converterPackageTests.xctest' started at 2026-09-13 20:19:18.782.
Test Suite 'PipelineIntegrationTests' started at 2026-09-13 20:19:18.782.
Test Case '-[converterTests.PipelineIntegrationTests testWorkspaceIgnoresHostDirectoryAndDebugOverrides]' started.
Test Case '-[converterTests.PipelineIntegrationTests testWorkspaceIgnoresHostDirectoryAndDebugOverrides]' passed (0.004 seconds).
Test Suite 'PipelineIntegrationTests' passed at 2026-09-13 20:19:18.785.
	 Executed 1 test, with 0 failures (0 unexpected) in 0.004 (0.004) seconds
Test Suite 'converterTests' started at 2026-09-13 20:19:18.785.
Test Case '-[converterTests.converterTests testUnitMakeToolIgnoresHostConfigAndDebugOverrides]' started.
Test Case '-[converterTests.converterTests testUnitMakeToolIgnoresHostConfigAndDebugOverrides]' passed (0.000 seconds).
Test Suite 'converterTests' passed at 2026-09-13 20:19:18.786.
	 Executed 1 test, with 0 failures (0 unexpected) in 0.000 (0.001) seconds
Test Suite 'converterPackageTests.xctest' passed at 2026-09-13 20:19:18.786.
	 Executed 2 tests, with 0 failures (0 unexpected) in 0.004 (0.004) seconds
Test Suite 'Selected tests' passed at 2026-09-13 20:19:18.786.
	 Executed 2 tests, with 0 failures (0 unexpected) in 0.004 (0.005) seconds
◇ Test run started.
↳ Testing Library Version: 1902
↳ Target Platform: arm64e-apple-macos14.0
✔ Test run with 0 tests in 0 suites passed after 0.001 seconds.

=== Regression slice (same build), filter: testCLI|testParser|testConfig|testPublish|testShortAcceptsGeneric|testDoctor|testMatrixInitializationDoesNotRequireProjectOutputDirectory|testAlbumRunKeepsOutputFileForTheAlbumWAVOnly + the two new tests ===
Test Case '-[converterTests.PipelineIntegrationTests testAlbumRunKeepsOutputFileForTheAlbumWAVOnly]' passed (12.343 seconds).
Test Case '-[converterTests.PipelineIntegrationTests testDoctorPassesOnHealthyWorkspace]' passed (0.699 seconds).
Test Case '-[converterTests.PipelineIntegrationTests testPublishTempReplacesExistingDestination]' passed (0.003 seconds).
Test Case '-[converterTests.PipelineIntegrationTests testShortAcceptsGenericAudioOnlyInputFormat]' passed (15.250 seconds).
Test Case '-[converterTests.PipelineIntegrationTests testWorkspaceIgnoresHostDirectoryAndDebugOverrides]' passed (0.002 seconds).
Test Case '-[converterTests.converterTests testCLIRejectsNonFiniteSharpnessValue]' passed (0.000 seconds).
Test Case '-[converterTests.converterTests testMatrixInitializationDoesNotRequireProjectOutputDirectory]' passed (0.000 seconds).
Test Case '-[converterTests.converterTests testParserRejectsDeprecatedInputOverrideFlags]' passed (0.000 seconds).
Test Case '-[converterTests.converterTests testParserRejectsRecursiveDiscoveryFlag]' passed (0.000 seconds).
Test Case '-[converterTests.converterTests testParserRejectsRemovedJPEGAliasFlags]' passed (0.000 seconds).
Test Case '-[converterTests.converterTests testPublishBackupRecoveryRemovesStaleBackupWhenDestinationExists]' passed (0.001 seconds).
Test Case '-[converterTests.converterTests testPublishBackupRecoveryRestoresMissingDestination]' passed (0.001 seconds).
Test Case '-[converterTests.converterTests testPublishTempLeavesNoBackupBehind]' passed (0.002 seconds).
Test Case '-[converterTests.converterTests testUnitMakeToolIgnoresHostConfigAndDebugOverrides]' passed (0.000 seconds).
Test Suite 'Selected tests' started at 2026-09-13 20:19:56.369.
Test Suite 'converterPackageTests.xctest' started at 2026-09-13 20:19:56.369.
--
Test Suite 'Selected tests' passed at 2026-09-13 20:20:24.674.
	 Executed 14 tests, with 0 failures (0 unexpected) in 28.303 (28.305) seconds
Building for debugging...
[0/5] Write sources
[1/5] Write swift-version--58304C5D6DBC2206.txt
error: emit-module command failed with exit code 1 (use -v to see invocation)
[3/7] Emitting module converterTests
/Users/node4/Downloads/Converter/Sources/Tests/converterTests/IntegrationTestSupport.swift:35:70: error: value of type '[String]' has no member 'union'
 33 |     // A developer exporting PROFILE or an AUDIO_QC_* key must not change what a test measures.
 34 |     static let hostOverrideKeys: Set<String> =
 35 |         ["OUTPUT_DIR", "SRC_DIR", "OUT_DIR", "CONFIG_FILE", "DEBUG"].union(ProjectConfig.supportedKeys)
    |                                                                      `- error: value of type '[String]' has no member 'union'
 36 | 
 37 |     static func sanitizedEnvironment(_ inherited: [String: String]) -> [String: String] {
[4/7] Compiling converterTests PipelineIntegrationTests.swift
[5/7] Compiling converterTests converterTests.swift
[6/7] Compiling converterTests IntegrationTestSupport.swift
/Users/node4/Downloads/Converter/Sources/Tests/converterTests/IntegrationTestSupport.swift:35:70: error: value of type '[String]' has no member 'union'
 33 |     // A developer exporting PROFILE or an AUDIO_QC_* key must not change what a test measures.
 34 |     static let hostOverrideKeys: Set<String> =
 35 |         ["OUTPUT_DIR", "SRC_DIR", "OUT_DIR", "CONFIG_FILE", "DEBUG"].union(ProjectConfig.supportedKeys)
    |                                                                      `- error: value of type '[String]' has no member 'union'
 36 | 
 37 |     static func sanitizedEnvironment(_ inherited: [String: String]) -> [String: String] {
error: fatalError
Building for debugging...
[0/5] Write sources
[1/5] Write swift-version--58304C5D6DBC2206.txt
[3/5] Compiling converterTests IntegrationTestSupport.swift
[4/5] Emitting module converterTests
[5/7] Compiling converterTests converterTests.swift
[6/7] Compiling converterTests PipelineIntegrationTests.swift
[6/8] Write Objects.LinkFileList
[7/8] Linking converterPackageTests
Build complete! (2.06s)
Test Suite 'Selected tests' started at 2026-09-13 20:22:02.446.
Test Suite 'converterPackageTests.xctest' started at 2026-09-13 20:22:02.446.
Test Suite 'PipelineIntegrationTests' started at 2026-09-13 20:22:02.446.
Test Case '-[converterTests.PipelineIntegrationTests testDoctorPassesOnHealthyWorkspace]' started.
[2026-09-13 20:22:02] [converterTests] [INFO] Profile: youtube_master
[2026-09-13 20:22:02] [converterTests] [INFO] Scheduler profile: total=3 image=2 audio=2 video=1
[2026-09-13 20:22:02] [converterTests] [INFO] Doctor start
[2026-09-13 20:22:02] [converterTests] [INFO] Doctor tool ok: awk
[2026-09-13 20:22:02] [converterTests] [INFO] Doctor tool ok: sed
[2026-09-13 20:22:02] [converterTests] [INFO] Doctor tool ok: ffmpeg
[2026-09-13 20:22:02] [converterTests] [INFO] Doctor tool ok: ffprobe
[2026-09-13 20:22:02] [converterTests] [INFO] Doctor tool ok: magick
[2026-09-13 20:22:02] [converterTests] [INFO] Doctor filter ok: loudnorm
[2026-09-13 20:22:02] [converterTests] [INFO] Doctor filter ok: astats
[2026-09-13 20:22:02] [converterTests] [INFO] Doctor filter ok: volumedetect
[2026-09-13 20:22:02] [converterTests] [INFO] Doctor filter ok: setparams
[2026-09-13 20:22:02] [converterTests] [INFO] Doctor filter ok: bass
[2026-09-13 20:22:02] [converterTests] [INFO] Doctor main video encoders: hevc_videotoolbox, libx264
[2026-09-13 20:22:02] [converterTests] [INFO] Doctor short video encoders: libx264, h264_videotoolbox
[2026-09-13 20:22:02] [converterTests] [INFO] Doctor encoder ok: alac
[2026-09-13 20:22:02] [converterTests] [INFO] Doctor free space: 134716862464 bytes
[2026-09-13 20:22:02] [converterTests] [INFO] Doctor source image ok: poster.png
[2026-09-13 20:22:03] [converterTests] [INFO] Doctor source audio ok: song.mp3
[2026-09-13 20:22:03] [converterTests] [INFO] Doctor complete
Test Case '-[converterTests.PipelineIntegrationTests testDoctorPassesOnHealthyWorkspace]' passed (0.699 seconds).
Test Case '-[converterTests.PipelineIntegrationTests testPublishTempReplacesExistingDestination]' started.
Test Case '-[converterTests.PipelineIntegrationTests testPublishTempReplacesExistingDestination]' passed (0.003 seconds).
Test Case '-[converterTests.PipelineIntegrationTests testWorkspaceIgnoresHostDirectoryAndDebugOverrides]' started.
Test Case '-[converterTests.PipelineIntegrationTests testWorkspaceIgnoresHostDirectoryAndDebugOverrides]' passed (0.002 seconds).
Test Suite 'PipelineIntegrationTests' passed at 2026-09-13 20:22:03.150.
	 Executed 3 tests, with 0 failures (0 unexpected) in 0.703 (0.704) seconds
Test Suite 'converterTests' started at 2026-09-13 20:22:03.150.
Test Case '-[converterTests.converterTests testCLIRejectsNonFiniteSharpnessValue]' started.
Test Case '-[converterTests.converterTests testCLIRejectsNonFiniteSharpnessValue]' passed (0.000 seconds).
Test Case '-[converterTests.converterTests testMatrixInitializationDoesNotRequireProjectOutputDirectory]' started.
Test Case '-[converterTests.converterTests testMatrixInitializationDoesNotRequireProjectOutputDirectory]' passed (0.000 seconds).
Test Case '-[converterTests.converterTests testParserRejectsDeprecatedInputOverrideFlags]' started.
Test Case '-[converterTests.converterTests testParserRejectsDeprecatedInputOverrideFlags]' passed (0.000 seconds).
Test Case '-[converterTests.converterTests testParserRejectsRecursiveDiscoveryFlag]' started.
Test Case '-[converterTests.converterTests testParserRejectsRecursiveDiscoveryFlag]' passed (0.000 seconds).
Test Case '-[converterTests.converterTests testParserRejectsRemovedJPEGAliasFlags]' started.
Test Case '-[converterTests.converterTests testParserRejectsRemovedJPEGAliasFlags]' passed (0.000 seconds).
Test Case '-[converterTests.converterTests testPublishBackupRecoveryRemovesStaleBackupWhenDestinationExists]' started.
Test Case '-[converterTests.converterTests testPublishBackupRecoveryRemovesStaleBackupWhenDestinationExists]' passed (0.001 seconds).
Test Case '-[converterTests.converterTests testPublishBackupRecoveryRestoresMissingDestination]' started.
[2026-09-13 20:22:03] [converterTests] [WARN] Recovered previous version from publish backup: /var/folders/k5/fzyk9mb96rqbc6_vnxv5mh3h0000gn/T/converter-test-F25E0E91-047C-4484-B4EF-2391E6461732/song.mp3
Test Case '-[converterTests.converterTests testPublishBackupRecoveryRestoresMissingDestination]' passed (0.001 seconds).
Test Case '-[converterTests.converterTests testPublishTempLeavesNoBackupBehind]' started.
Test Case '-[converterTests.converterTests testPublishTempLeavesNoBackupBehind]' passed (0.002 seconds).
Test Case '-[converterTests.converterTests testUnitMakeToolIgnoresHostConfigAndDebugOverrides]' started.
Test Case '-[converterTests.converterTests testUnitMakeToolIgnoresHostConfigAndDebugOverrides]' passed (0.000 seconds).
Test Suite 'converterTests' passed at 2026-09-13 20:22:03.156.
	 Executed 9 tests, with 0 failures (0 unexpected) in 0.006 (0.006) seconds
Test Suite 'converterPackageTests.xctest' passed at 2026-09-13 20:22:03.156.
	 Executed 12 tests, with 0 failures (0 unexpected) in 0.709 (0.710) seconds
Test Suite 'Selected tests' passed at 2026-09-13 20:22:03.156.
	 Executed 12 tests, with 0 failures (0 unexpected) in 0.709 (0.711) seconds
◇ Test run started.
↳ Testing Library Version: 1902
↳ Target Platform: arm64e-apple-macos14.0
✔ Test run with 0 tests in 0 suites passed after 0.001 seconds.
