[0/1] Planning build
Building for debugging...
[0/5] Write sources
[1/5] Write swift-version--58304C5D6DBC2206.txt
[3/7] Compiling converterTests converterTests.swift
[4/7] Compiling converterTests IntegrationTestSupport.swift
[5/7] Emitting module converterTests
[6/7] Compiling converterTests PipelineIntegrationTests.swift
[6/8] Write Objects.LinkFileList
[7/8] Linking converterPackageTests
Build complete! (2.09s)
Test Suite 'Selected tests' started at 2026-09-13 20:18:50.780.
Test Suite 'converterPackageTests.xctest' started at 2026-09-13 20:18:50.782.
Test Suite 'PipelineIntegrationTests' started at 2026-09-13 20:18:50.782.
Test Case '-[converterTests.PipelineIntegrationTests testWorkspaceIgnoresHostDirectoryAndDebugOverrides]' started.
/Users/node4/Downloads/Converter-wt/0031/Sources/Tests/converterTests/PipelineIntegrationTests.swift:2466: error: -[converterTests.PipelineIntegrationTests testWorkspaceIgnoresHostDirectoryAndDebugOverrides] : XCTAssertNil failed: "/nonexistent" - OUTPUT_DIR leaked into the workspace environment
/Users/node4/Downloads/Converter-wt/0031/Sources/Tests/converterTests/PipelineIntegrationTests.swift:2466: error: -[converterTests.PipelineIntegrationTests testWorkspaceIgnoresHostDirectoryAndDebugOverrides] : XCTAssertNil failed: "/nonexistent" - SRC_DIR leaked into the workspace environment
/Users/node4/Downloads/Converter-wt/0031/Sources/Tests/converterTests/PipelineIntegrationTests.swift:2466: error: -[converterTests.PipelineIntegrationTests testWorkspaceIgnoresHostDirectoryAndDebugOverrides] : XCTAssertNil failed: "/nonexistent" - OUT_DIR leaked into the workspace environment
/Users/node4/Downloads/Converter-wt/0031/Sources/Tests/converterTests/PipelineIntegrationTests.swift:2466: error: -[converterTests.PipelineIntegrationTests testWorkspaceIgnoresHostDirectoryAndDebugOverrides] : XCTAssertNil failed: "/nonexistent/config.txt" - CONFIG_FILE leaked into the workspace environment
/Users/node4/Downloads/Converter-wt/0031/Sources/Tests/converterTests/PipelineIntegrationTests.swift:2466: error: -[converterTests.PipelineIntegrationTests testWorkspaceIgnoresHostDirectoryAndDebugOverrides] : XCTAssertNil failed: "1" - DEBUG leaked into the workspace environment
/Users/node4/Downloads/Converter-wt/0031/Sources/Tests/converterTests/PipelineIntegrationTests.swift:2472: error: -[converterTests.PipelineIntegrationTests testWorkspaceIgnoresHostDirectoryAndDebugOverrides] : XCTAssertEqual failed: ("/nonexistent") is not equal to ("/var/folders/k5/fzyk9mb96rqbc6_vnxv5mh3h0000gn/T/converter-tests.61ACB4B6-2CA1-4CB0-916A-D68556C5B4F6/Output")
/Users/node4/Downloads/Converter-wt/0031/Sources/Tests/converterTests/PipelineIntegrationTests.swift:2473: error: -[converterTests.PipelineIntegrationTests testWorkspaceIgnoresHostDirectoryAndDebugOverrides] : XCTAssertEqual failed: ("/nonexistent") is not equal to ("/var/folders/k5/fzyk9mb96rqbc6_vnxv5mh3h0000gn/T/converter-tests.61ACB4B6-2CA1-4CB0-916A-D68556C5B4F6/Output")
/Users/node4/Downloads/Converter-wt/0031/Sources/Tests/converterTests/PipelineIntegrationTests.swift:2474: error: -[converterTests.PipelineIntegrationTests testWorkspaceIgnoresHostDirectoryAndDebugOverrides] : XCTAssertEqual failed: ("/nonexistent/config.txt") is not equal to ("/var/folders/k5/fzyk9mb96rqbc6_vnxv5mh3h0000gn/T/converter-tests.61ACB4B6-2CA1-4CB0-916A-D68556C5B4F6/config.txt")
/Users/node4/Downloads/Converter-wt/0031/Sources/Tests/converterTests/PipelineIntegrationTests.swift:2475: error: -[converterTests.PipelineIntegrationTests testWorkspaceIgnoresHostDirectoryAndDebugOverrides] : XCTAssertFalse failed
/Users/node4/Downloads/Converter-wt/0031/Sources/Tests/converterTests/PipelineIntegrationTests.swift:2476: error: -[converterTests.PipelineIntegrationTests testWorkspaceIgnoresHostDirectoryAndDebugOverrides] : XCTAssertNil failed: "1"
Test Case '-[converterTests.PipelineIntegrationTests testWorkspaceIgnoresHostDirectoryAndDebugOverrides]' failed (0.097 seconds).
Test Suite 'PipelineIntegrationTests' failed at 2026-09-13 20:18:50.879.
	 Executed 1 test, with 10 failures (0 unexpected) in 0.097 (0.097) seconds
Test Suite 'converterTests' started at 2026-09-13 20:18:50.879.
Test Case '-[converterTests.converterTests testUnitMakeToolIgnoresHostConfigAndDebugOverrides]' started.
/Users/node4/Downloads/Converter-wt/0031/Sources/Tests/converterTests/converterTests.swift:40: error: -[converterTests.converterTests testUnitMakeToolIgnoresHostConfigAndDebugOverrides] : XCTAssertEqual failed: ("/nonexistent/config.txt") is not equal to ("/var/folders/k5/fzyk9mb96rqbc6_vnxv5mh3h0000gn/T/7136D13C-8AC9-4DCD-A3B6-6C89AFA3603E/config.txt")
/Users/node4/Downloads/Converter-wt/0031/Sources/Tests/converterTests/converterTests.swift:41: error: -[converterTests.converterTests testUnitMakeToolIgnoresHostConfigAndDebugOverrides] : XCTAssertFalse failed
/Users/node4/Downloads/Converter-wt/0031/Sources/Tests/converterTests/converterTests.swift:43: error: -[converterTests.converterTests testUnitMakeToolIgnoresHostConfigAndDebugOverrides] : XCTAssertNil failed: "/nonexistent" - OUTPUT_DIR leaked into the tool environment
/Users/node4/Downloads/Converter-wt/0031/Sources/Tests/converterTests/converterTests.swift:43: error: -[converterTests.converterTests testUnitMakeToolIgnoresHostConfigAndDebugOverrides] : XCTAssertNil failed: "/nonexistent" - SRC_DIR leaked into the tool environment
/Users/node4/Downloads/Converter-wt/0031/Sources/Tests/converterTests/converterTests.swift:43: error: -[converterTests.converterTests testUnitMakeToolIgnoresHostConfigAndDebugOverrides] : XCTAssertNil failed: "/nonexistent" - OUT_DIR leaked into the tool environment
/Users/node4/Downloads/Converter-wt/0031/Sources/Tests/converterTests/converterTests.swift:43: error: -[converterTests.converterTests testUnitMakeToolIgnoresHostConfigAndDebugOverrides] : XCTAssertNil failed: "/nonexistent/config.txt" - CONFIG_FILE leaked into the tool environment
/Users/node4/Downloads/Converter-wt/0031/Sources/Tests/converterTests/converterTests.swift:43: error: -[converterTests.converterTests testUnitMakeToolIgnoresHostConfigAndDebugOverrides] : XCTAssertNil failed: "1" - DEBUG leaked into the tool environment
Test Case '-[converterTests.converterTests testUnitMakeToolIgnoresHostConfigAndDebugOverrides]' failed (0.002 seconds).
Test Suite 'converterTests' failed at 2026-09-13 20:18:50.881.
	 Executed 1 test, with 7 failures (0 unexpected) in 0.002 (0.002) seconds
Test Suite 'converterPackageTests.xctest' failed at 2026-09-13 20:18:50.881.
	 Executed 2 tests, with 17 failures (0 unexpected) in 0.099 (0.099) seconds
Test Suite 'Selected tests' failed at 2026-09-13 20:18:50.881.
	 Executed 2 tests, with 17 failures (0 unexpected) in 0.099 (0.100) seconds
◇ Test run started.
↳ Testing Library Version: 1902
↳ Target Platform: arm64e-apple-macos14.0
✔ Test run with 0 tests in 0 suites passed after 0.001 seconds.
