[0/1] Planning build
Building for debugging...
[0/6] Write swift-version--58304C5D6DBC2206.txt
[2/21] Compiling converter Support.swift
[3/21] Compiling converter ValidationPipeline.swift
[4/21] Compiling converter ProcessRunner.swift
[5/21] Compiling converter QualityReporting.swift
[6/22] Compiling converter VideoPipeline.swift
[7/22] Compiling converter Main.swift
[8/22] Compiling converter PipelineCore.swift
[9/22] Compiling converter ImagePipeline.swift
[10/22] Compiling converter LosslessAudioPipeline.swift
[11/22] Compiling converter DependencyBootstrap.swift
[12/22] Compiling converter Diagnostics.swift
[13/22] Compiling converter CLI.swift
[14/22] Compiling converter Config.swift
[15/22] Emitting module converter
[16/22] Compiling converter Actions.swift
[17/22] Compiling converter AudioPipeline.swift
[17/21] Linking converter
[18/21] Applying converter
[20/25] Compiling converterTests PipelineIntegrationTests.swift
[21/25] Compiling converterTests IntegrationTestSupport.swift
[22/25] Compiling converterTests converterTests.swift
[23/25] Emitting module converterTests
[24/27] Emitting module converterPackageTests
[25/27] Compiling converterPackageTests runner.swift
[25/26] Linking converterPackageTests
Build complete! (3.80s)
Test Suite 'Selected tests' started at 2026-09-13 20:22:19.638.
Test Suite 'converterPackageTests.xctest' started at 2026-09-13 20:22:19.639.
Test Suite 'converterTests' started at 2026-09-13 20:22:19.639.
Test Case '-[converterTests.converterTests testPublishTempKeepsDestinationWhenBackupMoveFails]' started.
Test Case '-[converterTests.converterTests testPublishTempKeepsDestinationWhenBackupMoveFails]' passed (0.006 seconds).
Test Case '-[converterTests.converterTests testPublishTempLeavesNoBackupBehind]' started.
Test Case '-[converterTests.converterTests testPublishTempLeavesNoBackupBehind]' passed (0.002 seconds).
Test Case '-[converterTests.converterTests testPublishTempRestoresPreviousVersionWhenTempMoveFails]' started.
/Users/node4/Downloads/Converter-wt/0032/Sources/Tests/converterTests/converterTests.swift:1347: error: -[converterTests.converterTests testPublishTempRestoresPreviousVersionWhenTempMoveFails] : XCTAssertTrue failed - previous version must be restored
/Users/node4/Downloads/Converter-wt/0032/Sources/Tests/converterTests/converterTests.swift:1348: error: -[converterTests.converterTests testPublishTempRestoresPreviousVersionWhenTempMoveFails] : XCTAssertEqual failed: threw error "Error Domain=NSCocoaErrorDomain Code=260 "The file “song.wav” couldn’t be opened because there is no such file." UserInfo={NSFilePath=/var/folders/k5/fzyk9mb96rqbc6_vnxv5mh3h0000gn/T/converter-test-E5A467FC-98F1-490B-969C-F4DC60AA642D/song.wav, NSURL=file:///var/folders/k5/fzyk9mb96rqbc6_vnxv5mh3h0000gn/T/converter-test-E5A467FC-98F1-490B-969C-F4DC60AA642D/song.wav, NSUnderlyingError=0x72e869440 {Error Domain=NSPOSIXErrorDomain Code=2 "No such file or directory"}}"
/Users/node4/Downloads/Converter-wt/0032/Sources/Tests/converterTests/converterTests.swift:1358: error: -[converterTests.converterTests testPublishTempRestoresPreviousVersionWhenTempMoveFails] : XCTAssertEqual failed: threw error "Error Domain=NSCocoaErrorDomain Code=260 "The file “song.wav” couldn’t be opened because there is no such file." UserInfo={NSFilePath=/var/folders/k5/fzyk9mb96rqbc6_vnxv5mh3h0000gn/T/converter-test-E5A467FC-98F1-490B-969C-F4DC60AA642D/song.wav, NSURL=file:///var/folders/k5/fzyk9mb96rqbc6_vnxv5mh3h0000gn/T/converter-test-E5A467FC-98F1-490B-969C-F4DC60AA642D/song.wav, NSUnderlyingError=0x72e86a610 {Error Domain=NSPOSIXErrorDomain Code=2 "No such file or directory"}}"
Test Case '-[converterTests.converterTests testPublishTempRestoresPreviousVersionWhenTempMoveFails]' failed (0.082 seconds).
Test Suite 'converterTests' failed at 2026-09-13 20:22:19.729.
	 Executed 3 tests, with 3 failures (2 unexpected) in 0.090 (0.090) seconds
Test Suite 'converterPackageTests.xctest' failed at 2026-09-13 20:22:19.729.
	 Executed 3 tests, with 3 failures (2 unexpected) in 0.090 (0.091) seconds
Test Suite 'Selected tests' failed at 2026-09-13 20:22:19.729.
	 Executed 3 tests, with 3 failures (2 unexpected) in 0.090 (0.091) seconds
◇ Test run started.
↳ Testing Library Version: 1902
↳ Target Platform: arm64e-apple-macos14.0
✔ Test run with 0 tests in 0 suites passed after 0.001 seconds.
