=== Weakening A: remove the '..' component guard in requireDirectChild ===
 Sources/converter/PipelineCore.swift | 3 ---
 1 file changed, 3 deletions(-)
Building for debugging...
[0/5] Write sources
[1/5] Write swift-version--58304C5D6DBC2206.txt
[3/7] Emitting module converter
[4/7] Compiling converter PipelineCore.swift
[4/9] Write Objects.LinkFileList
[5/9] Linking converter
[6/9] Applying converter
[7/9] Write Objects.LinkFileList
[8/9] Linking converterPackageTests
Build complete! (1.47s)
Test Suite 'Selected tests' started at 2026-09-13 20:19:50.557.
Test Suite 'converterPackageTests.xctest' started at 2026-09-13 20:19:50.557.
Test Suite 'converterTests' started at 2026-09-13 20:19:50.557.
Test Case '-[converterTests.converterTests testRequireDirectChildHandlesAbsolutePathsInsideAndOutsideOutDir]' started.
/Users/node4/Downloads/Converter-wt/0033/Sources/Tests/converterTests/converterTests.swift:1916: error: -[converterTests.converterTests testRequireDirectChildHandlesAbsolutePathsInsideAndOutsideOutDir] : XCTAssertThrowsError failed: did not throw an error - /var/folders/k5/fzyk9mb96rqbc6_vnxv5mh3h0000gn/T/A1A019DB-3F28-4981-991A-D63606B76641/out/sub/../x.wav
/Users/node4/Downloads/Converter-wt/0033/Sources/Tests/converterTests/converterTests.swift:1919: error: -[converterTests.converterTests testRequireDirectChildHandlesAbsolutePathsInsideAndOutsideOutDir] : XCTAssertThrowsError failed: did not throw an error - /var/folders/k5/fzyk9mb96rqbc6_vnxv5mh3h0000gn/T/A1A019DB-3F28-4981-991A-D63606B76641/out/sub/../x.wav
Test Case '-[converterTests.converterTests testRequireDirectChildHandlesAbsolutePathsInsideAndOutsideOutDir]' failed (0.075 seconds).
Test Case '-[converterTests.converterTests testRequireDirectChildRejectsRelativeEscapesSubfoldersAndSymlinkedSubfolders]' started.
/Users/node4/Downloads/Converter-wt/0033/Sources/Tests/converterTests/converterTests.swift:1869: error: -[converterTests.converterTests testRequireDirectChildRejectsRelativeEscapesSubfoldersAndSymlinkedSubfolders] : XCTAssertThrowsError failed: did not throw an error - sub/../x.wav
/Users/node4/Downloads/Converter-wt/0033/Sources/Tests/converterTests/converterTests.swift:1872: error: -[converterTests.converterTests testRequireDirectChildRejectsRelativeEscapesSubfoldersAndSymlinkedSubfolders] : XCTAssertThrowsError failed: did not throw an error - sub/../x.wav
/Users/node4/Downloads/Converter-wt/0033/Sources/Tests/converterTests/converterTests.swift:1875: error: -[converterTests.converterTests testRequireDirectChildRejectsRelativeEscapesSubfoldersAndSymlinkedSubfolders] : XCTAssertThrowsError failed: did not throw an error - sub/../x.wav
Test Case '-[converterTests.converterTests testRequireDirectChildRejectsRelativeEscapesSubfoldersAndSymlinkedSubfolders]' failed (0.002 seconds).
Test Case '-[converterTests.converterTests testRequireDirectChildResolvesSymlinkedOutDirOnBothSides]' started.
/Users/node4/Downloads/Converter-wt/0033/Sources/Tests/converterTests/converterTests.swift:1968: error: -[converterTests.converterTests testRequireDirectChildResolvesSymlinkedOutDirOnBothSides] : XCTAssertThrowsError failed: did not throw an error - ../real/x.wav
Test Case '-[converterTests.converterTests testRequireDirectChildResolvesSymlinkedOutDirOnBothSides]' failed (0.001 seconds).
Test Suite 'converterTests' failed at 2026-09-13 20:19:50.636.
	 Executed 3 tests, with 6 failures (0 unexpected) in 0.078 (0.079) seconds
Test Suite 'converterPackageTests.xctest' failed at 2026-09-13 20:19:50.636.
	 Executed 3 tests, with 6 failures (0 unexpected) in 0.078 (0.079) seconds
Test Suite 'Selected tests' failed at 2026-09-13 20:19:50.636.
	 Executed 3 tests, with 6 failures (0 unexpected) in 0.078 (0.079) seconds
◇ Test run started.
↳ Testing Library Version: 1902
↳ Target Platform: arm64e-apple-macos14.0
✔ Test run with 0 tests in 0 suites passed after 0.001 seconds.
restored A: 0 dirty prod files

=== Weakening B: drop resolvingSymlinksInPath() on both sides ===
 Sources/converter/PipelineCore.swift | 4 ++--
 1 file changed, 2 insertions(+), 2 deletions(-)
Building for debugging...
[0/5] Write sources
[1/5] Write swift-version--58304C5D6DBC2206.txt
[3/7] Compiling converter PipelineCore.swift
[4/7] Emitting module converter
[4/9] Write Objects.LinkFileList
[5/9] Linking converter
[6/9] Applying converter
[7/9] Write Objects.LinkFileList
[8/9] Linking converterPackageTests
Build complete! (1.49s)
Test Suite 'Selected tests' started at 2026-09-13 20:19:52.739.
Test Suite 'converterPackageTests.xctest' started at 2026-09-13 20:19:52.740.
Test Suite 'converterTests' started at 2026-09-13 20:19:52.740.
Test Case '-[converterTests.converterTests testRequireDirectChildHandlesAbsolutePathsInsideAndOutsideOutDir]' started.
Test Case '-[converterTests.converterTests testRequireDirectChildHandlesAbsolutePathsInsideAndOutsideOutDir]' passed (0.002 seconds).
Test Case '-[converterTests.converterTests testRequireDirectChildRejectsRelativeEscapesSubfoldersAndSymlinkedSubfolders]' started.
Test Case '-[converterTests.converterTests testRequireDirectChildRejectsRelativeEscapesSubfoldersAndSymlinkedSubfolders]' passed (0.001 seconds).
Test Case '-[converterTests.converterTests testRequireDirectChildResolvesSymlinkedOutDirOnBothSides]' started.
/Users/node4/Downloads/Converter-wt/0033/Sources/Tests/converterTests/converterTests.swift:1955: error: -[converterTests.converterTests testRequireDirectChildResolvesSymlinkedOutDirOnBothSides] : XCTAssertEqual failed: threw error "Output path must stay directly in '/var/folders/k5/fzyk9mb96rqbc6_vnxv5mh3h0000gn/T/5EF35340-9C4F-4C98-BE73-1F5708990B7E/link': /var/folders/k5/fzyk9mb96rqbc6_vnxv5mh3h0000gn/T/5EF35340-9C4F-4C98-BE73-1F5708990B7E/real/x.wav"
/Users/node4/Downloads/Converter-wt/0033/Sources/Tests/converterTests/converterTests.swift:1956: error: -[converterTests.converterTests testRequireDirectChildResolvesSymlinkedOutDirOnBothSides] : XCTAssertEqual failed: threw error "Input path must stay directly in '/var/folders/k5/fzyk9mb96rqbc6_vnxv5mh3h0000gn/T/5EF35340-9C4F-4C98-BE73-1F5708990B7E/link': /var/folders/k5/fzyk9mb96rqbc6_vnxv5mh3h0000gn/T/5EF35340-9C4F-4C98-BE73-1F5708990B7E/real/x.wav"
/Users/node4/Downloads/Converter-wt/0033/Sources/Tests/converterTests/converterTests.swift:1958: error: -[converterTests.converterTests testRequireDirectChildResolvesSymlinkedOutDirOnBothSides] : XCTAssertEqual failed: threw error "Input path must stay directly in '/var/folders/k5/fzyk9mb96rqbc6_vnxv5mh3h0000gn/T/5EF35340-9C4F-4C98-BE73-1F5708990B7E/real': /var/folders/k5/fzyk9mb96rqbc6_vnxv5mh3h0000gn/T/5EF35340-9C4F-4C98-BE73-1F5708990B7E/link/x.wav"
Test Case '-[converterTests.converterTests testRequireDirectChildResolvesSymlinkedOutDirOnBothSides]' failed (0.061 seconds).
Test Suite 'converterTests' failed at 2026-09-13 20:19:52.806.
	 Executed 3 tests, with 3 failures (3 unexpected) in 0.065 (0.066) seconds
Test Suite 'converterPackageTests.xctest' failed at 2026-09-13 20:19:52.806.
	 Executed 3 tests, with 3 failures (3 unexpected) in 0.065 (0.066) seconds
Test Suite 'Selected tests' failed at 2026-09-13 20:19:52.806.
	 Executed 3 tests, with 3 failures (3 unexpected) in 0.065 (0.066) seconds
◇ Test run started.
↳ Testing Library Version: 1902
↳ Target Platform: arm64e-apple-macos14.0
✔ Test run with 0 tests in 0 suites passed after 0.001 seconds.
restored B: 0 dirty prod files
