[0/1] Planning build
Building for debugging...
[0/6] Write swift-version--58304C5D6DBC2206.txt
[2/21] Compiling converter ImagePipeline.swift
[3/21] Compiling converter LosslessAudioPipeline.swift
[4/21] Compiling converter Main.swift
[5/21] Compiling converter PipelineCore.swift
[6/21] Compiling converter CLI.swift
[7/21] Compiling converter Config.swift
[8/21] Compiling converter ProcessRunner.swift
[9/21] Compiling converter QualityReporting.swift
[10/22] Compiling converter VideoPipeline.swift
[11/22] Compiling converter DependencyBootstrap.swift
[12/22] Compiling converter Diagnostics.swift
[13/22] Compiling converter Support.swift
[14/22] Compiling converter ValidationPipeline.swift
[15/22] Emitting module converter
[16/22] Compiling converter Actions.swift
[17/22] Compiling converter AudioPipeline.swift
[17/21] Linking converter
[18/21] Applying converter
[20/25] Compiling converterTests converterTests.swift
[21/25] Compiling converterTests IntegrationTestSupport.swift
[22/25] Emitting module converterTests
[23/25] Compiling converterTests PipelineIntegrationTests.swift
[24/27] Compiling converterPackageTests runner.swift
[25/27] Emitting module converterPackageTests
[25/26] Linking converterPackageTests
Build complete! (3.51s)
Test Suite 'Selected tests' started at 2026-09-13 20:19:36.652.
Test Suite 'converterPackageTests.xctest' started at 2026-09-13 20:19:36.652.
Test Suite 'converterTests' started at 2026-09-13 20:19:36.652.
Test Case '-[converterTests.converterTests testRequireDirectChildHandlesAbsolutePathsInsideAndOutsideOutDir]' started.
Test Case '-[converterTests.converterTests testRequireDirectChildHandlesAbsolutePathsInsideAndOutsideOutDir]' passed (0.003 seconds).
Test Case '-[converterTests.converterTests testRequireDirectChildRejectsRelativeEscapesSubfoldersAndSymlinkedSubfolders]' started.
Test Case '-[converterTests.converterTests testRequireDirectChildRejectsRelativeEscapesSubfoldersAndSymlinkedSubfolders]' passed (0.002 seconds).
Test Case '-[converterTests.converterTests testRequireDirectChildResolvesSymlinkedOutDirOnBothSides]' started.
Test Case '-[converterTests.converterTests testRequireDirectChildResolvesSymlinkedOutDirOnBothSides]' passed (0.001 seconds).
Test Suite 'converterTests' passed at 2026-09-13 20:19:36.658.
	 Executed 3 tests, with 0 failures (0 unexpected) in 0.006 (0.006) seconds
Test Suite 'converterPackageTests.xctest' passed at 2026-09-13 20:19:36.658.
	 Executed 3 tests, with 0 failures (0 unexpected) in 0.006 (0.006) seconds
Test Suite 'Selected tests' passed at 2026-09-13 20:19:36.658.
	 Executed 3 tests, with 0 failures (0 unexpected) in 0.006 (0.007) seconds
◇ Test run started.
↳ Testing Library Version: 1902
↳ Target Platform: arm64e-apple-macos14.0
✔ Test run with 0 tests in 0 suites passed after 0.001 seconds.
