[0/1] Planning build
Building for debugging...
[0/6] Write swift-version--58304C5D6DBC2206.txt
[2/21] Compiling converter ProcessRunner.swift
[3/21] Compiling converter QualityReporting.swift
[4/21] Compiling converter Support.swift
[5/21] Compiling converter ValidationPipeline.swift
[6/21] Compiling converter ImagePipeline.swift
[7/21] Compiling converter LosslessAudioPipeline.swift
[8/21] Compiling converter Main.swift
[9/21] Compiling converter PipelineCore.swift
[10/22] Compiling converter VideoPipeline.swift
[11/22] Compiling converter CLI.swift
[12/22] Compiling converter Config.swift
[13/22] Compiling converter DependencyBootstrap.swift
[14/22] Compiling converter Diagnostics.swift
[15/22] Compiling converter Actions.swift
[16/22] Compiling converter AudioPipeline.swift
[17/22] Emitting module converter
[17/21] Linking converter
[18/21] Applying converter
[20/25] Compiling converterTests converterTests.swift
[21/25] Compiling converterTests IntegrationTestSupport.swift
[22/25] Emitting module converterTests
[23/25] Compiling converterTests PipelineIntegrationTests.swift
[24/27] Compiling converterPackageTests runner.swift
[25/27] Emitting module converterPackageTests
[25/26] Linking converterPackageTests
Build complete! (3.64s)
Test Suite 'Selected tests' started at 2026-09-13 20:23:27.752.
Test Suite 'converterPackageTests.xctest' started at 2026-09-13 20:23:27.752.
Test Suite 'PipelineIntegrationTests' started at 2026-09-13 20:23:27.752.
Test Case '-[converterTests.PipelineIntegrationTests testRunCapsCapturedOutputAt64MiBOnBothStreams]' started.
Test Case '-[converterTests.PipelineIntegrationTests testRunCapsCapturedOutputAt64MiBOnBothStreams]' passed (7.585 seconds).
Test Case '-[converterTests.PipelineIntegrationTests testRunCapturedOutputCapBoundaryKeepsExactCapAndDropsOneByteOver]' started.
Test Case '-[converterTests.PipelineIntegrationTests testRunCapturedOutputCapBoundaryKeepsExactCapAndDropsOneByteOver]' passed (6.085 seconds).
Test Suite 'PipelineIntegrationTests' passed at 2026-09-13 20:23:41.423.
	 Executed 2 tests, with 0 failures (0 unexpected) in 13.670 (13.670) seconds
Test Suite 'converterPackageTests.xctest' passed at 2026-09-13 20:23:41.423.
	 Executed 2 tests, with 0 failures (0 unexpected) in 13.670 (13.670) seconds
Test Suite 'Selected tests' passed at 2026-09-13 20:23:41.423.
	 Executed 2 tests, with 0 failures (0 unexpected) in 13.670 (13.671) seconds
◇ Test run started.
↳ Testing Library Version: 1902
↳ Target Platform: arm64e-apple-macos14.0
✔ Test run with 0 tests in 0 suites passed after 0.001 seconds.
