[0/1] Planning build
Building for debugging...
[0/6] Write swift-version--58304C5D6DBC2206.txt
[2/21] Compiling converter CLI.swift
[3/21] Compiling converter Config.swift
[4/22] Compiling converter VideoPipeline.swift
[5/22] Compiling converter Main.swift
[6/22] Compiling converter PipelineCore.swift
[7/22] Compiling converter Support.swift
[8/22] Compiling converter ValidationPipeline.swift
[9/22] Compiling converter ProcessRunner.swift
[10/22] Compiling converter QualityReporting.swift
[11/22] Compiling converter ImagePipeline.swift
[12/22] Compiling converter LosslessAudioPipeline.swift
[13/22] Compiling converter Actions.swift
[14/22] Compiling converter AudioPipeline.swift
[15/22] Emitting module converter
[16/22] Compiling converter DependencyBootstrap.swift
[17/22] Compiling converter Diagnostics.swift
[17/21] Linking converter
[18/21] Applying converter
[20/25] Compiling converterTests PipelineIntegrationTests.swift
[21/25] Compiling converterTests IntegrationTestSupport.swift
[22/25] Emitting module converterTests
[23/25] Compiling converterTests converterTests.swift
[24/27] Compiling converterPackageTests runner.swift
[25/27] Emitting module converterPackageTests
[25/26] Linking converterPackageTests
Build complete! (3.55s)
Test Suite 'Selected tests' started at 2026-09-13 23:07:58.672.
Test Suite 'converterPackageTests.xctest' started at 2026-09-13 23:07:58.673.
Test Suite 'PipelineIntegrationTests' started at 2026-09-13 23:07:58.673.
Test Case '-[converterTests.PipelineIntegrationTests testLoudnessPreservingQCPolicyMeasuresOnlyTheLeadingLimitDurationSeconds]' started.
[2026-09-13 23:08:03] [converterTests] [INFO] Source already exceeds delivery QC on: true peak -0.57 dBTP (limit -1.00). Verifying the render does not worsen these, rather than altering the audio.
[2026-09-13 23:08:04] [converterTests] [INFO] Source already exceeds delivery QC on: true peak -0.57 dBTP (limit -1.00). Verifying the render does not worsen these, rather than altering the audio.
Test Case '-[converterTests.PipelineIntegrationTests testLoudnessPreservingQCPolicyMeasuresOnlyTheLeadingLimitDurationSeconds]' passed (6.102 seconds).
Test Case '-[converterTests.PipelineIntegrationTests testLoudnessPreservingQCPolicyRebasesOnlyTheBreachedTruePeakCeiling]' started.
[2026-09-13 23:08:06] [converterTests] [INFO] Source already exceeds delivery QC on: true peak -0.57 dBTP (limit -1.00). Verifying the render does not worsen these, rather than altering the audio.
Test Case '-[converterTests.PipelineIntegrationTests testLoudnessPreservingQCPolicyRebasesOnlyTheBreachedTruePeakCeiling]' passed (1.549 seconds).
Test Case '-[converterTests.PipelineIntegrationTests testLoudnessPreservingQCPolicyReturnsTheInputPolicyForACleanSource]' started.
Test Case '-[converterTests.PipelineIntegrationTests testLoudnessPreservingQCPolicyReturnsTheInputPolicyForACleanSource]' passed (1.550 seconds).
Test Case '-[converterTests.PipelineIntegrationTests testNFTToShortPreservesSourceLoudnessOnPortraitPath]' started.
[2026-09-13 23:08:08] [converterTests] [INFO] NFT -> Short source audio: hot_song.mp3
[2026-09-13 23:08:08] [converterTests] [INFO] NFT -> Short source image: Vertical_8K.png
[2026-09-13 23:08:09] [converterTests] [INFO] Source already exceeds delivery QC on: true peak -0.34 dBTP (limit -1.00). Verifying the render does not worsen these, rather than altering the audio.
[2026-09-13 23:08:09] [converterTests] [INFO] Short video encoders: libx264, h264_videotoolbox
[2026-09-13 23:08:12] [converterTests] [INFO] Created portrait short MP4: hot_song_8K_Short.mp4 [encoder=libx264]
[2026-09-13 23:08:13] [converterTests] [INFO] Source already exceeds delivery QC on: true peak -0.34 dBTP (limit -1.00). Verifying the render does not worsen these, rather than altering the audio.
[2026-09-13 23:08:13] [converterTests] [INFO] Short video encoders: libx264, h264_videotoolbox
[2026-09-13 23:08:16] [converterTests] [INFO] Created portrait short MP4: hot_song_8K_Short_FullSong.mp4 [encoder=libx264]
[2026-09-13 23:08:17] [converterTests] [INFO] Source already exceeds delivery QC on: true peak -0.34 dBTP (limit -1.00). Verifying the render does not worsen these, rather than altering the audio.
[2026-09-13 23:08:17] [converterTests] [INFO] Short video encoders: libx264, h264_videotoolbox
[2026-09-13 23:08:19] [converterTests] [INFO] Created portrait short MP4 (centre cut): hot_song_8K_Short_CenterCut.mp4 [encoder=libx264]
[2026-09-13 23:08:20] [converterTests] [INFO] Source already exceeds delivery QC on: true peak -0.34 dBTP (limit -1.00). Verifying the render does not worsen these, rather than altering the audio.
[2026-09-13 23:08:20] [converterTests] [INFO] Short video encoders: libx264, h264_videotoolbox
[2026-09-13 23:08:23] [converterTests] [INFO] Created portrait short MP4 (centre cut): hot_song_8K_Short_FullSong_CenterCut.mp4 [encoder=libx264]
Test Case '-[converterTests.PipelineIntegrationTests testNFTToShortPreservesSourceLoudnessOnPortraitPath]' passed (16.719 seconds).
Test Suite 'PipelineIntegrationTests' passed at 2026-09-13 23:08:24.593.
	 Executed 4 tests, with 0 failures (0 unexpected) in 25.920 (25.920) seconds
Test Suite 'converterPackageTests.xctest' passed at 2026-09-13 23:08:24.593.
	 Executed 4 tests, with 0 failures (0 unexpected) in 25.920 (25.920) seconds
Test Suite 'Selected tests' passed at 2026-09-13 23:08:24.593.
	 Executed 4 tests, with 0 failures (0 unexpected) in 25.920 (25.921) seconds
◇ Test run started.
↳ Testing Library Version: 1902
↳ Target Platform: arm64e-apple-macos14.0
✔ Test run with 0 tests in 0 suites passed after 0.001 seconds.
