[0/1] Planning build
Building for debugging...
[0/6] Write swift-version--58304C5D6DBC2206.txt
[2/21] Compiling converter ProcessRunner.swift
[3/21] Compiling converter QualityReporting.swift
[4/22] Compiling converter VideoPipeline.swift
[5/22] Compiling converter DependencyBootstrap.swift
[6/22] Compiling converter Diagnostics.swift
[7/22] Compiling converter Support.swift
[8/22] Compiling converter ValidationPipeline.swift
[9/22] Compiling converter Main.swift
[10/22] Compiling converter PipelineCore.swift
[11/22] Compiling converter Actions.swift
[12/22] Compiling converter AudioPipeline.swift
[13/22] Compiling converter ImagePipeline.swift
[14/22] Compiling converter LosslessAudioPipeline.swift
[15/22] Emitting module converter
[16/22] Compiling converter CLI.swift
[17/22] Compiling converter Config.swift
[17/21] Linking converter
[18/21] Applying converter
[20/25] Emitting module converterTests
[21/25] Compiling converterTests converterTests.swift
[22/25] Compiling converterTests IntegrationTestSupport.swift
[23/25] Compiling converterTests PipelineIntegrationTests.swift
[24/27] Compiling converterPackageTests runner.swift
[25/27] Emitting module converterPackageTests
[25/26] Linking converterPackageTests
Build complete! (3.39s)
Test Suite 'Selected tests' started at 2026-09-13 23:03:35.940.
Test Suite 'converterPackageTests.xctest' started at 2026-09-13 23:03:35.942.
Test Suite 'PipelineIntegrationTests' started at 2026-09-13 23:03:35.942.
Test Case '-[converterTests.PipelineIntegrationTests testCleanupOrphansRemovesTempFileOnceOwningChildHasExited]' started.
Test Case '-[converterTests.PipelineIntegrationTests testCleanupOrphansRemovesTempFileOnceOwningChildHasExited]' passed (0.080 seconds).
Test Case '-[converterTests.PipelineIntegrationTests testCleanupOrphansRetainsTempFilesOfLiveProcessesAndUnparsableNames]' started.
Test Case '-[converterTests.PipelineIntegrationTests testCleanupOrphansRetainsTempFilesOfLiveProcessesAndUnparsableNames]' passed (0.074 seconds).
Test Case '-[converterTests.PipelineIntegrationTests testCleanupTempsRemovesRunScopedHiddenTempFiles]' started.
Test Case '-[converterTests.PipelineIntegrationTests testCleanupTempsRemovesRunScopedHiddenTempFiles]' passed (0.005 seconds).
Test Suite 'PipelineIntegrationTests' passed at 2026-09-13 23:03:36.101.
	 Executed 3 tests, with 0 failures (0 unexpected) in 0.159 (0.159) seconds
Test Suite 'converterPackageTests.xctest' passed at 2026-09-13 23:03:36.101.
	 Executed 3 tests, with 0 failures (0 unexpected) in 0.159 (0.159) seconds
Test Suite 'Selected tests' passed at 2026-09-13 23:03:36.102.
	 Executed 3 tests, with 0 failures (0 unexpected) in 0.159 (0.162) seconds
◇ Test run started.
↳ Testing Library Version: 1902
↳ Target Platform: arm64e-apple-macos14.0
✔ Test run with 0 tests in 0 suites passed after 0.001 seconds.
