Building for debugging...
[0/5] Write sources
[1/5] Write swift-version--58304C5D6DBC2206.txt
[3/7] Emitting module converter
[4/7] Compiling converter PipelineCore.swift
[4/9] Write Objects.LinkFileList
[5/9] Linking converter
[6/9] Applying converter
[7/9] Write Objects.LinkFileList
[8/9] Linking converterPackageTests
Build complete! (1.43s)
Test Suite 'Selected tests' started at 2026-09-13 23:03:45.789.
Test Suite 'converterPackageTests.xctest' started at 2026-09-13 23:03:45.790.
Test Suite 'PipelineIntegrationTests' started at 2026-09-13 23:03:45.790.
Test Case '-[converterTests.PipelineIntegrationTests testCleanupOrphansRemovesTempFileOnceOwningChildHasExited]' started.
/Users/node4/Downloads/Converter-wt/0038/Sources/Tests/converterTests/PipelineIntegrationTests.swift:317: error: -[converterTests.PipelineIntegrationTests testCleanupOrphansRemovesTempFileOnceOwningChildHasExited] : XCTAssertTrue failed - temp must survive while the child runs
/Users/node4/Downloads/Converter-wt/0038/Sources/Tests/converterTests/PipelineIntegrationTests.swift:318: error: -[converterTests.PipelineIntegrationTests testCleanupOrphansRemovesTempFileOnceOwningChildHasExited] : XCTAssertTrue failed
Test Case '-[converterTests.PipelineIntegrationTests testCleanupOrphansRemovesTempFileOnceOwningChildHasExited]' failed (0.166 seconds).
Test Case '-[converterTests.PipelineIntegrationTests testCleanupOrphansRetainsTempFilesOfLiveProcessesAndUnparsableNames]' started.
/Users/node4/Downloads/Converter-wt/0038/Sources/Tests/converterTests/PipelineIntegrationTests.swift:272: error: -[converterTests.PipelineIntegrationTests testCleanupOrphansRetainsTempFilesOfLiveProcessesAndUnparsableNames] : XCTAssertFalse failed
/Users/node4/Downloads/Converter-wt/0038/Sources/Tests/converterTests/PipelineIntegrationTests.swift:273: error: -[converterTests.PipelineIntegrationTests testCleanupOrphansRetainsTempFilesOfLiveProcessesAndUnparsableNames] : XCTAssertFalse failed
/Users/node4/Downloads/Converter-wt/0038/Sources/Tests/converterTests/PipelineIntegrationTests.swift:274: error: -[converterTests.PipelineIntegrationTests testCleanupOrphansRetainsTempFilesOfLiveProcessesAndUnparsableNames] : XCTAssertFalse failed
/Users/node4/Downloads/Converter-wt/0038/Sources/Tests/converterTests/PipelineIntegrationTests.swift:284: error: -[converterTests.PipelineIntegrationTests testCleanupOrphansRetainsTempFilesOfLiveProcessesAndUnparsableNames] : XCTAssertTrue failed - temp of the live parent process must survive
/Users/node4/Downloads/Converter-wt/0038/Sources/Tests/converterTests/PipelineIntegrationTests.swift:285: error: -[converterTests.PipelineIntegrationTests testCleanupOrphansRetainsTempFilesOfLiveProcessesAndUnparsableNames] : XCTAssertTrue failed - temp of PID 1 (EPERM) must survive
/Users/node4/Downloads/Converter-wt/0038/Sources/Tests/converterTests/PipelineIntegrationTests.swift:286: error: -[converterTests.PipelineIntegrationTests testCleanupOrphansRetainsTempFilesOfLiveProcessesAndUnparsableNames] : XCTAssertTrue failed - temp of the running child must survive
/Users/node4/Downloads/Converter-wt/0038/Sources/Tests/converterTests/PipelineIntegrationTests.swift:292: error: -[converterTests.PipelineIntegrationTests testCleanupOrphansRetainsTempFilesOfLiveProcessesAndUnparsableNames] : XCTAssertEqual failed: threw error "Error Domain=NSCocoaErrorDomain Code=260 "The file “.converter-tmp.63303.mainmp4.libx264.4.mp4” couldn’t be opened because there is no such file." UserInfo={NSFilePath=/var/folders/k5/fzyk9mb96rqbc6_vnxv5mh3h0000gn/T/converter-tests.C3EEC6A7-6058-4E9B-9433-B4BD49758AAE/Output/.converter-tmp.63303.mainmp4.libx264.4.mp4, NSURL=file:///var/folders/k5/fzyk9mb96rqbc6_vnxv5mh3h0000gn/T/converter-tests.C3EEC6A7-6058-4E9B-9433-B4BD49758AAE/Output/.converter-tmp.63303.mainmp4.libx264.4.mp4, NSUnderlyingError=0x864869110 {Error Domain=NSPOSIXErrorDomain Code=2 "No such file or directory"}}"
Test Case '-[converterTests.PipelineIntegrationTests testCleanupOrphansRetainsTempFilesOfLiveProcessesAndUnparsableNames]' failed (0.081 seconds).
Test Case '-[converterTests.PipelineIntegrationTests testCleanupTempsRemovesRunScopedHiddenTempFiles]' started.
Test Case '-[converterTests.PipelineIntegrationTests testCleanupTempsRemovesRunScopedHiddenTempFiles]' passed (0.004 seconds).
Test Suite 'PipelineIntegrationTests' failed at 2026-09-13 23:03:46.041.
	 Executed 3 tests, with 9 failures (1 unexpected) in 0.251 (0.252) seconds
Test Suite 'converterPackageTests.xctest' failed at 2026-09-13 23:03:46.041.
	 Executed 3 tests, with 9 failures (1 unexpected) in 0.251 (0.252) seconds
Test Suite 'Selected tests' failed at 2026-09-13 23:03:46.041.
	 Executed 3 tests, with 9 failures (1 unexpected) in 0.251 (0.252) seconds
◇ Test run started.
↳ Testing Library Version: 1902
↳ Target Platform: arm64e-apple-macos14.0
✔ Test run with 0 tests in 0 suites passed after 0.001 seconds.
