# audit #0042 BEFORE: production fix stashed (tests present). swift test replaces the runner's stdin, so the built bundle is run directly with a pipe held open for 120 s on stdin (what a terminal looks like to a blocked read).
# command: (sleep 120) | xcrun xctest -XCTest '<test>' Sources/.build/debug/converterPackageTests.xctest
Test Case '-[converterTests.PipelineIntegrationTests testRunGivesChildrenNoStdin]' started.
/Users/node4/Downloads/Converter-wt/runtime/Sources/converter/ProcessRunner.swift:184: error: -[converterTests.PipelineIntegrationTests testRunGivesChildrenNoStdin] : failed: caught error: "Command timed out after 3 seconds: /bin/sh -c "read x; echo \"got:$x\"""
Test Case '-[converterTests.PipelineIntegrationTests testRunGivesChildrenNoStdin]' failed (3.145 seconds).
Test Suite 'PipelineIntegrationTests' failed at 2026-09-13 23:14:03.688.
	 Executed 1 test, with 1 failure (1 unexpected) in 3.145 (3.145) seconds
Test Suite 'converterPackageTests.xctest' failed at 2026-09-13 23:14:03.688.
	 Executed 1 test, with 1 failure (1 unexpected) in 3.145 (3.145) seconds
Test Suite 'Selected tests' failed at 2026-09-13 23:14:03.688.
	 Executed 1 test, with 1 failure (1 unexpected) in 3.145 (3.146) seconds
Test Case '-[converterTests.converterTests testDependencyProbeGivesToolsNoStdin]' started.
/Users/node4/Downloads/Converter-wt/runtime/Sources/Tests/converterTests/converterTests.swift:82: error: -[converterTests.converterTests testDependencyProbeGivesToolsNoStdin] : XCTAssertNoThrow failed: threw error "Missing required Homebrew package(s): ffmpeg, imagemagick. Install them with 'brew install ffmpeg, imagemagick' or set CONVERTER_AUTO_INSTALL_DEPS=1 to auto-install."
/Users/node4/Downloads/Converter-wt/runtime/Sources/Tests/converterTests/converterTests.swift:85: error: -[converterTests.converterTests testDependencyProbeGivesToolsNoStdin] : XCTAssertLessThan failed: ("20.15524399280548") is not less than ("5.0") - a probe must not wait on the terminal
Test Case '-[converterTests.converterTests testDependencyProbeGivesToolsNoStdin]' failed (20.160 seconds).
Test Suite 'converterTests' failed at 2026-09-13 23:16:20.669.
	 Executed 1 test, with 2 failures (0 unexpected) in 20.160 (20.160) seconds
Test Suite 'converterPackageTests.xctest' failed at 2026-09-13 23:16:20.669.
	 Executed 1 test, with 2 failures (0 unexpected) in 20.160 (20.161) seconds
Test Suite 'Selected tests' failed at 2026-09-13 23:16:20.669.
	 Executed 1 test, with 2 failures (0 unexpected) in 20.160 (20.161) seconds
