Test Suite 'Selected tests' started at 2026-09-13 23:23:10.457.
Test Suite 'converterPackageTests.xctest' started at 2026-09-13 23:23:10.457.
Test Suite 'PipelineIntegrationTests' started at 2026-09-13 23:23:10.457.
Test Case '-[converterTests.PipelineIntegrationTests testAudioConversionMatrixProducesVerifiedOutputs]' started.
Test Case '-[converterTests.PipelineIntegrationTests testAudioConversionMatrixProducesVerifiedOutputs]' passed (26.337 seconds).
Test Case '-[converterTests.PipelineIntegrationTests testBW64StructureRejectsDs64TextInsideBext]' started.
Test Case '-[converterTests.PipelineIntegrationTests testBW64StructureRejectsDs64TextInsideBext]' passed (1.711 seconds).
Test Case '-[converterTests.PipelineIntegrationTests testCanonicalPCMEquivalenceRejectsLengthAndChannelMismatch]' started.
Test Case '-[converterTests.PipelineIntegrationTests testCanonicalPCMEquivalenceRejectsLengthAndChannelMismatch]' passed (0.615 seconds).
Test Case '-[converterTests.PipelineIntegrationTests testCanonicalPCMVerifierRejectsMismatchedLosslessOutput]' started.
Test Case '-[converterTests.PipelineIntegrationTests testCanonicalPCMVerifierRejectsMismatchedLosslessOutput]' passed (0.279 seconds).
Test Case '-[converterTests.PipelineIntegrationTests testExistingExternalFLACIsRebuiltWhenCanonicalPCMDoesNotMatchSource]' started.
Test Case '-[converterTests.PipelineIntegrationTests testExistingExternalFLACIsRebuiltWhenCanonicalPCMDoesNotMatchSource]' passed (2.634 seconds).
Test Case '-[converterTests.PipelineIntegrationTests testExternalWAVStructureFindsBextChunkBeyond64KiB]' started.
Test Case '-[converterTests.PipelineIntegrationTests testExternalWAVStructureFindsBextChunkBeyond64KiB]' passed (0.622 seconds).
Test Case '-[converterTests.PipelineIntegrationTests testExternalWAVStructureIgnoresBextTextInsideListInfo]' started.
Test Case '-[converterTests.PipelineIntegrationTests testExternalWAVStructureIgnoresBextTextInsideListInfo]' passed (1.227 seconds).
Test Case '-[converterTests.PipelineIntegrationTests testFullAudioPreparationPreservesOriginalWAVForExternalFLACVariants]' started.
Test Case '-[converterTests.PipelineIntegrationTests testFullAudioPreparationPreservesOriginalWAVForExternalFLACVariants]' passed (2.878 seconds).
Test Suite 'PipelineIntegrationTests' passed at 2026-09-13 23:23:47.483.
	 Executed 9 tests, with 0 failures (0 unexpected) in 37.025 (37.026) seconds
Test Suite 'converterTests' started at 2026-09-13 23:23:47.483.
Test Case '-[converterTests.converterTests testCanonicalPCMComparisonScansWholeFileAndEnforcesPerSampleTolerance]' started.
Test Case '-[converterTests.converterTests testCanonicalPCMComparisonScansWholeFileAndEnforcesPerSampleTolerance]' passed (0.018 seconds).
Test Case '-[converterTests.converterTests testCanonicalPCMSampleDecodingAndLengthBoundaries]' started.
Test Case '-[converterTests.converterTests testCanonicalPCMSampleDecodingAndLengthBoundaries]' passed (0.001 seconds).
Test Case '-[converterTests.converterTests testContainsChunkRejectsMalformedRIFFStructures]' started.
Test Case '-[converterTests.converterTests testContainsChunkRejectsMalformedRIFFStructures]' passed (0.002 seconds).
Test Case '-[converterTests.converterTests testContainsChunkWalksChunksInsteadOfScanningBytes]' started.
Test Case '-[converterTests.converterTests testContainsChunkWalksChunksInsteadOfScanningBytes]' passed (0.001 seconds).
Test Case '-[converterTests.converterTests testWAVHeaderRejectsTruncatedWAVXAndMismatchedContainers]' started.
Test Case '-[converterTests.converterTests testWAVHeaderRejectsTruncatedWAVXAndMismatchedContainers]' passed (0.001 seconds).
Test Suite 'converterTests' passed at 2026-09-13 23:23:47.507.
	 Executed 5 tests, with 0 failures (0 unexpected) in 0.024 (0.024) seconds
Test Suite 'converterPackageTests.xctest' passed at 2026-09-13 23:23:47.507.
	 Executed 14 tests, with 0 failures (0 unexpected) in 37.048 (37.050) seconds
Test Suite 'Selected tests' passed at 2026-09-13 23:23:47.507.
	 Executed 14 tests, with 0 failures (0 unexpected) in 37.048 (37.050) seconds
◇ Test run started.
↳ Testing Library Version: 1902
↳ Target Platform: arm64e-apple-macos14.0
✔ Test run with 0 tests in 0 suites passed after 0.001 seconds.
