Building for debugging...
[0/6] Write sources
[2/6] Write swift-version--58304C5D6DBC2206.txt
[4/9] Compiling converter Config.swift
[5/9] Emitting module converter
[6/9] Compiling converter CLI.swift
[7/9] Compiling converterTests converterTests.swift
[8/9] Emitting module converterTests
[8/10] Write Objects.LinkFileList
[9/10] Linking converterPackageTests
Build complete! (2.80s)
Test Suite 'Selected tests' started at 2026-09-13 23:12:35.746.
Test Suite 'converterPackageTests.xctest' started at 2026-09-13 23:12:35.747.
Test Suite 'converterTests' started at 2026-09-13 23:12:35.747.
Test Case '-[converterTests.converterTests testArchiveProfileIsNoLongerAcceptedOrAdvertised]' started.
/Users/node4/Downloads/Converter-wt/config/Sources/Tests/converterTests/converterTests.swift:1210: error: -[converterTests.converterTests testArchiveProfileIsNoLongerAcceptedOrAdvertised] : XCTAssertThrowsError failed: did not throw an error
/Users/node4/Downloads/Converter-wt/config/Sources/Tests/converterTests/converterTests.swift:1227: error: -[converterTests.converterTests testArchiveProfileIsNoLongerAcceptedOrAdvertised] : XCTAssertThrowsError failed: did not throw an error
/Users/node4/Downloads/Converter-wt/config/Sources/Tests/converterTests/converterTests.swift:1231: error: -[converterTests.converterTests testArchiveProfileIsNoLongerAcceptedOrAdvertised] : XCTAssertEqual failed: ("["youtube_master", "youtube_short", "archive", "fast_preview"]") is not equal to ("["youtube_master", "youtube_short", "fast_preview"]")
/Users/node4/Downloads/Converter-wt/config/Sources/Tests/converterTests/converterTests.swift:1233: error: -[converterTests.converterTests testArchiveProfileIsNoLongerAcceptedOrAdvertised] : XCTAssertTrue failed
/Users/node4/Downloads/Converter-wt/config/Sources/Tests/converterTests/converterTests.swift:1234: error: -[converterTests.converterTests testArchiveProfileIsNoLongerAcceptedOrAdvertised] : XCTAssertFalse failed
Test Case '-[converterTests.converterTests testArchiveProfileIsNoLongerAcceptedOrAdvertised]' failed (0.093 seconds).
Test Suite 'converterTests' failed at 2026-09-13 23:12:35.840.
	 Executed 1 test, with 5 failures (0 unexpected) in 0.093 (0.093) seconds
Test Suite 'converterPackageTests.xctest' failed at 2026-09-13 23:12:35.840.
	 Executed 1 test, with 5 failures (0 unexpected) in 0.093 (0.093) seconds
Test Suite 'Selected tests' failed at 2026-09-13 23:12:35.840.
	 Executed 1 test, with 5 failures (0 unexpected) in 0.093 (0.094) seconds
◇ Test run started.
↳ Testing Library Version: 1902
↳ Target Platform: arm64e-apple-macos14.0
✔ Test run with 0 tests in 0 suites passed after 0.001 seconds.

# audit #0044 note: run with Config.swift, CLI.swift and config.txt reverted (archive profile still present).
