Building for debugging...
[0/5] Write sources
[1/5] Write swift-version--58304C5D6DBC2206.txt
[3/8] Compiling converter Config.swift
[4/8] Compiling converter CLI.swift
[5/8] Emitting module converter
[6/18] Compiling converter VideoPipeline.swift
[7/18] Compiling converter LosslessAudioPipeline.swift
[8/18] Compiling converter QualityReporting.swift
[9/18] Compiling converter Diagnostics.swift
[10/18] Compiling converter ImagePipeline.swift
[11/18] Compiling converter ValidationPipeline.swift
[12/18] Compiling converter Main.swift
[13/18] Compiling converter PipelineCore.swift
[14/18] Compiling converter Actions.swift
[15/18] Compiling converter AudioPipeline.swift
[15/20] Write Objects.LinkFileList
[16/20] Linking converter
[17/20] Applying converter
[19/22] Compiling converterTests converterTests.swift
[20/22] Emitting module converterTests
[20/22] Write Objects.LinkFileList
[21/22] Linking converterPackageTests
Build complete! (3.99s)
Test Suite 'Selected tests' started at 2026-09-13 23:12:56.037.
Test Suite 'converterPackageTests.xctest' started at 2026-09-13 23:12:56.038.
Test Suite 'converterTests' started at 2026-09-13 23:12:56.038.
Test Case '-[converterTests.converterTests testArchiveProfileIsNoLongerAcceptedOrAdvertised]' started.
Test Case '-[converterTests.converterTests testArchiveProfileIsNoLongerAcceptedOrAdvertised]' passed (0.004 seconds).
Test Case '-[converterTests.converterTests testBuiltInFastPreviewProfileOverridesRenderDefaults]' started.
Test Case '-[converterTests.converterTests testBuiltInFastPreviewProfileOverridesRenderDefaults]' passed (0.000 seconds).
Test Case '-[converterTests.converterTests testHelpListAndMatrixSkipRuntimeDependencyBootstrap]' started.
Test Case '-[converterTests.converterTests testHelpListAndMatrixSkipRuntimeDependencyBootstrap]' passed (0.000 seconds).
Test Case '-[converterTests.converterTests testHelpTextDistinguishesAlbumTxtAndDirectoryAlbumBuilds]' started.
Test Case '-[converterTests.converterTests testHelpTextDistinguishesAlbumTxtAndDirectoryAlbumBuilds]' passed (0.001 seconds).
Test Case '-[converterTests.converterTests testHelpTextMentionsFullRunContract]' started.
Test Case '-[converterTests.converterTests testHelpTextMentionsFullRunContract]' passed (0.003 seconds).
Test Case '-[converterTests.converterTests testProjectLoudnessDefaultsAreMinus12LUFS]' started.
Test Case '-[converterTests.converterTests testProjectLoudnessDefaultsAreMinus12LUFS]' passed (0.000 seconds).
Test Case '-[converterTests.converterTests testYouTubeShortProfileKeepsProjectMinus12LUFSTarget]' started.
Test Case '-[converterTests.converterTests testYouTubeShortProfileKeepsProjectMinus12LUFSTarget]' passed (0.000 seconds).
Test Suite 'converterTests' passed at 2026-09-13 23:12:56.046.
	 Executed 7 tests, with 0 failures (0 unexpected) in 0.008 (0.008) seconds
Test Suite 'converterPackageTests.xctest' passed at 2026-09-13 23:12:56.046.
	 Executed 7 tests, with 0 failures (0 unexpected) in 0.008 (0.008) seconds
Test Suite 'Selected tests' passed at 2026-09-13 23:12:56.046.
	 Executed 7 tests, with 0 failures (0 unexpected) in 0.008 (0.009) seconds
◇ Test run started.
↳ Testing Library Version: 1902
↳ Target Platform: arm64e-apple-macos14.0
✔ Test run with 0 tests in 0 suites passed after 0.001 seconds.
