[0/1] Planning build
Building for debugging...
[0/7] Write sources
[1/7] Write swift-version--58304C5D6DBC2206.txt
[3/22] Compiling converter Main.swift
[4/22] Compiling converter PipelineCore.swift
[5/22] Compiling converter ProcessRunner.swift
[6/22] Compiling converter QualityReporting.swift
[7/22] Compiling converter Support.swift
[8/22] Compiling converter ValidationPipeline.swift
[9/23] Compiling converter VideoPipeline.swift
[10/23] Compiling converter ImagePipeline.swift
[11/23] Compiling converter LosslessAudioPipeline.swift
[12/23] Compiling converter DependencyBootstrap.swift
[13/23] Compiling converter Diagnostics.swift
[14/23] Compiling converter CLI.swift
[15/23] Compiling converter Config.swift
[16/23] Compiling converter Actions.swift
[17/23] Compiling converter AudioPipeline.swift
[18/23] Emitting module converter
[18/22] Linking converter
[19/22] Applying converter
[21/26] Compiling converterTests converterTests.swift
[22/26] Compiling converterTests PipelineIntegrationTests.swift
[23/26] Emitting module converterTests
[24/26] Compiling converterTests IntegrationTestSupport.swift
[25/28] Compiling converterPackageTests runner.swift
[26/28] Emitting module converterPackageTests
[26/28] Write Objects.LinkFileList
[27/28] Linking converterPackageTests
Build complete! (4.09s)
Test Suite 'Selected tests' started at 2026-09-13 23:15:35.970.
Test Suite 'converterPackageTests.xctest' started at 2026-09-13 23:15:35.971.
Test Suite 'converterTests' started at 2026-09-13 23:15:35.971.
Test Case '-[converterTests.converterTests testArchiveProfileIsNoLongerAcceptedOrAdvertised]' started.
Test Case '-[converterTests.converterTests testArchiveProfileIsNoLongerAcceptedOrAdvertised]' passed (0.004 seconds).
Test Case '-[converterTests.converterTests testBuiltInFastPreviewProfileOverridesRenderDefaults]' started.
Test Case '-[converterTests.converterTests testBuiltInFastPreviewProfileOverridesRenderDefaults]' passed (0.000 seconds).
Test Case '-[converterTests.converterTests testMatrixInitializationDoesNotRequireProjectOutputDirectory]' started.
Test Case '-[converterTests.converterTests testMatrixInitializationDoesNotRequireProjectOutputDirectory]' passed (0.000 seconds).
Test Case '-[converterTests.converterTests testProjectLoudnessDefaultsAreMinus12LUFS]' started.
Test Case '-[converterTests.converterTests testProjectLoudnessDefaultsAreMinus12LUFS]' passed (0.000 seconds).
Test Case '-[converterTests.converterTests testShortDurationHelpersClampToInputDurationConfigAndHardLimit]' started.
Test Case '-[converterTests.converterTests testShortDurationHelpersClampToInputDurationConfigAndHardLimit]' passed (0.000 seconds).
Test Case '-[converterTests.converterTests testValidateRejectsH264VideoToolboxPrimaryAboveVideoToolboxSessionLimit]' started.
Test Case '-[converterTests.converterTests testValidateRejectsH264VideoToolboxPrimaryAboveVideoToolboxSessionLimit]' passed (0.006 seconds).
Test Case '-[converterTests.converterTests testYouTubeShortProfileKeepsLibx264PrimaryAtPortrait8K]' started.
Test Case '-[converterTests.converterTests testYouTubeShortProfileKeepsLibx264PrimaryAtPortrait8K]' passed (0.000 seconds).
Test Case '-[converterTests.converterTests testYouTubeShortProfileKeepsProjectMinus12LUFSTarget]' started.
Test Case '-[converterTests.converterTests testYouTubeShortProfileKeepsProjectMinus12LUFSTarget]' passed (0.000 seconds).
Test Suite 'converterTests' passed at 2026-09-13 23:15:35.983.
	 Executed 8 tests, with 0 failures (0 unexpected) in 0.011 (0.012) seconds
Test Suite 'converterPackageTests.xctest' passed at 2026-09-13 23:15:35.983.
	 Executed 8 tests, with 0 failures (0 unexpected) in 0.011 (0.012) seconds
Test Suite 'Selected tests' passed at 2026-09-13 23:15:35.983.
	 Executed 8 tests, with 0 failures (0 unexpected) in 0.011 (0.013) seconds
◇ Test run started.
↳ Testing Library Version: 1902
↳ Target Platform: arm64e-apple-macos14.0
✔ Test run with 0 tests in 0 suites passed after 0.001 seconds.
