[0/1] Planning build
Building for debugging...
[0/8] Write sources
[2/8] Write swift-version--58304C5D6DBC2206.txt
[4/23] Compiling converter ImagePipeline.swift
[5/23] Compiling converter LosslessAudioPipeline.swift
[6/24] Compiling converter VideoPipeline.swift
[7/24] Compiling converter ProcessRunner.swift
[8/24] Compiling converter QualityReporting.swift
[9/24] Compiling converter Main.swift
[10/24] Compiling converter PipelineCore.swift
[11/24] Compiling converter Support.swift
[12/24] Compiling converter ValidationPipeline.swift
[13/24] Compiling converter DependencyBootstrap.swift
[14/24] Compiling converter Diagnostics.swift
[15/24] Compiling converter CLI.swift
[16/24] Compiling converter Config.swift
[17/24] Emitting module converter
[18/24] Compiling converter Actions.swift
[19/24] Compiling converter AudioPipeline.swift
[19/23] Linking converter
[20/23] Applying converter
[22/27] Compiling converterTests IntegrationTestSupport.swift
[23/27] Compiling converterTests PipelineIntegrationTests.swift
[24/27] Compiling converterTests converterTests.swift
[25/27] Emitting module converterTests
[26/29] Compiling converterPackageTests runner.swift
[27/29] Emitting module converterPackageTests
[27/29] Write Objects.LinkFileList
[28/29] Linking converterPackageTests
Build complete! (4.03s)
Test Suite 'Selected tests' started at 2026-09-13 23:11:18.018.
Test Suite 'converterPackageTests.xctest' started at 2026-09-13 23:11:18.019.
Test Suite 'converterTests' started at 2026-09-13 23:11:18.019.
Test Case '-[converterTests.converterTests testConfigFileStartingWithUTF8BOMAppliesItsFirstKey]' started.
Test Case '-[converterTests.converterTests testConfigFileStartingWithUTF8BOMAppliesItsFirstKey]' passed (0.003 seconds).
Test Case '-[converterTests.converterTests testUnknownConfigKeyIsReportedAtWarnLevelNamingKeyAndFile]' started.
/Users/node4/Downloads/Converter-wt/config/Sources/Tests/converterTests/converterTests.swift:1090: error: -[converterTests.converterTests testUnknownConfigKeyIsReportedAtWarnLevelNamingKeyAndFile] : XCTAssertEqual failed: ("0") is not equal to ("1") - expected one line naming the unknown key, got: []
/Users/node4/Downloads/Converter-wt/config/Sources/Tests/converterTests/converterTests.swift:1091: error: -[converterTests.converterTests testUnknownConfigKeyIsReportedAtWarnLevelNamingKeyAndFile] : XCTAssertTrue failed - unknown key must be a warning: []
/Users/node4/Downloads/Converter-wt/config/Sources/Tests/converterTests/converterTests.swift:1092: error: -[converterTests.converterTests testUnknownConfigKeyIsReportedAtWarnLevelNamingKeyAndFile] : XCTAssertTrue failed - must name the file: []
Test Case '-[converterTests.converterTests testUnknownConfigKeyIsReportedAtWarnLevelNamingKeyAndFile]' failed (0.067 seconds).
Test Suite 'converterTests' failed at 2026-09-13 23:11:18.089.
	 Executed 2 tests, with 3 failures (0 unexpected) in 0.070 (0.070) seconds
Test Suite 'converterPackageTests.xctest' failed at 2026-09-13 23:11:18.089.
	 Executed 2 tests, with 3 failures (0 unexpected) in 0.070 (0.070) seconds
Test Suite 'Selected tests' failed at 2026-09-13 23:11:18.089.
	 Executed 2 tests, with 3 failures (0 unexpected) in 0.070 (0.071) seconds
◇ Test run started.
↳ Testing Library Version: 1902
↳ Target Platform: arm64e-apple-macos14.0
✔ Test run with 0 tests in 0 suites passed after 0.001 seconds.

# audit #0046 note: run with the Config.swift fix stashed (unknown keys still logged at debug level).
# The unknown-key test fails as expected (no WARN line). The BOM test passes on the unfixed tree:
# Foundation String(contentsOf:encoding:.utf8) already strips a leading UTF-8 BOM, so the finding premise
# "BOM not stripped" is wrong on this toolchain; the test pins that behaviour instead of forcing a change.
