[0/1] Planning build
Building for debugging...
[0/6] Write swift-version--58304C5D6DBC2206.txt
[2/21] Compiling converter CLI.swift
[3/21] Compiling converter Config.swift
[4/21] Compiling converter Actions.swift
[5/21] Compiling converter AudioPipeline.swift
[6/21] Compiling converter ProcessRunner.swift
[7/21] Compiling converter QualityReporting.swift
[8/21] Compiling converter ImagePipeline.swift
[9/21] Compiling converter LosslessAudioPipeline.swift
[10/21] Compiling converter DependencyBootstrap.swift
[11/21] Compiling converter Diagnostics.swift
[12/21] Compiling converter Support.swift
[13/21] Compiling converter ValidationPipeline.swift
[14/21] Emitting module converter
[15/21] Compiling converter Main.swift
[16/21] Compiling converter PipelineCore.swift
[17/22] Compiling converter VideoPipeline.swift
[17/21] Linking converter
[18/21] Applying converter
[20/25] Compiling converterTests converterTests.swift
[21/25] Compiling converterTests IntegrationTestSupport.swift
[22/25] Emitting module converterTests
[23/25] Compiling converterTests PipelineIntegrationTests.swift
[24/27] Compiling converterPackageTests runner.swift
[25/27] Emitting module converterPackageTests
[25/26] Linking converterPackageTests
Build complete! (4.63s)
Test Suite 'Selected tests' started at 2026-09-13 23:12:08.935.
Test Suite 'converterPackageTests.xctest' started at 2026-09-13 23:12:08.936.
Test Suite 'converterTests' started at 2026-09-13 23:12:08.936.
Test Case '-[converterTests.converterTests testBuiltInFastPreviewProfileOverridesRenderDefaults]' started.
Test Case '-[converterTests.converterTests testBuiltInFastPreviewProfileOverridesRenderDefaults]' passed (0.002 seconds).
Test Case '-[converterTests.converterTests testConfigFileStartingWithUTF8BOMAppliesItsFirstKey]' started.
Test Case '-[converterTests.converterTests testConfigFileStartingWithUTF8BOMAppliesItsFirstKey]' passed (0.002 seconds).
Test Case '-[converterTests.converterTests testInvalidLoudnormConfigTargetIsRejectedDuringLoad]' started.
Test Case '-[converterTests.converterTests testInvalidLoudnormConfigTargetIsRejectedDuringLoad]' passed (0.002 seconds).
Test Case '-[converterTests.converterTests testInvalidStringConfigIsRejectedDuringLoad]' started.
Test Case '-[converterTests.converterTests testInvalidStringConfigIsRejectedDuringLoad]' passed (0.002 seconds).
Test Case '-[converterTests.converterTests testProjectLoudnessDefaultsAreMinus12LUFS]' started.
Test Case '-[converterTests.converterTests testProjectLoudnessDefaultsAreMinus12LUFS]' passed (0.000 seconds).
Test Case '-[converterTests.converterTests testUnitMakeToolIgnoresHostConfigAndDebugOverrides]' started.
Test Case '-[converterTests.converterTests testUnitMakeToolIgnoresHostConfigAndDebugOverrides]' passed (0.000 seconds).
Test Case '-[converterTests.converterTests testUnknownConfigKeyIsReportedAtWarnLevelNamingKeyAndFile]' started.
Test Case '-[converterTests.converterTests testUnknownConfigKeyIsReportedAtWarnLevelNamingKeyAndFile]' passed (0.002 seconds).
Test Suite 'converterTests' passed at 2026-09-13 23:12:08.946.
	 Executed 7 tests, with 0 failures (0 unexpected) in 0.010 (0.010) seconds
Test Suite 'converterPackageTests.xctest' passed at 2026-09-13 23:12:08.947.
	 Executed 7 tests, with 0 failures (0 unexpected) in 0.010 (0.011) seconds
Test Suite 'Selected tests' passed at 2026-09-13 23:12:08.947.
	 Executed 7 tests, with 0 failures (0 unexpected) in 0.010 (0.011) seconds
◇ Test run started.
↳ Testing Library Version: 1902
↳ Target Platform: arm64e-apple-macos14.0
✔ Test run with 0 tests in 0 suites passed after 0.001 seconds.
