Test Suite 'Selected tests' started at 2026-09-13 23:29:49.021.
Test Suite 'converterPackageTests.xctest' started at 2026-09-13 23:29:49.021.
Test Suite 'PipelineIntegrationTests' started at 2026-09-13 23:29:49.022.
Test Case '-[converterTests.PipelineIntegrationTests testClippedSampleCeilingIsRebasedInTheRenderDomain]' started.
Test Case '-[converterTests.PipelineIntegrationTests testClippedSampleCeilingIsRebasedInTheRenderDomain]' passed (2.056 seconds).
Test Case '-[converterTests.PipelineIntegrationTests testNFTToShortComparesAgainstTrimmedSourceSegmentLoudness]' started.
Test Case '-[converterTests.PipelineIntegrationTests testNFTToShortComparesAgainstTrimmedSourceSegmentLoudness]' passed (13.419 seconds).
Test Case '-[converterTests.PipelineIntegrationTests testNFTToShortPreservesSourceLoudnessOnLandscapePath]' started.
Test Case '-[converterTests.PipelineIntegrationTests testNFTToShortPreservesSourceLoudnessOnLandscapePath]' passed (14.616 seconds).
Test Case '-[converterTests.PipelineIntegrationTests testNFTToShortPreservesSourceLoudnessOnPortraitPath]' started.
Test Case '-[converterTests.PipelineIntegrationTests testNFTToShortPreservesSourceLoudnessOnPortraitPath]' passed (14.133 seconds).
Test Case '-[converterTests.PipelineIntegrationTests testProbeCacheInvalidatesWhenFileFingerprintChanges]' started.
Test Case '-[converterTests.PipelineIntegrationTests testProbeCacheInvalidatesWhenFileFingerprintChanges]' passed (0.281 seconds).
Test Case '-[converterTests.PipelineIntegrationTests testShortBuildsLongSongFullSongVariant]' started.
Test Case '-[converterTests.PipelineIntegrationTests testShortBuildsLongSongFullSongVariant]' passed (48.252 seconds).
Test Case '-[converterTests.PipelineIntegrationTests testShortFromHotMP3IsNotRejectedForClippedSamplesItInherits]' started.
Test Case '-[converterTests.PipelineIntegrationTests testShortFromHotMP3IsNotRejectedForClippedSamplesItInherits]' passed (7.565 seconds).
Test Case '-[converterTests.PipelineIntegrationTests testSourceSegmentQCIsMeasuredOncePerSegmentAndRate]' started.
Test Case '-[converterTests.PipelineIntegrationTests testSourceSegmentQCIsMeasuredOncePerSegmentAndRate]' passed (4.066 seconds).
Test Suite 'PipelineIntegrationTests' passed at 2026-09-13 23:31:33.411.
	 Executed 8 tests, with 0 failures (0 unexpected) in 104.389 (104.390) seconds
Test Suite 'converterPackageTests.xctest' passed at 2026-09-13 23:31:33.411.
	 Executed 8 tests, with 0 failures (0 unexpected) in 104.389 (104.390) seconds
Test Suite 'Selected tests' passed at 2026-09-13 23:31:33.411.
	 Executed 8 tests, with 0 failures (0 unexpected) in 104.389 (104.391) seconds
◇ Test run started.
↳ Testing Library Version: 1902
↳ Target Platform: arm64e-apple-macos14.0
✔ Test run with 0 tests in 0 suites passed after 0.001 seconds.
