Building for debugging...
[0/6] Write sources
[2/6] Write swift-version--58304C5D6DBC2206.txt
[4/8] Compiling converter Config.swift
[5/8] Emitting module converter
[6/8] Emitting module converterTests
[7/8] Compiling converterTests converterTests.swift
[7/9] Write Objects.LinkFileList
[8/9] Linking converterPackageTests
Build complete! (2.48s)
Test Suite 'Selected tests' started at 2026-09-13 23:16:15.149.
Test Suite 'converterPackageTests.xctest' started at 2026-09-13 23:16:15.150.
Test Suite 'converterTests' started at 2026-09-13 23:16:15.150.
Test Case '-[converterTests.converterTests testShortClipSecondsAcceptsTimecodesAndRejectsNonPositiveOrMalformedValues]' started.
/Users/node4/Downloads/Converter-wt/config/Sources/Tests/converterTests/converterTests.swift:185: error: -[converterTests.converterTests testShortClipSecondsAcceptsTimecodesAndRejectsNonPositiveOrMalformedValues] : XCTAssertEqual failed: threw error "SHORT_MP4_CLIP_SECONDS must be numeric (got '0:58')"
/Users/node4/Downloads/Converter-wt/config/Sources/Tests/converterTests/converterTests.swift:186: error: -[converterTests.converterTests testShortClipSecondsAcceptsTimecodesAndRejectsNonPositiveOrMalformedValues] : XCTAssertEqual failed: threw error "SHORT_MP4_CLIP_SECONDS must be numeric (got '1:30')"
/Users/node4/Downloads/Converter-wt/config/Sources/Tests/converterTests/converterTests.swift:187: error: -[converterTests.converterTests testShortClipSecondsAcceptsTimecodesAndRejectsNonPositiveOrMalformedValues] : XCTAssertEqual failed: threw error "SHORT_MP4_CLIP_SECONDS must be numeric (got '0:01:30.5')"
Test Case '-[converterTests.converterTests testShortClipSecondsAcceptsTimecodesAndRejectsNonPositiveOrMalformedValues]' failed (0.085 seconds).
Test Case '-[converterTests.converterTests testShortDurationHelpersClampToInputDurationConfigAndHardLimit]' started.
/Users/node4/Downloads/Converter-wt/config/Sources/converter/Config.swift:505: error: -[converterTests.converterTests testShortDurationHelpersClampToInputDurationConfigAndHardLimit] : failed: caught error: "SHORT_MP4_CLIP_SECONDS must be numeric (got '0:30')"
Test Case '-[converterTests.converterTests testShortDurationHelpersClampToInputDurationConfigAndHardLimit]' failed (0.002 seconds).
Test Suite 'converterTests' failed at 2026-09-13 23:16:15.237.
	 Executed 2 tests, with 4 failures (4 unexpected) in 0.087 (0.087) seconds
Test Suite 'converterPackageTests.xctest' failed at 2026-09-13 23:16:15.237.
	 Executed 2 tests, with 4 failures (4 unexpected) in 0.087 (0.087) seconds
Test Suite 'Selected tests' failed at 2026-09-13 23:16:15.237.
	 Executed 2 tests, with 4 failures (4 unexpected) in 0.087 (0.088) seconds
◇ Test run started.
↳ Testing Library Version: 1902
↳ Target Platform: arm64e-apple-macos14.0
✔ Test run with 0 tests in 0 suites passed after 0.001 seconds.

# audit #0063 note: run with the Config.swift change reverted (validate() still uses Double() for SHORT_MP4_CLIP_SECONDS).
