Building for debugging...
[0/5] Write sources
[1/5] Write swift-version--58304C5D6DBC2206.txt
[3/7] Compiling converter Support.swift
[4/7] Emitting module converter
[4/9] Write Objects.LinkFileList
[5/9] Linking converter
[6/9] Applying converter
[8/10] Emitting module converterTests
[8/10] Write Objects.LinkFileList
[9/10] Linking converterPackageTests
Build complete! (1.93s)
Test Suite 'Selected tests' started at 2026-09-13 23:23:03.237.
Test Suite 'converterPackageTests.xctest' started at 2026-09-13 23:23:03.238.
Test Suite 'converterTests' started at 2026-09-13 23:23:03.238.
Test Case '-[converterTests.converterTests testInvalidLoudnormConfigTargetIsRejectedDuringLoad]' started.
Test Case '-[converterTests.converterTests testInvalidLoudnormConfigTargetIsRejectedDuringLoad]' passed (0.003 seconds).
Test Case '-[converterTests.converterTests testLoudnormArgumentClampsAreInclusiveAtTheExactBounds]' started.
Test Case '-[converterTests.converterTests testLoudnormArgumentClampsAreInclusiveAtTheExactBounds]' passed (0.001 seconds).
Test Case '-[converterTests.converterTests testLoudnormArgumentRoundingNeverLeavesTheAcceptedRange]' started.
Test Case '-[converterTests.converterTests testLoudnormArgumentRoundingNeverLeavesTheAcceptedRange]' passed (0.362 seconds).
Test Case '-[converterTests.converterTests testLoudnormArgumentsStayInsideFFmpegsAcceptedRanges]' started.
Test Case '-[converterTests.converterTests testLoudnormArgumentsStayInsideFFmpegsAcceptedRanges]' passed (0.000 seconds).
Test Case '-[converterTests.converterTests testLoudnormJSONParsingIgnoresBracesInInputMetadata]' started.
Test Case '-[converterTests.converterTests testLoudnormJSONParsingIgnoresBracesInInputMetadata]' passed (0.001 seconds).
Test Case '-[converterTests.converterTests testLoudnormJSONParsingToleratesSurroundingFilterOutput]' started.
Test Case '-[converterTests.converterTests testLoudnormJSONParsingToleratesSurroundingFilterOutput]' passed (0.000 seconds).
Test Case '-[converterTests.converterTests testNumericFormattingAndBitrateParsingUseStableFFmpegForms]' started.
Test Case '-[converterTests.converterTests testNumericFormattingAndBitrateParsingUseStableFFmpegForms]' passed (0.002 seconds).
Test Suite 'converterTests' passed at 2026-09-13 23:23:03.608.
	 Executed 7 tests, with 0 failures (0 unexpected) in 0.369 (0.370) seconds
Test Suite 'converterPackageTests.xctest' passed at 2026-09-13 23:23:03.608.
	 Executed 7 tests, with 0 failures (0 unexpected) in 0.369 (0.370) seconds
Test Suite 'Selected tests' passed at 2026-09-13 23:23:03.608.
	 Executed 7 tests, with 0 failures (0 unexpected) in 0.369 (0.371) seconds
◇ Test run started.
↳ Testing Library Version: 1902
↳ Target Platform: arm64e-apple-macos14.0
✔ Test run with 0 tests in 0 suites passed after 0.001 seconds.
