[0/1] Planning build
Building for debugging...
[0/6] Write swift-version--58304C5D6DBC2206.txt
[2/21] Compiling converter ProcessRunner.swift
[3/21] Compiling converter QualityReporting.swift
[4/22] Compiling converter VideoPipeline.swift
[5/22] Compiling converter Main.swift
[6/22] Compiling converter PipelineCore.swift
[7/22] Compiling converter ImagePipeline.swift
[8/22] Compiling converter LosslessAudioPipeline.swift
[9/22] Compiling converter Support.swift
[10/22] Compiling converter ValidationPipeline.swift
[11/22] Compiling converter DependencyBootstrap.swift
[12/22] Compiling converter Diagnostics.swift
[13/22] Compiling converter CLI.swift
[14/22] Compiling converter Config.swift
[15/22] Emitting module converter
[16/22] Compiling converter Actions.swift
[17/22] Compiling converter AudioPipeline.swift
[17/21] Linking converter
[18/21] Applying converter
[20/25] Compiling converterTests IntegrationTestSupport.swift
[21/25] Emitting module converterTests
[22/25] Compiling converterTests PipelineIntegrationTests.swift
[23/25] Compiling converterTests converterTests.swift
[24/27] Emitting module converterPackageTests
[25/27] Compiling converterPackageTests runner.swift
[25/26] Linking converterPackageTests
Build complete! (3.72s)
Test Suite 'Selected tests' started at 2026-09-13 23:21:37.584.
Test Suite 'converterPackageTests.xctest' started at 2026-09-13 23:21:37.585.
Test Suite 'converterTests' started at 2026-09-13 23:21:37.585.
Test Case '-[converterTests.converterTests testBuiltInFastPreviewProfileOverridesRenderDefaults]' started.
Test Case '-[converterTests.converterTests testBuiltInFastPreviewProfileOverridesRenderDefaults]' passed (0.001 seconds).
Test Case '-[converterTests.converterTests testConfigRangeRulesAcceptTheirBoundaryValues]' started.
Test Case '-[converterTests.converterTests testConfigRangeRulesAcceptTheirBoundaryValues]' passed (0.015 seconds).
Test Case '-[converterTests.converterTests testEveryConfigRuleRejectsAnInvalidValueNamingTheKey]' started.
Test Case '-[converterTests.converterTests testEveryConfigRuleRejectsAnInvalidValueNamingTheKey]' passed (0.061 seconds).
Test Case '-[converterTests.converterTests testInvalidLoudnormConfigTargetIsRejectedDuringLoad]' started.
Test Case '-[converterTests.converterTests testInvalidLoudnormConfigTargetIsRejectedDuringLoad]' passed (0.002 seconds).
Test Case '-[converterTests.converterTests testInvalidStringConfigIsRejectedDuringLoad]' started.
Test Case '-[converterTests.converterTests testInvalidStringConfigIsRejectedDuringLoad]' passed (0.002 seconds).
Test Case '-[converterTests.converterTests testProjectLoudnessDefaultsAreMinus12LUFS]' started.
Test Case '-[converterTests.converterTests testProjectLoudnessDefaultsAreMinus12LUFS]' passed (0.000 seconds).
Test Case '-[converterTests.converterTests testRepositoryConfigKeysAreSupportedAndTheFileLoadsWithoutWarnings]' started.
Test Case '-[converterTests.converterTests testRepositoryConfigKeysAreSupportedAndTheFileLoadsWithoutWarnings]' passed (0.001 seconds).
Test Case '-[converterTests.converterTests testShortClipSecondsAcceptsTimecodesAndRejectsNonPositiveOrMalformedValues]' started.
Test Case '-[converterTests.converterTests testShortClipSecondsAcceptsTimecodesAndRejectsNonPositiveOrMalformedValues]' passed (0.008 seconds).
Test Case '-[converterTests.converterTests testUnknownConfigKeyIsReportedAtWarnLevelNamingKeyAndFile]' started.
Test Case '-[converterTests.converterTests testUnknownConfigKeyIsReportedAtWarnLevelNamingKeyAndFile]' passed (0.002 seconds).
Test Case '-[converterTests.converterTests testValidateRejectsH264VideoToolboxPrimaryAboveVideoToolboxSessionLimit]' started.
Test Case '-[converterTests.converterTests testValidateRejectsH264VideoToolboxPrimaryAboveVideoToolboxSessionLimit]' passed (0.005 seconds).
Test Suite 'converterTests' passed at 2026-09-13 23:21:37.682.
	 Executed 10 tests, with 0 failures (0 unexpected) in 0.097 (0.098) seconds
Test Suite 'converterPackageTests.xctest' passed at 2026-09-13 23:21:37.683.
	 Executed 10 tests, with 0 failures (0 unexpected) in 0.097 (0.098) seconds
Test Suite 'Selected tests' passed at 2026-09-13 23:21:37.683.
	 Executed 10 tests, with 0 failures (0 unexpected) in 0.097 (0.098) seconds
◇ Test run started.
↳ Testing Library Version: 1902
↳ Target Platform: arm64e-apple-macos14.0
✔ Test run with 0 tests in 0 suites passed after 0.001 seconds.
