Test Suite 'Selected tests' started at 2026-09-13 23:36:21.912.
Test Suite 'converterPackageTests.xctest' started at 2026-09-13 23:36:21.912.
Test Suite 'PipelineIntegrationTests' started at 2026-09-13 23:36:21.912.
Test Case '-[converterTests.PipelineIntegrationTests testClippedSampleCeilingIsRebasedInTheRenderDomain]' started.
Test Case '-[converterTests.PipelineIntegrationTests testClippedSampleCeilingIsRebasedInTheRenderDomain]' passed (1.999 seconds).
Test Case '-[converterTests.PipelineIntegrationTests testLoudnessNormalizeKeepsPeakConstrainedMP4Transparent]' started.
Test Case '-[converterTests.PipelineIntegrationTests testLoudnessNormalizeKeepsPeakConstrainedMP4Transparent]' passed (5.258 seconds).
Test Case '-[converterTests.PipelineIntegrationTests testLUFSRebaseMovesOnlyTheBreachedBound]' started.
Test Case '-[converterTests.PipelineIntegrationTests testLUFSRebaseMovesOnlyTheBreachedBound]' passed (2.468 seconds).
Test Case '-[converterTests.PipelineIntegrationTests testMasterCanonicalWAVRemediatesOutOfPolicyLoudness]' started.
Test Case '-[converterTests.PipelineIntegrationTests testMasterCanonicalWAVRemediatesOutOfPolicyLoudness]' passed (4.467 seconds).
Test Case '-[converterTests.PipelineIntegrationTests testNFTToShortPreservesSourceLoudnessOnLandscapePath]' started.
Test Case '-[converterTests.PipelineIntegrationTests testNFTToShortPreservesSourceLoudnessOnLandscapePath]' passed (14.469 seconds).
Test Case '-[converterTests.PipelineIntegrationTests testNFTToShortPreservesSourceLoudnessOnPortraitPath]' started.
Test Case '-[converterTests.PipelineIntegrationTests testNFTToShortPreservesSourceLoudnessOnPortraitPath]' passed (13.740 seconds).
Test Case '-[converterTests.PipelineIntegrationTests testRejectsStereoImbalancedOutputWhenPolicyIsStrict]' started.
Test Case '-[converterTests.PipelineIntegrationTests testRejectsStereoImbalancedOutputWhenPolicyIsStrict]' passed (2.669 seconds).
Test Case '-[converterTests.PipelineIntegrationTests testShortFromHotMP3IsNotRejectedForClippedSamplesItInherits]' started.
Test Case '-[converterTests.PipelineIntegrationTests testShortFromHotMP3IsNotRejectedForClippedSamplesItInherits]' passed (7.405 seconds).
Test Case '-[converterTests.PipelineIntegrationTests testSourceSegmentQCIsMeasuredOncePerSegmentAndRate]' started.
Test Case '-[converterTests.PipelineIntegrationTests testSourceSegmentQCIsMeasuredOncePerSegmentAndRate]' passed (4.008 seconds).
Test Suite 'PipelineIntegrationTests' passed at 2026-09-13 23:37:18.395.
	 Executed 9 tests, with 0 failures (0 unexpected) in 56.482 (56.483) seconds
Test Suite 'converterTests' started at 2026-09-13 23:37:18.395.
Test Case '-[converterTests.converterTests testLoudnessFallbackAcceptsMediaValidQCIssuesOnly]' started.
Test Case '-[converterTests.converterTests testLoudnessFallbackAcceptsMediaValidQCIssuesOnly]' passed (0.001 seconds).
Test Suite 'converterTests' passed at 2026-09-13 23:37:18.396.
	 Executed 1 test, with 0 failures (0 unexpected) in 0.001 (0.001) seconds
Test Suite 'converterPackageTests.xctest' passed at 2026-09-13 23:37:18.396.
	 Executed 10 tests, with 0 failures (0 unexpected) in 56.482 (56.483) seconds
Test Suite 'Selected tests' passed at 2026-09-13 23:37:18.396.
	 Executed 10 tests, with 0 failures (0 unexpected) in 56.482 (56.484) seconds
◇ Test run started.
↳ Testing Library Version: 1902
↳ Target Platform: arm64e-apple-macos14.0
✔ Test run with 0 tests in 0 suites passed after 0.001 seconds.
Test Suite 'Selected tests' started at 2026-09-13 23:37:43.251.
Test Suite 'converterPackageTests.xctest' started at 2026-09-13 23:37:43.252.
Test Suite 'PipelineIntegrationTests' started at 2026-09-13 23:37:43.252.
Test Case '-[converterTests.PipelineIntegrationTests testLUFSRebaseMovesOnlyTheBreachedBound]' started.
Test Case '-[converterTests.PipelineIntegrationTests testLUFSRebaseMovesOnlyTheBreachedBound]' passed (2.575 seconds).
Test Suite 'PipelineIntegrationTests' passed at 2026-09-13 23:37:45.827.
	 Executed 1 test, with 0 failures (0 unexpected) in 2.575 (2.575) seconds
Test Suite 'converterTests' started at 2026-09-13 23:37:45.827.
Test Case '-[converterTests.converterTests testLoudnessFallbackAcceptsMediaValidQCIssuesOnly]' started.
Test Case '-[converterTests.converterTests testLoudnessFallbackAcceptsMediaValidQCIssuesOnly]' passed (0.001 seconds).
Test Suite 'converterTests' passed at 2026-09-13 23:37:45.828.
	 Executed 1 test, with 0 failures (0 unexpected) in 0.001 (0.001) seconds
Test Suite 'converterPackageTests.xctest' passed at 2026-09-13 23:37:45.828.
	 Executed 2 tests, with 0 failures (0 unexpected) in 2.576 (2.576) seconds
Test Suite 'Selected tests' passed at 2026-09-13 23:37:45.828.
	 Executed 2 tests, with 0 failures (0 unexpected) in 2.576 (2.577) seconds
◇ Test run started.
↳ Testing Library Version: 1902
↳ Target Platform: arm64e-apple-macos14.0
✔ Test run with 0 tests in 0 suites passed after 0.001 seconds.
