Building for debugging...
[0/4] Write swift-version--58304C5D6DBC2206.txt
Build complete! (0.10s)
Test Suite 'Selected tests' started at 2026-09-13 23:24:02.671.
Test Suite 'converterPackageTests.xctest' started at 2026-09-13 23:24:02.671.
Test Suite 'converterTests' started at 2026-09-13 23:24:02.671.
Test Case '-[converterTests.converterTests testConfigRangeRulesAcceptTheirBoundaryValues]' started.
Test Case '-[converterTests.converterTests testConfigRangeRulesAcceptTheirBoundaryValues]' passed (0.015 seconds).
Test Case '-[converterTests.converterTests testEveryConfigRuleRejectsAnInvalidValueNamingTheKey]' started.
Test Case '-[converterTests.converterTests testEveryConfigRuleRejectsAnInvalidValueNamingTheKey]' passed (0.059 seconds).
Test Case '-[converterTests.converterTests testEverySupportedConfigKeyIsDocumentedInRepositoryConfigWithItsDefault]' started.
Test Case '-[converterTests.converterTests testEverySupportedConfigKeyIsDocumentedInRepositoryConfigWithItsDefault]' passed (0.001 seconds).
Test Case '-[converterTests.converterTests testProjectLoudnessDefaultsAreMinus12LUFS]' started.
Test Case '-[converterTests.converterTests testProjectLoudnessDefaultsAreMinus12LUFS]' passed (0.000 seconds).
Test Case '-[converterTests.converterTests testRepositoryConfigKeysAreSupportedAndTheFileLoadsWithoutWarnings]' started.
Test Case '-[converterTests.converterTests testRepositoryConfigKeysAreSupportedAndTheFileLoadsWithoutWarnings]' passed (0.001 seconds).
Test Case '-[converterTests.converterTests testUnknownConfigKeyIsReportedAtWarnLevelNamingKeyAndFile]' started.
Test Case '-[converterTests.converterTests testUnknownConfigKeyIsReportedAtWarnLevelNamingKeyAndFile]' passed (0.002 seconds).
Test Suite 'converterTests' passed at 2026-09-13 23:24:02.750.
	 Executed 6 tests, with 0 failures (0 unexpected) in 0.078 (0.079) seconds
Test Suite 'converterPackageTests.xctest' passed at 2026-09-13 23:24:02.750.
	 Executed 6 tests, with 0 failures (0 unexpected) in 0.078 (0.079) seconds
Test Suite 'Selected tests' passed at 2026-09-13 23:24:02.750.
	 Executed 6 tests, with 0 failures (0 unexpected) in 0.078 (0.079) seconds
◇ Test run started.
↳ Testing Library Version: 1902
↳ Target Platform: arm64e-apple-macos14.0
✔ Test run with 0 tests in 0 suites passed after 0.001 seconds.
