[0/1] Planning build
Building for debugging...
[0/7] Write sources
[1/7] Write swift-version--58304C5D6DBC2206.txt
[3/22] Compiling converter Main.swift
[4/22] Compiling converter PipelineCore.swift
[5/22] Compiling converter ImagePipeline.swift
[6/22] Compiling converter LosslessAudioPipeline.swift
[7/22] Compiling converter ProcessRunner.swift
[8/22] Compiling converter QualityReporting.swift
[9/23] Compiling converter VideoPipeline.swift
[10/23] Compiling converter Support.swift
[11/23] Compiling converter ValidationPipeline.swift
[12/23] Compiling converter DependencyBootstrap.swift
[13/23] Compiling converter Diagnostics.swift
[14/23] Compiling converter CLI.swift
[15/23] Compiling converter Config.swift
[16/23] Emitting module converter
[17/23] Compiling converter Actions.swift
[18/23] Compiling converter AudioPipeline.swift
[18/22] Linking converter
[19/22] Applying converter
[21/26] Compiling converterTests PipelineIntegrationTests.swift
[22/26] Compiling converterTests IntegrationTestSupport.swift
[23/26] Compiling converterTests converterTests.swift
[24/26] Emitting module converterTests
[25/28] Emitting module converterPackageTests
[26/28] Compiling converterPackageTests runner.swift
[26/28] Write Objects.LinkFileList
[27/28] Linking converterPackageTests
Build complete! (4.47s)
Test Suite 'Selected tests' started at 2026-09-13 23:23:49.388.
Test Suite 'converterPackageTests.xctest' started at 2026-09-13 23:23:49.389.
Test Suite 'converterTests' started at 2026-09-13 23:23:49.389.
Test Case '-[converterTests.converterTests testEverySupportedConfigKeyIsDocumentedInRepositoryConfigWithItsDefault]' started.
/Users/node4/Downloads/Converter-wt/config/Sources/Tests/converterTests/converterTests.swift:1464: error: -[converterTests.converterTests testEverySupportedConfigKeyIsDocumentedInRepositoryConfigWithItsDefault] : XCTAssertEqual failed: ("["CRC_CHUNK_BYTES", "DURATION_TOLERANCE_SEC", "PREFLIGHT_SECONDS"]") is not equal to ("[]") - supported keys missing from config.txt
/Users/node4/Downloads/Converter-wt/config/Sources/Tests/converterTests/converterTests.swift:1465: error: -[converterTests.converterTests testEverySupportedConfigKeyIsDocumentedInRepositoryConfigWithItsDefault] : XCTAssertEqual failed: ("["WAV_CODEC", "IMAGE_AIPIX_PNG_COMPRESSION_LEVEL", "M4A_CHANNELS", "VIDEO_MP4_SOFTWARE_PRESET", "VIDEO_MP4_SCALE_FILTER", "WAV_WRITE_BEXT", "PROFILE", "SHORT_MP4_VIDEO_CRF", "IMAGE_2K_SIZE", "VIDEO_COLOR_SPACE", "SHORT_AUDIO_QC_MAX_LOUDNESS_RANGE", "VIDEO_MP4_VT_QUALITY", "SHORT_AUDIO_QC_LUFS_TOLERANCE", "AUDIO_QC_MAX_CLIPPED_SAMPLES", "SHORT_AUDIO_QC_TARGET_LUFS", "VIDEO_MP4_SOFTWARE_CRF", "AUDIO_QC_TARGET_LUFS", "SHORT_MP4_SCALE_W", "MP3_BITRATE", "FLAC_SAMPLE_RATE", "M4A_SAMPLE_RATE", "VIDEO_MP4_AUDIO_SAMPLE_RATE", "SHORT_MP4_VIDEO_FALLBACKS", "AUDIO_QC_MAX_DC_OFFSET", "MASTERING_TARGET_LUFS", "VIDEO_MP4_TAG", "VIDEO_MP4_ENCODER_FALLBACKS", "SHORT_MP4_CLIP_SECONDS", "WAV_FADE_DUR", "IMAGE_8K_WIDTH", "VIDEO_MP4_VERIFY_CODEC", "VIDEO_MP4_WIDTH", "VIDEO_COLOR_RANGE", "VIDEO_MP4_HEIGHT", "IMAGE_OUTPUT_COLORSPACE", "IMAGE_4K_HEIGHT", "SHORT_MP4_VT_QUALITY", "AUDIO_QC_LUFS_TOLERANCE", "VIDEO_MP4_INPUT_FPS", "MP3_MIN_BITRATE_BPS", "VIDEO_MP4_PIXEL_FORMAT", "VIDEO_COLOR_PRIMARIES", "IMAGE_JPG_TO_PNG_COMPRESSION_LEVEL", "IMAGE_8K_JPG_1MB_TARGET_BYTES", "SHORT_MP4_FPS", "WAV_CHANNELS", "AUDIO_QC_MAX_TRUE_PEAK_DBTP", "FLAC_CHANNELS", "FLAC_COMPRESSION_LEVEL", "SHORT_MP4_PIXEL_FORMAT", "WAV_SAMPLE_RATE", "AUDIO_QC_MAX_LOUDNESS_RANGE", "VIDEO_MP4_ENCODER", "SHORT_MP4_SCALE_H", "SHORT_MP4_VIDEO_CODEC", "IMAGE_4K_WIDTH", "IMAGE_3K_SIZE", "IMAGE_PNG_TO_JPEG_QUALITY", "IMAGE_3K_JPG_5MB_TARGET_BYTES", "AUDIO_QC_MINIMUM_ANALYSIS_SECONDS", "IMAGE_3K_JPG_1MB_TARGET_BYTES", "IMAGE_8K_JPG_2MB_TARGET_BYTES", "ALBUM_SILENCE_SECS", "SHORT_MP4_AUDIO_SAMPLE_RATE", "IMAGE_AIPIX_FILTER", "IMAGE_8K_HEIGHT", "MP3_SAMPLE_RATE", "MP3_CHANNELS", "AUDIO_QC_MAX_STEREO_IMBALANCE_DB", "MASTERING_MAX_TRUE_PEAK_DBTP", "MASTERING_MAX_LOUDNESS_RANGE", "IMAGE_JPEG_SAMPLING_FACTOR", "VIDEO_COLOR_TRANSFER", "SHORT_MP4_VIDEO_PRESET", "SHORT_MP4_VERIFY_CODEC", "IMAGE_AIPIX_SHARPNESS", "IMAGE_8K_JPG_20MB_TARGET_BYTES"]") is not equal to ("["MP3_MIN_BITRATE_BPS", "SHORT_MP4_PIXEL_FORMAT", "AUDIO_QC_MAX_TRUE_PEAK_DBTP", "IMAGE_4K_WIDTH", "VIDEO_MP4_SOFTWARE_PRESET", "VIDEO_MP4_SCALE_FILTER", "VIDEO_MP4_WIDTH", "VIDEO_COLOR_PRIMARIES", "WAV_SAMPLE_RATE", "IMAGE_8K_WIDTH", "SHORT_MP4_VERIFY_CODEC", "IMAGE_8K_HEIGHT", "AUDIO_QC_LUFS_TOLERANCE", "IMAGE_3K_SIZE", "ALBUM_SILENCE_SECS", "SHORT_MP4_VIDEO_FALLBACKS", "WAV_CODEC", "IMAGE_AIPIX_SHARPNESS", "SHORT_MP4_AUDIO_SAMPLE_RATE", "SHORT_MP4_VIDEO_CRF", "VIDEO_MP4_ENCODER", "VIDEO_COLOR_SPACE", "IMAGE_AIPIX_PNG_COMPRESSION_LEVEL", "SHORT_AUDIO_QC_TARGET_LUFS", "AUDIO_QC_MAX_STEREO_IMBALANCE_DB", "AUDIO_QC_TARGET_LUFS", "VIDEO_MP4_AUDIO_SAMPLE_RATE", "SHORT_MP4_VIDEO_CODEC", "MASTERING_MAX_TRUE_PEAK_DBTP", "VIDEO_COLOR_TRANSFER", "DURATION_TOLERANCE_SEC", "IMAGE_4K_HEIGHT", "WAV_WRITE_BEXT", "IMAGE_JPG_TO_PNG_COMPRESSION_LEVEL", "M4A_CHANNELS", "SHORT_AUDIO_QC_LUFS_TOLERANCE", "WAV_CHANNELS", "PROFILE", "SHORT_MP4_VT_QUALITY", "PREFLIGHT_SECONDS", "IMAGE_AIPIX_FILTER", "IMAGE_8K_JPG_20MB_TARGET_BYTES", "IMAGE_2K_SIZE", "FLAC_COMPRESSION_LEVEL", "M4A_SAMPLE_RATE", "FLAC_CHANNELS", "VIDEO_MP4_TAG", "AUDIO_QC_MAX_LOUDNESS_RANGE", "VIDEO_MP4_ENCODER_FALLBACKS", "MASTERING_TARGET_LUFS", "VIDEO_MP4_VT_QUALITY", "VIDEO_MP4_INPUT_FPS", "CRC_CHUNK_BYTES", "SHORT_MP4_CLIP_SECONDS", "SHORT_MP4_SCALE_W", "IMAGE_PNG_TO_JPEG_QUALITY", "MP3_CHANNELS", "VIDEO_MP4_PIXEL_FORMAT", "IMAGE_JPEG_SAMPLING_FACTOR", "AUDIO_QC_MAX_CLIPPED_SAMPLES", "SHORT_MP4_VIDEO_PRESET", "IMAGE_3K_JPG_5MB_TARGET_BYTES", "AUDIO_QC_MINIMUM_ANALYSIS_SECONDS", "WAV_FADE_DUR", "IMAGE_OUTPUT_COLORSPACE", "VIDEO_MP4_HEIGHT", "VIDEO_MP4_VERIFY_CODEC", "IMAGE_8K_JPG_2MB_TARGET_BYTES", "FLAC_SAMPLE_RATE", "AUDIO_QC_MAX_DC_OFFSET", "IMAGE_3K_JPG_1MB_TARGET_BYTES", "MP3_SAMPLE_RATE", "SHORT_MP4_SCALE_H", "IMAGE_8K_JPG_1MB_TARGET_BYTES", "MP3_BITRATE", "MASTERING_MAX_LOUDNESS_RANGE", "SHORT_MP4_FPS", "VIDEO_MP4_SOFTWARE_CRF", "VIDEO_COLOR_RANGE", "SHORT_AUDIO_QC_MAX_LOUDNESS_RANGE"]")
Test Case '-[converterTests.converterTests testEverySupportedConfigKeyIsDocumentedInRepositoryConfigWithItsDefault]' failed (0.080 seconds).
Test Suite 'converterTests' failed at 2026-09-13 23:23:49.469.
	 Executed 1 test, with 2 failures (0 unexpected) in 0.080 (0.080) seconds
Test Suite 'converterPackageTests.xctest' failed at 2026-09-13 23:23:49.469.
	 Executed 1 test, with 2 failures (0 unexpected) in 0.080 (0.080) seconds
Test Suite 'Selected tests' failed at 2026-09-13 23:23:49.469.
	 Executed 1 test, with 2 failures (0 unexpected) in 0.080 (0.081) seconds
◇ Test run started.
↳ Testing Library Version: 1902
↳ Target Platform: arm64e-apple-macos14.0
✔ Test run with 0 tests in 0 suites passed after 0.001 seconds.

# audit #0082 note: run before config.txt gained the three keys (the test alone was added).
