# before-run: API kept, but makeRawNoiseSegmentWAV seeded with Int.random again and the
# verifyNoisePaddedProgrammeAudible call removed from verifyNoisePadding (the two guarded behaviours).
[0/1] Planning build
Building for debugging...
[0/7] Write sources
[1/7] Write swift-version--58304C5D6DBC2206.txt
[3/22] Compiling converter Main.swift
[4/22] Compiling converter PipelineCore.swift
[5/23] Compiling converter VideoPipeline.swift
[6/23] Compiling converter CLI.swift
[7/23] Compiling converter Config.swift
[8/23] Compiling converter DependencyBootstrap.swift
[9/23] Compiling converter Diagnostics.swift
[10/23] Compiling converter Support.swift
[11/23] Compiling converter ValidationPipeline.swift
[12/23] Compiling converter ImagePipeline.swift
[13/23] Compiling converter LosslessAudioPipeline.swift
[14/23] Compiling converter ProcessRunner.swift
[15/23] Compiling converter QualityReporting.swift
[16/23] Emitting module converter
[17/23] Compiling converter Actions.swift
[18/23] Compiling converter AudioPipeline.swift
[18/23] Write Objects.LinkFileList
[19/23] Linking converter
[20/23] Applying converter
[22/27] Compiling converterTests IntegrationTestSupport.swift
[23/27] Compiling converterTests PipelineIntegrationTests.swift
[24/27] Compiling converterTests converterTests.swift
[25/27] Emitting module converterTests
[26/29] Compiling converterPackageTests runner.swift
[27/29] Emitting module converterPackageTests
[27/29] Write Objects.LinkFileList
[28/29] Linking converterPackageTests
Build complete! (3.83s)
Test Suite 'Selected tests' started at 2026-09-13 23:35:04.080.
Test Suite 'converterPackageTests.xctest' started at 2026-09-13 23:35:04.081.
Test Suite 'PipelineIntegrationTests' started at 2026-09-13 23:35:04.081.
Test Case '-[converterTests.PipelineIntegrationTests testNoiseOutputIsReproducibleAcrossReruns]' started.
[2026-09-13 23:35:10] [converterTests] [INFO] Created noise-padded media: repeat_flac_noise_0_5s.flac
[2026-09-13 23:35:16] [converterTests] [INFO] Created noise-padded media: repeat_flac_noise_0_5s.flac
/Users/node4/Downloads/Converter-wt/audio/Sources/Tests/converterTests/PipelineIntegrationTests.swift:1094: error: -[converterTests.PipelineIntegrationTests testNoiseOutputIsReproducibleAcrossReruns] : XCTAssertEqual failed: ("E10EFDE0") is not equal to ("731F243A") - rerun of repeat_flac.flac must be byte-identical
[2026-09-13 23:35:23] [converterTests] [INFO] Created noise-padded media: repeat_wav_noise_0_5s.wav
[2026-09-13 23:35:28] [converterTests] [INFO] Created noise-padded media: repeat_wav_noise_0_5s.wav
/Users/node4/Downloads/Converter-wt/audio/Sources/Tests/converterTests/PipelineIntegrationTests.swift:1094: error: -[converterTests.PipelineIntegrationTests testNoiseOutputIsReproducibleAcrossReruns] : XCTAssertEqual failed: ("8F484C23") is not equal to ("971059BC") - rerun of repeat_wav.wav must be byte-identical
Test Case '-[converterTests.PipelineIntegrationTests testNoiseOutputIsReproducibleAcrossReruns]' failed (24.884 seconds).
Test Case '-[converterTests.PipelineIntegrationTests testNoisePaddingVerifierRejectsSilentProgramme]' started.
/Users/node4/Downloads/Converter-wt/audio/Sources/Tests/converterTests/PipelineIntegrationTests.swift:1125: error: -[converterTests.PipelineIntegrationTests testNoisePaddingVerifierRejectsSilentProgramme] : XCTAssertThrowsError failed: did not throw an error
Test Case '-[converterTests.PipelineIntegrationTests testNoisePaddingVerifierRejectsSilentProgramme]' failed (1.928 seconds).
Test Suite 'PipelineIntegrationTests' failed at 2026-09-13 23:35:30.893.
	 Executed 2 tests, with 3 failures (0 unexpected) in 26.812 (26.812) seconds
Test Suite 'converterPackageTests.xctest' failed at 2026-09-13 23:35:30.893.
	 Executed 2 tests, with 3 failures (0 unexpected) in 26.812 (26.812) seconds
Test Suite 'Selected tests' failed at 2026-09-13 23:35:30.893.
	 Executed 2 tests, with 3 failures (0 unexpected) in 26.812 (26.813) seconds
◇ Test run started.
↳ Testing Library Version: 1902
↳ Target Platform: arm64e-apple-macos14.0
✔ Test run with 0 tests in 0 suites passed after 0.001 seconds.
