Building for debugging...
[1 / 1]
[2 / 8] converterTests-product
[4 / 10] converterTests-product
[8 / 12] converterTests-product
[10 / 12] converterTests-product
Build complete! (2.37 sec)
Test Suite 'Selected tests' started at 2026-09-15 19:56:39.137.
Test Suite 'converterTests.xctest' started at 2026-09-15 19:56:39.138.
Test Suite 'PipelineIntegrationTests' started at 2026-09-15 19:56:39.138.
Test Case '-[converterTests.PipelineIntegrationTests testAIPixRefusesToOverwriteItsOwnSource]' started.
Test Case '-[converterTests.PipelineIntegrationTests testAIPixRefusesToOverwriteItsOwnSource]' passed (0.242 seconds).
Test Case '-[converterTests.PipelineIntegrationTests testJPGToPNGIntermediateIsRunScopedAndCleanedUp]' started.
Test Case '-[converterTests.PipelineIntegrationTests testJPGToPNGIntermediateIsRunScopedAndCleanedUp]' passed (0.418 seconds).
Test Case '-[converterTests.PipelineIntegrationTests testRunPixIgnoresPortraitShortStillCompanions]' started.
Test Case '-[converterTests.PipelineIntegrationTests testRunPixIgnoresPortraitShortStillCompanions]' passed (0.351 seconds).
Test Suite 'PipelineIntegrationTests' passed at 2026-09-15 19:56:40.149.
	 Executed 3 tests, with 0 failures (0 unexpected) in 1.011 (1.012) seconds
Test Suite 'converterTests.xctest' passed at 2026-09-15 19:56:40.149.
	 Executed 3 tests, with 0 failures (0 unexpected) in 1.011 (1.012) seconds
Test Suite 'Selected tests' passed at 2026-09-15 19:56:40.149.
	 Executed 3 tests, with 0 failures (0 unexpected) in 1.011 (1.012) seconds
