Building for debugging...
[2 / 8] converterTests-product
[6 / 12] converterTests-product
[10 / 14] converterTests-product
[12 / 14] converterTests-product
Build complete! (2.64 sec)
Test Suite 'Selected tests' started at 2026-09-15 19:56:01.724.
Test Suite 'converterTests.xctest' started at 2026-09-15 19:56:01.725.
Test Suite 'PipelineIntegrationTests' started at 2026-09-15 19:56:01.725.
Test Case '-[converterTests.PipelineIntegrationTests testAIPixRefusesToOverwriteItsOwnSource]' started.
[2026-09-15 19:56:02] [converterTests] [INFO] Created 8K PNG: Master_8K.png
[2026-09-15 19:56:02] [converterTests] [INFO] Created 4K PNG: Master_4K.png
/Users/node4/Downloads/Converter/Converter/Sources/Tests/converterTests/PipelineIntegrationTests.swift:2374: error: -[converterTests.PipelineIntegrationTests testAIPixRefusesToOverwriteItsOwnSource] : XCTAssertThrowsError failed: did not throw an error
/Users/node4/Downloads/Converter/Converter/Sources/Tests/converterTests/PipelineIntegrationTests.swift:2380: error: -[converterTests.PipelineIntegrationTests testAIPixRefusesToOverwriteItsOwnSource] : XCTAssertEqual failed: ("2781 bytes") is not equal to ("3302 bytes") - the source artwork must be untouched
Test Case '-[converterTests.PipelineIntegrationTests testAIPixRefusesToOverwriteItsOwnSource]' failed (0.794 seconds).
Test Case '-[converterTests.PipelineIntegrationTests testRunPixIgnoresPortraitShortStillCompanions]' started.
/Users/node4/Downloads/Converter/Converter/Sources/converter/CLI.swift:321: error: -[converterTests.PipelineIntegrationTests testRunPixIgnoresPortraitShortStillCompanions] : failed: caught error: "Unknown option '-runpix'. Run converter -help for the list of actions and options."
Test Case '-[converterTests.PipelineIntegrationTests testRunPixIgnoresPortraitShortStillCompanions]' failed (0.351 seconds).
Test Suite 'PipelineIntegrationTests' failed at 2026-09-15 19:56:02.870.
	 Executed 2 tests, with 3 failures (1 unexpected) in 1.144 (1.145) seconds
Test Suite 'converterTests.xctest' failed at 2026-09-15 19:56:02.870.
	 Executed 2 tests, with 3 failures (1 unexpected) in 1.144 (1.145) seconds
Test Suite 'Selected tests' failed at 2026-09-15 19:56:02.870.
	 Executed 2 tests, with 3 failures (1 unexpected) in 1.144 (1.145) seconds
Note: Some test targets reported failures:
  - converterTests (XCTest)
