Building for debugging...
[2 / 7] converterTests-product
[2 / 8] converterTests-product
[4 / 10] converterTests-product
[7 / 11] converterTests-product
[9 / 11] converterTests-product
Build complete! (2.35 sec)
Test Suite 'Selected tests' started at 2026-09-15 19:56:11.215.
Test Suite 'converterTests.xctest' started at 2026-09-15 19:56:11.216.
Test Suite 'PipelineIntegrationTests' started at 2026-09-15 19:56:11.216.
Test Case '-[converterTests.PipelineIntegrationTests testRunPixIgnoresPortraitShortStillCompanions]' started.
/Users/node4/Downloads/Converter/Converter/Sources/Tests/converterTests/PipelineIntegrationTests.swift:2397: error: -[converterTests.PipelineIntegrationTests testRunPixIgnoresPortraitShortStillCompanions] : XCTAssertEqual failed: ("["1.png", "1_Short_8K_1MB.jpg", "1_Short_8K_2MB.jpg"]") is not equal to ("["1.png"]")
Test Case '-[converterTests.PipelineIntegrationTests testRunPixIgnoresPortraitShortStillCompanions]' failed (0.432 seconds).
Test Suite 'PipelineIntegrationTests' failed at 2026-09-15 19:56:11.648.
	 Executed 1 test, with 1 failure (0 unexpected) in 0.432 (0.432) seconds
Test Suite 'converterTests.xctest' failed at 2026-09-15 19:56:11.648.
	 Executed 1 test, with 1 failure (0 unexpected) in 0.432 (0.432) seconds
Test Suite 'Selected tests' failed at 2026-09-15 19:56:11.648.
	 Executed 1 test, with 1 failure (0 unexpected) in 0.432 (0.433) seconds
Note: Some test targets reported failures:
  - converterTests (XCTest)
