Building for debugging...
[Planning deferred tasks]
[6 / 27] converter
[15 / 45] converter-product
[19 / 45] converter-product
[20 / 45] converter-product
[24 / 47] converter
[26 / 49] converter
[28 / 49] converter
[29 / 47] converter
[29 / 47] converter-product
[31 / 47] converter-product
[33 / 48] converter
[37 / 48] converterTests-product
[43 / 54] converterTests-product
[47 / 53] converterTests-product
[49 / 53] converterTests-product
Build complete! (6.29 sec)
Test Suite 'Selected tests' started at 2026-09-15 20:21:24.487.
Test Suite 'converterTests.xctest' started at 2026-09-15 20:21:24.488.
Test Suite 'TempBeforeProbe' started at 2026-09-15 20:21:24.488.
Test Case '-[converterTests.TempBeforeProbe testBeforeProbe]' started.
/Users/node4/Downloads/Converter/Converter/Sources/Tests/converterTests/TempBeforeProbe.swift:14: error: -[converterTests.TempBeforeProbe testBeforeProbe] : XCTAssertThrowsError failed: did not throw an error - negative sleep accepted
/Users/node4/Downloads/Converter/Converter/Sources/Tests/converterTests/TempBeforeProbe.swift:15: error: -[converterTests.TempBeforeProbe testBeforeProbe] : XCTAssertThrowsError failed: did not throw an error - huge sleep accepted
/Users/node4/Downloads/Converter/Converter/Sources/Tests/converterTests/TempBeforeProbe.swift:17: error: -[converterTests.TempBeforeProbe testBeforeProbe] : XCTAssertThrowsError failed: did not throw an error - num-dots accepted for -full
/Users/node4/Downloads/Converter/Converter/Sources/Tests/converterTests/TempBeforeProbe.swift:18: error: -[converterTests.TempBeforeProbe testBeforeProbe] : XCTAssertThrowsError failed: did not throw an error - --open accepted for -full
/Users/node4/Downloads/Converter/Converter/Sources/Tests/converterTests/TempBeforeProbe.swift:19: error: -[converterTests.TempBeforeProbe testBeforeProbe] : XCTAssertThrowsError failed: did not throw an error - two positionals accepted
/Users/node4/Downloads/Converter/Converter/Sources/Tests/converterTests/TempBeforeProbe.swift:20: error: -[converterTests.TempBeforeProbe testBeforeProbe] : XCTAssertThrowsError failed: did not throw an error - positional plus option accepted
/Users/node4/Downloads/Converter/Converter/Sources/Tests/converterTests/TempBeforeProbe.swift:21: error: -[converterTests.TempBeforeProbe testBeforeProbe] : XCTAssertThrowsError failed: did not throw an error - unbounded dots accepted
/Users/node4/Downloads/Converter/Converter/Sources/Tests/converterTests/TempBeforeProbe.swift:36: error: -[converterTests.TempBeforeProbe testBeforeProbe] : XCTAssertThrowsError failed: did not throw an error - graph splice accepted
/Users/node4/Downloads/Converter/Converter/Sources/Tests/converterTests/TempBeforeProbe.swift:37: error: -[converterTests.TempBeforeProbe testBeforeProbe] : XCTAssertThrowsError failed: did not throw an error - infinite fps accepted
/Users/node4/Downloads/Converter/Converter/Sources/Tests/converterTests/TempBeforeProbe.swift:38: error: -[converterTests.TempBeforeProbe testBeforeProbe] : XCTAssertThrowsError failed: did not throw an error - over-long clip accepted
/Users/node4/Downloads/Converter/Converter/Sources/Tests/converterTests/TempBeforeProbe.swift:44: error: -[converterTests.TempBeforeProbe testBeforeProbe] : XCTAssertThrowsError failed: did not throw an error - missing explicit config accepted
Test Case '-[converterTests.TempBeforeProbe testBeforeProbe]' failed (0.098 seconds).
Test Suite 'TempBeforeProbe' failed at 2026-09-15 20:21:24.586.
	 Executed 1 test, with 11 failures (0 unexpected) in 0.098 (0.098) seconds
Test Suite 'converterTests.xctest' failed at 2026-09-15 20:21:24.586.
	 Executed 1 test, with 11 failures (0 unexpected) in 0.098 (0.098) seconds
Test Suite 'Selected tests' failed at 2026-09-15 20:21:24.586.
	 Executed 1 test, with 11 failures (0 unexpected) in 0.098 (0.099) seconds
Note: Some test targets reported failures:
  - converterTests (XCTest)
